Build started 5/22/2025 4:19:02 PM.
     1>Project "E:\RANSource\_2k10_RanSource\RanSDK\OggVorbis\Source\libvorbis_static.vcxproj" on node 6 (rebuild target(s)).
     1>InitializeBuildStatus:
         Creating "E:\RANSource\_2k10_RanSource\RanSDK\_Build\Release\libvorbis_static\libvorbis_static.unsuccessfulbuild" because "AlwaysCreate" was specified.
       ClCompile:
         C:\Program Files (x86)\Microsoft Visual Studio 10.0\VC\bin\CL.exe /c /I..\include /Z7 /nologo /W4 /WX- /Ox /Ob2 /Oi /Ot /Oy- /D _CRT_SECURE_NO_DEPRECATE /D _CRT_NONSTDC_NO_DEPRECATE /D WIN32 /D NDEBUG /D _WINDOWS /D _USRDLL /D LIBVORBIS_EXPORTS /D _CRT_NONSTDC_NO_DEPRECATE /D _CRT_SECURE_NO_DEPRECATE /D _CRT_NONSTDC_NO_WARNINGS /D _UNICODE /D UNICODE /GF /Gm- /MT /GS- /fp:precise /Zc:wchar_t /Zc:forScope /Fo"E:\RANSource\_2k10_RanSource\RanSDK\_Build\Release\libvorbis_static\\" /Fd"E:\RANSource\_2k10_RanSource\RanSDK\_Build\Release\libvorbis_static\vc100.pdb" /Gd /TC /wd4244 /wd4100 /wd4267 /wd4189 /wd4305 /wd4127 /wd4706 /analyze- /errorReport:prompt lib\analysis.c lib\bitrate.c lib\block.c lib\codebook.c lib\envelope.c lib\floor0.c lib\floor1.c lib\info.c lib\lookup.c lib\lpc.c lib\lsp.c lib\mapping0.c lib\mdct.c lib\psy.c lib\registry.c lib\res0.c lib\sharedbook.c lib\smallft.c lib\synthesis.c lib\vorbisenc.c lib\window.c
         analysis.c
         bitrate.c
         block.c
         codebook.c
         envelope.c
         floor0.c
         floor1.c
         info.c
         lookup.c
         lpc.c
         lsp.c
         mapping0.c
         mdct.c
         psy.c
         registry.c
         res0.c
         sharedbook.c
         smallft.c
         synthesis.c
         vorbisenc.c
         Generating Code...
         Compiling...
         window.c
         Generating Code...
       Lib:
         C:\Program Files (x86)\Microsoft Visual Studio 10.0\VC\bin\Lib.exe /OUT:"E:\RANSource\_2k10_RanSource\RanSDK\_Lib\Release\libvorbis_static.lib" /NOLOGO E:\RANSource\_2k10_RanSource\RanSDK\_Build\Release\libvorbis_static\analysis.obj
         E:\RANSource\_2k10_RanSource\RanSDK\_Build\Release\libvorbis_static\bitrate.obj
         E:\RANSource\_2k10_RanSource\RanSDK\_Build\Release\libvorbis_static\block.obj
         E:\RANSource\_2k10_RanSource\RanSDK\_Build\Release\libvorbis_static\codebook.obj
         E:\RANSource\_2k10_RanSource\RanSDK\_Build\Release\libvorbis_static\envelope.obj
         E:\RANSource\_2k10_RanSource\RanSDK\_Build\Release\libvorbis_static\floor0.obj
         E:\RANSource\_2k10_RanSource\RanSDK\_Build\Release\libvorbis_static\floor1.obj
         E:\RANSource\_2k10_RanSource\RanSDK\_Build\Release\libvorbis_static\info.obj
         E:\RANSource\_2k10_RanSource\RanSDK\_Build\Release\libvorbis_static\lookup.obj
         E:\RANSource\_2k10_RanSource\RanSDK\_Build\Release\libvorbis_static\lpc.obj
         E:\RANSource\_2k10_RanSource\RanSDK\_Build\Release\libvorbis_static\lsp.obj
         E:\RANSource\_2k10_RanSource\RanSDK\_Build\Release\libvorbis_static\mapping0.obj
         E:\RANSource\_2k10_RanSource\RanSDK\_Build\Release\libvorbis_static\mdct.obj
         E:\RANSource\_2k10_RanSource\RanSDK\_Build\Release\libvorbis_static\psy.obj
         E:\RANSource\_2k10_RanSource\RanSDK\_Build\Release\libvorbis_static\registry.obj
         E:\RANSource\_2k10_RanSource\RanSDK\_Build\Release\libvorbis_static\res0.obj
         E:\RANSource\_2k10_RanSource\RanSDK\_Build\Release\libvorbis_static\sharedbook.obj
         E:\RANSource\_2k10_RanSource\RanSDK\_Build\Release\libvorbis_static\smallft.obj
         E:\RANSource\_2k10_RanSource\RanSDK\_Build\Release\libvorbis_static\synthesis.obj
         E:\RANSource\_2k10_RanSource\RanSDK\_Build\Release\libvorbis_static\vorbisenc.obj
         E:\RANSource\_2k10_RanSource\RanSDK\_Build\Release\libvorbis_static\window.obj
         libvorbis_static.vcxproj -> E:\RANSource\_2k10_RanSource\RanSDK\_Lib\Release\libvorbis_static.lib
       FinalizeBuildStatus:
         Deleting file "E:\RANSource\_2k10_RanSource\RanSDK\_Build\Release\libvorbis_static\libvorbis_static.unsuccessfulbuild".
         Touching "E:\RANSource\_2k10_RanSource\RanSDK\_Build\Release\libvorbis_static\libvorbis_static.lastbuildstate".
     1>Done Building Project "E:\RANSource\_2k10_RanSource\RanSDK\OggVorbis\Source\libvorbis_static.vcxproj" (rebuild target(s)).

Build succeeded.

Time Elapsed 00:00:09.30
