Build started 5/22/2025 4:18:59 PM.
     1>Project "E:\RANSource\_2k10_RanSource\RanSDK\CryptoPP\CryptoPP\cryptlib.vcxproj" on node 4 (rebuild target(s)).
     1>InitializeBuildStatus:
         Creating "E:\RANSource\_2k10_RanSource\RanSDK\_Build\Release\cryptlib\cryptlib.unsuccessfulbuild" because "AlwaysCreate" was specified.
       CustomBuild:
         Performing Custom Build Tools
       ClCompile:
         C:\Program Files (x86)\Microsoft Visual Studio 10.0\VC\bin\CL.exe /c /Zi /nologo /W3 /WX- /O2 /Oy /D WIN32 /D _WINDOWS /D NDEBUG /D _LIB /D USE_PRECOMPILED_HEADERS /D _CRT_NONSTDC_NO_DEPRECATE /D _CRT_SECURE_NO_DEPRECATE /D _CRT_NONSTDC_NO_WARNINGS /D _MBCS /GF /Gm- /EHsc /MT /GS- /Gy- /fp:precise /Zc:wchar_t /Zc:forScope /openmp /Yc"pch.h" /Fp"E:\RANSource\_2k10_RanSource\RanSDK\_Build\Release\cryptlib\cryptlib.pch" /Fo"E:\RANSource\_2k10_RanSource\RanSDK\_Build\Release\cryptlib\\" /Fd"E:\RANSource\_2k10_RanSource\RanSDK\_Build\Release\cryptlib\vc100.pdb" /Gd /TP /analyze- /errorReport:prompt pch.cpp
         pch.cpp
         C:\Program Files (x86)\Microsoft Visual Studio 10.0\VC\bin\CL.exe /c /Zi /nologo /W3 /WX- /O2 /Oy /D WIN32 /D _WINDOWS /D NDEBUG /D _LIB /D USE_PRECOMPILED_HEADERS /D _CRT_NONSTDC_NO_DEPRECATE /D _CRT_SECURE_NO_DEPRECATE /D _CRT_NONSTDC_NO_WARNINGS /D _MBCS /GF /Gm- /EHsc /MT /GS- /Gy- /fp:precise /Zc:wchar_t /Zc:forScope /openmp /Yu"pch.h" /Fp"E:\RANSource\_2k10_RanSource\RanSDK\_Build\Release\cryptlib\cryptlib.pch" /Fo"E:\RANSource\_2k10_RanSource\RanSDK\_Build\Release\cryptlib\\" /Fd"E:\RANSource\_2k10_RanSource\RanSDK\_Build\Release\cryptlib\vc100.pdb" /Gd /TP /analyze- /errorReport:prompt 3way.cpp adler32.cpp algebra.cpp algparam.cpp arc4.cpp asn.cpp authenc.cpp base32.cpp base64.cpp basecode.cpp bfinit.cpp blowfish.cpp blumshub.cpp camellia.cpp cast.cpp casts.cpp cbcmac.cpp ccm.cpp channels.cpp cmac.cpp cpu.cpp crc.cpp cryptlib.cpp default.cpp des.cpp dessp.cpp dh.cpp dh2.cpp dsa.cpp eax.cpp ec2n.cpp ecp.cpp elgamal.cpp emsa2.cpp esign.cpp files.cpp filters.cpp fips140.cpp fipstest.cpp gcm.cpp gf256.cpp gf2_32.cpp gf2n.cpp gfpcrypt.cpp gost.cpp gzip.cpp hex.cpp hmac.cpp hrtimer.cpp ida.cpp idea.cpp integer.cpp luc.cpp mars.cpp marss.cpp md2.cpp md4.cpp md5.cpp misc.cpp modes.cpp mqueue.cpp mqv.cpp nbtheory.cpp network.cpp oaep.cpp osrng.cpp panama.cpp pkcspad.cpp polynomi.cpp pssr.cpp pubkey.cpp queue.cpp rabin.cpp randpool.cpp rc2.cpp rc5.cpp rc6.cpp rdtables.cpp rijndael.cpp ripemd.cpp rng.cpp rsa.cpp rw.cpp safer.cpp salsa.cpp seal.cpp seed.cpp serpent.cpp sha.cpp shacal2.cpp shark.cpp sharkbox.cpp simple.cpp skipjack.cpp socketft.cpp sosemanuk.cpp square.cpp squaretb.cpp strciphr.cpp tea.cpp tftables.cpp tiger.cpp tigertab.cpp trdlocal.cpp ttmac.cpp twofish.cpp vmac.cpp wait.cpp wake.cpp whrlpool.cpp winpipes.cpp xtr.cpp xtrcrypt.cpp zdeflate.cpp zinflate.cpp zlib.cpp
         3way.cpp
         adler32.cpp
         algebra.cpp
         algparam.cpp
         arc4.cpp
         asn.cpp
         authenc.cpp
         base32.cpp
         base64.cpp
         basecode.cpp
         bfinit.cpp
         blowfish.cpp
         blumshub.cpp
         camellia.cpp
         cast.cpp
         casts.cpp
         cbcmac.cpp
         ccm.cpp
         channels.cpp
         cmac.cpp
         Generating Code...
         Compiling...
         cpu.cpp
         crc.cpp
         cryptlib.cpp
         default.cpp
         des.cpp
         dessp.cpp
         dh.cpp
         dh2.cpp
         dsa.cpp
         eax.cpp
         ec2n.cpp
         ecp.cpp
         elgamal.cpp
         emsa2.cpp
         esign.cpp
         files.cpp
         filters.cpp
         fips140.cpp
         fipstest.cpp
         gcm.cpp
         Generating Code...
         Compiling...
         gf256.cpp
         gf2_32.cpp
         gf2n.cpp
         gfpcrypt.cpp
         gost.cpp
         gzip.cpp
         hex.cpp
         hmac.cpp
         hrtimer.cpp
         ida.cpp
         idea.cpp
         integer.cpp
         luc.cpp
         mars.cpp
         marss.cpp
         md2.cpp
         md4.cpp
         md5.cpp
         misc.cpp
         modes.cpp
         Generating Code...
         Compiling...
         mqueue.cpp
         mqv.cpp
         nbtheory.cpp
         network.cpp
         oaep.cpp
         osrng.cpp
         panama.cpp
         pkcspad.cpp
         polynomi.cpp
         pssr.cpp
         pubkey.cpp
         queue.cpp
         rabin.cpp
         randpool.cpp
         rc2.cpp
         rc5.cpp
         rc6.cpp
         rdtables.cpp
         rijndael.cpp
         ripemd.cpp
         Generating Code...
         Compiling...
         rng.cpp
         rsa.cpp
         rw.cpp
         safer.cpp
         salsa.cpp
         seal.cpp
         seed.cpp
         serpent.cpp
         sha.cpp
         shacal2.cpp
         shark.cpp
         sharkbox.cpp
         simple.cpp
         skipjack.cpp
         socketft.cpp
         sosemanuk.cpp
         square.cpp
         squaretb.cpp
         strciphr.cpp
         tea.cpp
         Generating Code...
         Compiling...
         tftables.cpp
         tiger.cpp
         tigertab.cpp
         trdlocal.cpp
         ttmac.cpp
         twofish.cpp
         vmac.cpp
         wait.cpp
         wake.cpp
         whrlpool.cpp
         winpipes.cpp
         xtr.cpp
         xtrcrypt.cpp
         zdeflate.cpp
         zinflate.cpp
         zlib.cpp
         Generating Code...
         C:\Program Files (x86)\Microsoft Visual Studio 10.0\VC\bin\CL.exe /c /Zi /nologo /W3 /WX- /O2 /Oy /D WIN32 /D _WINDOWS /D NDEBUG /D _LIB /D USE_PRECOMPILED_HEADERS /D _CRT_NONSTDC_NO_DEPRECATE /D _CRT_SECURE_NO_DEPRECATE /D _CRT_NONSTDC_NO_WARNINGS /D _MBCS /GF /Gm- /EHsc /MT /GS- /Gy- /fp:precise /Zc:wchar_t /Zc:forScope /openmp /Fo"E:\RANSource\_2k10_RanSource\RanSDK\_Build\Release\cryptlib\\" /Fd"E:\RANSource\_2k10_RanSource\RanSDK\_Build\Release\cryptlib\vc100.pdb" /Gd /TP /analyze- /errorReport:prompt dll.cpp iterhash.cpp
         dll.cpp
         iterhash.cpp
         Generating Code...
       Lib:
         C:\Program Files (x86)\Microsoft Visual Studio 10.0\VC\bin\Lib.exe /OUT:"E:\RANSource\_2k10_RanSource\RanSDK\_Lib\Release\cryptlib.lib" /NOLOGO E:\RANSource\_2k10_RanSource\RanSDK\_Build\Release\cryptlib\3way.obj
         E:\RANSource\_2k10_RanSource\RanSDK\_Build\Release\cryptlib\adler32.obj
         E:\RANSource\_2k10_RanSource\RanSDK\_Build\Release\cryptlib\algebra.obj
         E:\RANSource\_2k10_RanSource\RanSDK\_Build\Release\cryptlib\algparam.obj
         E:\RANSource\_2k10_RanSource\RanSDK\_Build\Release\cryptlib\arc4.obj
         E:\RANSource\_2k10_RanSource\RanSDK\_Build\Release\cryptlib\asn.obj
         E:\RANSource\_2k10_RanSource\RanSDK\_Build\Release\cryptlib\authenc.obj
         E:\RANSource\_2k10_RanSource\RanSDK\_Build\Release\cryptlib\base32.obj
         E:\RANSource\_2k10_RanSource\RanSDK\_Build\Release\cryptlib\base64.obj
         E:\RANSource\_2k10_RanSource\RanSDK\_Build\Release\cryptlib\basecode.obj
         E:\RANSource\_2k10_RanSource\RanSDK\_Build\Release\cryptlib\bfinit.obj
         E:\RANSource\_2k10_RanSource\RanSDK\_Build\Release\cryptlib\blowfish.obj
         E:\RANSource\_2k10_RanSource\RanSDK\_Build\Release\cryptlib\blumshub.obj
         E:\RANSource\_2k10_RanSource\RanSDK\_Build\Release\cryptlib\camellia.obj
         E:\RANSource\_2k10_RanSource\RanSDK\_Build\Release\cryptlib\cast.obj
         E:\RANSource\_2k10_RanSource\RanSDK\_Build\Release\cryptlib\casts.obj
         E:\RANSource\_2k10_RanSource\RanSDK\_Build\Release\cryptlib\cbcmac.obj
         E:\RANSource\_2k10_RanSource\RanSDK\_Build\Release\cryptlib\ccm.obj
         E:\RANSource\_2k10_RanSource\RanSDK\_Build\Release\cryptlib\channels.obj
         E:\RANSource\_2k10_RanSource\RanSDK\_Build\Release\cryptlib\cmac.obj
         E:\RANSource\_2k10_RanSource\RanSDK\_Build\Release\cryptlib\cpu.obj
         E:\RANSource\_2k10_RanSource\RanSDK\_Build\Release\cryptlib\crc.obj
         E:\RANSource\_2k10_RanSource\RanSDK\_Build\Release\cryptlib\cryptlib.obj
         E:\RANSource\_2k10_RanSource\RanSDK\_Build\Release\cryptlib\default.obj
         E:\RANSource\_2k10_RanSource\RanSDK\_Build\Release\cryptlib\des.obj
         E:\RANSource\_2k10_RanSource\RanSDK\_Build\Release\cryptlib\dessp.obj
         E:\RANSource\_2k10_RanSource\RanSDK\_Build\Release\cryptlib\dh.obj
         E:\RANSource\_2k10_RanSource\RanSDK\_Build\Release\cryptlib\dh2.obj
         E:\RANSource\_2k10_RanSource\RanSDK\_Build\Release\cryptlib\dll.obj
         E:\RANSource\_2k10_RanSource\RanSDK\_Build\Release\cryptlib\dsa.obj
         E:\RANSource\_2k10_RanSource\RanSDK\_Build\Release\cryptlib\eax.obj
         E:\RANSource\_2k10_RanSource\RanSDK\_Build\Release\cryptlib\ec2n.obj
         E:\RANSource\_2k10_RanSource\RanSDK\_Build\Release\cryptlib\ecp.obj
         E:\RANSource\_2k10_RanSource\RanSDK\_Build\Release\cryptlib\elgamal.obj
         E:\RANSource\_2k10_RanSource\RanSDK\_Build\Release\cryptlib\emsa2.obj
         E:\RANSource\_2k10_RanSource\RanSDK\_Build\Release\cryptlib\esign.obj
         E:\RANSource\_2k10_RanSource\RanSDK\_Build\Release\cryptlib\files.obj
         E:\RANSource\_2k10_RanSource\RanSDK\_Build\Release\cryptlib\filters.obj
         E:\RANSource\_2k10_RanSource\RanSDK\_Build\Release\cryptlib\fips140.obj
         E:\RANSource\_2k10_RanSource\RanSDK\_Build\Release\cryptlib\fipstest.obj
         E:\RANSource\_2k10_RanSource\RanSDK\_Build\Release\cryptlib\gcm.obj
         E:\RANSource\_2k10_RanSource\RanSDK\_Build\Release\cryptlib\gf256.obj
         E:\RANSource\_2k10_RanSource\RanSDK\_Build\Release\cryptlib\gf2_32.obj
         E:\RANSource\_2k10_RanSource\RanSDK\_Build\Release\cryptlib\gf2n.obj
         E:\RANSource\_2k10_RanSource\RanSDK\_Build\Release\cryptlib\gfpcrypt.obj
         E:\RANSource\_2k10_RanSource\RanSDK\_Build\Release\cryptlib\gost.obj
         E:\RANSource\_2k10_RanSource\RanSDK\_Build\Release\cryptlib\gzip.obj
         E:\RANSource\_2k10_RanSource\RanSDK\_Build\Release\cryptlib\hex.obj
         E:\RANSource\_2k10_RanSource\RanSDK\_Build\Release\cryptlib\hmac.obj
         E:\RANSource\_2k10_RanSource\RanSDK\_Build\Release\cryptlib\hrtimer.obj
         E:\RANSource\_2k10_RanSource\RanSDK\_Build\Release\cryptlib\ida.obj
         E:\RANSource\_2k10_RanSource\RanSDK\_Build\Release\cryptlib\idea.obj
         E:\RANSource\_2k10_RanSource\RanSDK\_Build\Release\cryptlib\integer.obj
         E:\RANSource\_2k10_RanSource\RanSDK\_Build\Release\cryptlib\iterhash.obj
         E:\RANSource\_2k10_RanSource\RanSDK\_Build\Release\cryptlib\luc.obj
         E:\RANSource\_2k10_RanSource\RanSDK\_Build\Release\cryptlib\mars.obj
         E:\RANSource\_2k10_RanSource\RanSDK\_Build\Release\cryptlib\marss.obj
         E:\RANSource\_2k10_RanSource\RanSDK\_Build\Release\cryptlib\md2.obj
         E:\RANSource\_2k10_RanSource\RanSDK\_Build\Release\cryptlib\md4.obj
         E:\RANSource\_2k10_RanSource\RanSDK\_Build\Release\cryptlib\md5.obj
         E:\RANSource\_2k10_RanSource\RanSDK\_Build\Release\cryptlib\misc.obj
         E:\RANSource\_2k10_RanSource\RanSDK\_Build\Release\cryptlib\modes.obj
         E:\RANSource\_2k10_RanSource\RanSDK\_Build\Release\cryptlib\mqueue.obj
         E:\RANSource\_2k10_RanSource\RanSDK\_Build\Release\cryptlib\mqv.obj
         E:\RANSource\_2k10_RanSource\RanSDK\_Build\Release\cryptlib\nbtheory.obj
         E:\RANSource\_2k10_RanSource\RanSDK\_Build\Release\cryptlib\network.obj
         E:\RANSource\_2k10_RanSource\RanSDK\_Build\Release\cryptlib\oaep.obj
         E:\RANSource\_2k10_RanSource\RanSDK\_Build\Release\cryptlib\osrng.obj
         E:\RANSource\_2k10_RanSource\RanSDK\_Build\Release\cryptlib\panama.obj
         E:\RANSource\_2k10_RanSource\RanSDK\_Build\Release\cryptlib\pkcspad.obj
         E:\RANSource\_2k10_RanSource\RanSDK\_Build\Release\cryptlib\polynomi.obj
         E:\RANSource\_2k10_RanSource\RanSDK\_Build\Release\cryptlib\pssr.obj
         E:\RANSource\_2k10_RanSource\RanSDK\_Build\Release\cryptlib\pubkey.obj
         E:\RANSource\_2k10_RanSource\RanSDK\_Build\Release\cryptlib\queue.obj
         E:\RANSource\_2k10_RanSource\RanSDK\_Build\Release\cryptlib\rabin.obj
         E:\RANSource\_2k10_RanSource\RanSDK\_Build\Release\cryptlib\randpool.obj
         E:\RANSource\_2k10_RanSource\RanSDK\_Build\Release\cryptlib\rc2.obj
         E:\RANSource\_2k10_RanSource\RanSDK\_Build\Release\cryptlib\rc5.obj
         E:\RANSource\_2k10_RanSource\RanSDK\_Build\Release\cryptlib\rc6.obj
         E:\RANSource\_2k10_RanSource\RanSDK\_Build\Release\cryptlib\rdtables.obj
         E:\RANSource\_2k10_RanSource\RanSDK\_Build\Release\cryptlib\rijndael.obj
         E:\RANSource\_2k10_RanSource\RanSDK\_Build\Release\cryptlib\ripemd.obj
         E:\RANSource\_2k10_RanSource\RanSDK\_Build\Release\cryptlib\rng.obj
         E:\RANSource\_2k10_RanSource\RanSDK\_Build\Release\cryptlib\rsa.obj
         E:\RANSource\_2k10_RanSource\RanSDK\_Build\Release\cryptlib\rw.obj
         E:\RANSource\_2k10_RanSource\RanSDK\_Build\Release\cryptlib\safer.obj
         E:\RANSource\_2k10_RanSource\RanSDK\_Build\Release\cryptlib\salsa.obj
         E:\RANSource\_2k10_RanSource\RanSDK\_Build\Release\cryptlib\seal.obj
         E:\RANSource\_2k10_RanSource\RanSDK\_Build\Release\cryptlib\seed.obj
         E:\RANSource\_2k10_RanSource\RanSDK\_Build\Release\cryptlib\serpent.obj
         E:\RANSource\_2k10_RanSource\RanSDK\_Build\Release\cryptlib\sha.obj
         E:\RANSource\_2k10_RanSource\RanSDK\_Build\Release\cryptlib\shacal2.obj
         E:\RANSource\_2k10_RanSource\RanSDK\_Build\Release\cryptlib\shark.obj
         E:\RANSource\_2k10_RanSource\RanSDK\_Build\Release\cryptlib\sharkbox.obj
         E:\RANSource\_2k10_RanSource\RanSDK\_Build\Release\cryptlib\simple.obj
         E:\RANSource\_2k10_RanSource\RanSDK\_Build\Release\cryptlib\skipjack.obj
         E:\RANSource\_2k10_RanSource\RanSDK\_Build\Release\cryptlib\socketft.obj
         E:\RANSource\_2k10_RanSource\RanSDK\_Build\Release\cryptlib\sosemanuk.obj
         E:\RANSource\_2k10_RanSource\RanSDK\_Build\Release\cryptlib\square.obj
         E:\RANSource\_2k10_RanSource\RanSDK\_Build\Release\cryptlib\squaretb.obj
         E:\RANSource\_2k10_RanSource\RanSDK\_Build\Release\cryptlib\strciphr.obj
         E:\RANSource\_2k10_RanSource\RanSDK\_Build\Release\cryptlib\tea.obj
         E:\RANSource\_2k10_RanSource\RanSDK\_Build\Release\cryptlib\tftables.obj
         E:\RANSource\_2k10_RanSource\RanSDK\_Build\Release\cryptlib\tiger.obj
         E:\RANSource\_2k10_RanSource\RanSDK\_Build\Release\cryptlib\tigertab.obj
         E:\RANSource\_2k10_RanSource\RanSDK\_Build\Release\cryptlib\trdlocal.obj
         E:\RANSource\_2k10_RanSource\RanSDK\_Build\Release\cryptlib\ttmac.obj
         E:\RANSource\_2k10_RanSource\RanSDK\_Build\Release\cryptlib\twofish.obj
         E:\RANSource\_2k10_RanSource\RanSDK\_Build\Release\cryptlib\vmac.obj
         E:\RANSource\_2k10_RanSource\RanSDK\_Build\Release\cryptlib\wait.obj
         E:\RANSource\_2k10_RanSource\RanSDK\_Build\Release\cryptlib\wake.obj
         E:\RANSource\_2k10_RanSource\RanSDK\_Build\Release\cryptlib\whrlpool.obj
         E:\RANSource\_2k10_RanSource\RanSDK\_Build\Release\cryptlib\winpipes.obj
         E:\RANSource\_2k10_RanSource\RanSDK\_Build\Release\cryptlib\xtr.obj
         E:\RANSource\_2k10_RanSource\RanSDK\_Build\Release\cryptlib\xtrcrypt.obj
         E:\RANSource\_2k10_RanSource\RanSDK\_Build\Release\cryptlib\zdeflate.obj
         E:\RANSource\_2k10_RanSource\RanSDK\_Build\Release\cryptlib\zinflate.obj
         E:\RANSource\_2k10_RanSource\RanSDK\_Build\Release\cryptlib\zlib.obj
         E:\RANSource\_2k10_RanSource\RanSDK\_Build\Release\cryptlib\pch.obj
         cryptlib.vcxproj -> E:\RANSource\_2k10_RanSource\RanSDK\_Lib\Release\cryptlib.lib
       FinalizeBuildStatus:
         Deleting file "E:\RANSource\_2k10_RanSource\RanSDK\_Build\Release\cryptlib\cryptlib.unsuccessfulbuild".
         Touching "E:\RANSource\_2k10_RanSource\RanSDK\_Build\Release\cryptlib\cryptlib.lastbuildstate".
     1>Done Building Project "E:\RANSource\_2k10_RanSource\RanSDK\CryptoPP\CryptoPP\cryptlib.vcxproj" (rebuild target(s)).

Build succeeded.

Time Elapsed 00:00:36.25
