  stdafx.cpp
  AboutDlg.cpp
  DescribeErrorDlg.cpp
  MachineInfoDlg.cpp
  MachineStateDlg.cpp
  MainDlg.cpp
  PreviewDlg.cpp
  SendMailDlg.cpp
  SimpleDlg.cpp
  TransferProgressDlg.cpp
  WaitDlg.cpp
  ColHelper.cpp
  StrHolder.cpp
  AnimProgressBar.cpp
  HexView.cpp
  HyperLink.cpp
  ImageView.cpp
  LayoutManager.cpp
  Splitter.cpp
  TextView.cpp
  WaitCursor.cpp
  Generating Code...
  Compiling...
  CMapi.cpp
  EnumProcess.cpp
  InMemLogFile.cpp
  LogFile.cpp
  LogStream.cpp
  ModuleImportTable.cpp
  NetThunks.cpp
  SymEngine.cpp
  SymEngineNet.cpp
  TextLogFile.cpp
  ThemeXP.cpp
  XmlLogFile.cpp
  BugTrap.cpp
  BugTrapNet.cpp
  BugTrapUI.cpp
  BugTrapUtils.cpp
  ResManager.cpp
  AssemblyInfo.cpp
  Globals.cpp
  Encoding.cpp
  Generating Code...
  Compiling...
  TextFormat.cpp
  XmlReader.cpp
  XmlWriter.cpp
  FileStream.cpp
  InputStream.cpp
  MemStream.cpp
  OutputStream.cpp
  StrStream.cpp
  Generating Code...
     Creating library D:\MyRan_Community\Source_Classic\_RanSDK\_Bin\Release\BugTrap.lib and object D:\MyRan_Community\Source_Classic\_RanSDK\_Bin\Release\BugTrap.exp
  BugTrap.vcxproj -> D:\MyRan_Community\Source_Classic\_RanSDK\_Bin\Release\BugTrap.dll
