Build started 5/22/2025 4:19:19 PM.
     1>Project "E:\RANSource\_2k10_RanSource\RanSDK\TBB\build\vs2010\tbbmalloc.vcxproj" on node 4 (rebuild target(s)).
     1>InitializeBuildStatus:
         Creating "E:\RANSource\_2k10_RanSource\RanSDK\_Build\Release\tbbmalloc\tbbmalloc.unsuccessfulbuild" because "AlwaysCreate" was specified.
       CustomBuild:
         generating tbbmalloc.def file
         win32-tbbmalloc-export.def
       ClCompile:
         C:\Program Files (x86)\Microsoft Visual Studio 10.0\VC\bin\CL.exe /c /I. /I../../src /I../../include /IE:\RANSource\_2k10_RanSource\RanSDK\TBB\build\vs2010\ /Zi /nologo /W4 /WX- /O2 /Oy- /GL /D _CRT_NONSTDC_NO_DEPRECATE /D _CRT_SECURE_NO_DEPRECATE /D _CRT_NONSTDC_NO_WARNINGS /D _WINDLL /Gm- /MT /GS /fp:precise /Zc:wchar_t /Zc:forScope /Fo"E:\RANSource\_2k10_RanSource\RanSDK\_Build\Release\tbbmalloc\\" /Fd"E:\RANSource\_2k10_RanSource\RanSDK\_Build\Release\tbbmalloc\vc100.pdb" /Gd /TP /analyze- /errorReport:prompt ..\..\src\tbbmalloc\backend.cpp ..\..\src\tbbmalloc\large_objects.cpp ..\..\src\tbbmalloc\backref.cpp ..\..\src\tbbmalloc\tbbmalloc.cpp ..\..\src\tbb\itt_notify.cpp ..\..\src\tbbmalloc\frontend.cpp  /c /MT /O2 /Zi /EHs- /Zc:forScope /Zc:wchar_t /D__TBB_LIB_NAME=tbb.lib /DDO_ITT_NOTIFY /GS /volatile:iso /DUSE_WINTHREAD /D_CRT_SECURE_NO_DEPRECATE /D_WIN32_WINNT=0x0502 /D__TBBMALLOC_BUILD=1 /I../../src /I../../src/rml/include /I../../include /I../../src/tbbmalloc /I../../src/tbbmalloc /I.
     1>cl : Command line warning D9002: ignoring unknown option '/volatile:iso'
         backend.cpp
     1>e:\ransource\_2k10_ransource\ransdk\tbb\src\tbbmalloc\tbbmalloc_internal.h(889): warning C4800: 'const rml::rawAllocType' : forcing value to bool 'true' or 'false' (performance warning)
     1>e:\ransource\_2k10_ransource\ransdk\tbb\src\tbbmalloc\tbbmalloc_internal.h(925): warning C4800: 'const size_t' : forcing value to bool 'true' or 'false' (performance warning)
     1>..\..\src\tbbmalloc\backend.cpp(79): warning C4800: 'intptr_t' : forcing value to bool 'true' or 'false' (performance warning)
     1>..\..\src\tbbmalloc\backend.cpp(120): warning C4800: 'void *' : forcing value to bool 'true' or 'false' (performance warning)
     1>..\..\src\tbbmalloc\backend.cpp(140): warning C4146: unary minus operator applied to unsigned type, result still unsigned
     1>..\..\src\tbbmalloc\backend.cpp(143): warning C4800: 'int' : forcing value to bool 'true' or 'false' (performance warning)
     1>..\..\src\tbbmalloc\backend.cpp(146): warning C4800: 'int' : forcing value to bool 'true' or 'false' (performance warning)
     1>..\..\src\tbbmalloc\backend.cpp(1219): warning C4800: 'rml::internal::FreeBlock *' : forcing value to bool 'true' or 'false' (performance warning)
         large_objects.cpp
     1>e:\ransource\_2k10_ransource\ransdk\tbb\src\tbbmalloc\tbbmalloc_internal.h(889): warning C4800: 'const rml::rawAllocType' : forcing value to bool 'true' or 'false' (performance warning)
     1>e:\ransource\_2k10_ransource\ransdk\tbb\src\tbbmalloc\tbbmalloc_internal.h(925): warning C4800: 'const size_t' : forcing value to bool 'true' or 'false' (performance warning)
     1>..\..\src\tbbmalloc\large_objects.cpp(387): warning C4800: 'rml::internal::LargeMemoryBlock *' : forcing value to bool 'true' or 'false' (performance warning)
                 ..\..\src\tbbmalloc\large_objects.cpp(377) : while compiling class template member function 'bool rml::internal::LargeObjectCacheImpl<Props>::CacheBin::cleanToThreshold(rml::internal::ExtMemoryPool *,rml::internal::BitMaskMax<NUM> *,uintptr_t,int)'
                 with
                 [
                     Props=rml::internal::LargeObjectCache::HugeCacheTypeProps,
                     NUM=242
                 ]
                 ..\..\src\tbbmalloc\large_objects.cpp(734) : while compiling class template member function 'void rml::internal::LargeObjectCacheImpl<Props>::putList(rml::internal::ExtMemoryPool *,rml::internal::LargeMemoryBlock *)'
                 with
                 [
                     Props=rml::internal::LargeObjectCache::HugeCacheTypeProps
                 ]
                 e:\ransource\_2k10_ransource\ransdk\tbb\src\tbbmalloc\tbbmalloc_internal.h(477) : see reference to class template instantiation 'rml::internal::LargeObjectCacheImpl<Props>' being compiled
                 with
                 [
                     Props=rml::internal::LargeObjectCache::HugeCacheTypeProps
                 ]
     1>..\..\src\tbbmalloc\large_objects.cpp(408): warning C4800: 'rml::internal::LargeMemoryBlock *' : forcing value to bool 'true' or 'false' (performance warning)
                 ..\..\src\tbbmalloc\large_objects.cpp(400) : while compiling class template member function 'bool rml::internal::LargeObjectCacheImpl<Props>::CacheBin::releaseAllToBackend(rml::internal::ExtMemoryPool *,rml::internal::BitMaskMax<NUM> *,int)'
                 with
                 [
                     Props=rml::internal::LargeObjectCache::HugeCacheTypeProps,
                     NUM=242
                 ]
     1>..\..\src\tbbmalloc\large_objects.cpp(387): warning C4800: 'rml::internal::LargeMemoryBlock *' : forcing value to bool 'true' or 'false' (performance warning)
                 ..\..\src\tbbmalloc\large_objects.cpp(377) : while compiling class template member function 'bool rml::internal::LargeObjectCacheImpl<Props>::CacheBin::cleanToThreshold(rml::internal::ExtMemoryPool *,rml::internal::BitMaskMax<NUM> *,uintptr_t,int)'
                 with
                 [
                     Props=rml::internal::LargeObjectCache::LargeCacheTypeProps,
                     NUM=1023
                 ]
                 ..\..\src\tbbmalloc\large_objects.cpp(734) : while compiling class template member function 'void rml::internal::LargeObjectCacheImpl<Props>::putList(rml::internal::ExtMemoryPool *,rml::internal::LargeMemoryBlock *)'
                 with
                 [
                     Props=rml::internal::LargeObjectCache::LargeCacheTypeProps
                 ]
                 e:\ransource\_2k10_ransource\ransdk\tbb\src\tbbmalloc\tbbmalloc_internal.h(478) : see reference to class template instantiation 'rml::internal::LargeObjectCacheImpl<Props>' being compiled
                 with
                 [
                     Props=rml::internal::LargeObjectCache::LargeCacheTypeProps
                 ]
     1>..\..\src\tbbmalloc\large_objects.cpp(408): warning C4800: 'rml::internal::LargeMemoryBlock *' : forcing value to bool 'true' or 'false' (performance warning)
                 ..\..\src\tbbmalloc\large_objects.cpp(400) : while compiling class template member function 'bool rml::internal::LargeObjectCacheImpl<Props>::CacheBin::releaseAllToBackend(rml::internal::ExtMemoryPool *,rml::internal::BitMaskMax<NUM> *,int)'
                 with
                 [
                     Props=rml::internal::LargeObjectCache::LargeCacheTypeProps,
                     NUM=1023
                 ]
     1>e:\ransource\_2k10_ransource\ransdk\tbb\src\tbbmalloc\tbbmalloc_internal.h(376): warning C4512: 'rml::internal::LargeObjectCacheImpl<Props>::CacheBin::CacheBinFunctor' : assignment operator could not be generated
                 with
                 [
                     Props=rml::internal::LargeObjectCache::HugeCacheTypeProps
                 ]
                 e:\ransource\_2k10_ransource\ransdk\tbb\src\tbbmalloc\tbbmalloc_internal.h(307) : see declaration of 'rml::internal::LargeObjectCacheImpl<Props>::CacheBin::CacheBinFunctor'
                 with
                 [
                     Props=rml::internal::LargeObjectCache::HugeCacheTypeProps
                 ]
                 ..\..\src\tbbmalloc\large_objects.cpp(345) : see reference to class template instantiation 'rml::internal::LargeObjectCacheImpl<Props>::CacheBin::CacheBinFunctor' being compiled
                 with
                 [
                     Props=rml::internal::LargeObjectCache::HugeCacheTypeProps
                 ]
                 ..\..\src\tbbmalloc\large_objects.cpp(344) : while compiling class template member function 'void rml::internal::LargeObjectCacheImpl<Props>::CacheBin::ExecuteOperation(rml::internal::CacheBinOperation *,rml::internal::ExtMemoryPool *,rml::internal::BitMaskMax<NUM> *,int,bool)'
                 with
                 [
                     Props=rml::internal::LargeObjectCache::HugeCacheTypeProps,
                     NUM=242
                 ]
                 ..\..\src\tbbmalloc\large_objects.cpp(367) : while compiling class template member function 'void rml::internal::LargeObjectCacheImpl<Props>::CacheBin::putList(rml::internal::ExtMemoryPool *,rml::internal::LargeMemoryBlock *,rml::internal::BitMaskMax<NUM> *,int)'
                 with
                 [
                     Props=rml::internal::LargeObjectCache::HugeCacheTypeProps,
                     NUM=242
                 ]
     1>e:\ransource\_2k10_ransource\ransdk\tbb\src\tbbmalloc\tbbmalloc_internal.h(376): warning C4512: 'rml::internal::LargeObjectCacheImpl<Props>::CacheBin::CacheBinFunctor' : assignment operator could not be generated
                 with
                 [
                     Props=rml::internal::LargeObjectCache::LargeCacheTypeProps
                 ]
                 e:\ransource\_2k10_ransource\ransdk\tbb\src\tbbmalloc\tbbmalloc_internal.h(307) : see declaration of 'rml::internal::LargeObjectCacheImpl<Props>::CacheBin::CacheBinFunctor'
                 with
                 [
                     Props=rml::internal::LargeObjectCache::LargeCacheTypeProps
                 ]
                 ..\..\src\tbbmalloc\large_objects.cpp(345) : see reference to class template instantiation 'rml::internal::LargeObjectCacheImpl<Props>::CacheBin::CacheBinFunctor' being compiled
                 with
                 [
                     Props=rml::internal::LargeObjectCache::LargeCacheTypeProps
                 ]
                 ..\..\src\tbbmalloc\large_objects.cpp(344) : while compiling class template member function 'void rml::internal::LargeObjectCacheImpl<Props>::CacheBin::ExecuteOperation(rml::internal::CacheBinOperation *,rml::internal::ExtMemoryPool *,rml::internal::BitMaskMax<NUM> *,int,bool)'
                 with
                 [
                     Props=rml::internal::LargeObjectCache::LargeCacheTypeProps,
                     NUM=1023
                 ]
                 ..\..\src\tbbmalloc\large_objects.cpp(367) : while compiling class template member function 'void rml::internal::LargeObjectCacheImpl<Props>::CacheBin::putList(rml::internal::ExtMemoryPool *,rml::internal::LargeMemoryBlock *,rml::internal::BitMaskMax<NUM> *,int)'
                 with
                 [
                     Props=rml::internal::LargeObjectCache::LargeCacheTypeProps,
                     NUM=1023
                 ]
     1>e:\ransource\_2k10_ransource\ransdk\tbb\src\tbbmalloc\tbbmalloc_internal.h(366): warning C4512: 'rml::internal::LargeObjectCacheImpl<Props>::CacheBin::CacheBinFunctor::OperationPreprocessor' : assignment operator could not be generated
                 with
                 [
                     Props=rml::internal::LargeObjectCache::HugeCacheTypeProps
                 ]
                 e:\ransource\_2k10_ransource\ransdk\tbb\src\tbbmalloc\tbbmalloc_internal.h(324) : see declaration of 'rml::internal::LargeObjectCacheImpl<Props>::CacheBin::CacheBinFunctor::OperationPreprocessor'
                 with
                 [
                     Props=rml::internal::LargeObjectCache::HugeCacheTypeProps
                 ]
                 ..\..\src\tbbmalloc\large_objects.cpp(267) : see reference to class template instantiation 'rml::internal::LargeObjectCacheImpl<Props>::CacheBin::CacheBinFunctor::OperationPreprocessor' being compiled
                 with
                 [
                     Props=rml::internal::LargeObjectCache::HugeCacheTypeProps
                 ]
                 ..\..\src\tbbmalloc\large_objects.cpp(264) : while compiling class template member function 'void rml::internal::LargeObjectCacheImpl<Props>::CacheBin::CacheBinFunctor::operator ()(rml::internal::CacheBinOperation *)'
                 with
                 [
                     Props=rml::internal::LargeObjectCache::HugeCacheTypeProps
                 ]
                 E:\RANSource\_2k10_RanSource\RanSDK\TBB\include\tbb/internal/_aggregator_impl.h(88) : see reference to function template instantiation 'void tbb::interface6::internal::aggregator_generic<operation_type>::start_handle_operations<handler_type>(handler_type &)' being compiled
                 with
                 [
                     operation_type=rml::internal::CacheBinOperation,
                     handler_type=rml::internal::LargeObjectCacheImpl<rml::internal::LargeObjectCache::HugeCacheTypeProps>::CacheBin::CacheBinFunctor
                 ]
                 ..\..\src\tbbmalloc\large_objects.cpp(346) : see reference to function template instantiation 'void tbb::interface6::internal::aggregator_generic<operation_type>::execute<rml::internal::LargeObjectCacheImpl<Props>::CacheBin::CacheBinFunctor>(operation_type *,handler_type &,bool)' being compiled
                 with
                 [
                     operation_type=rml::internal::CacheBinOperation,
                     Props=rml::internal::LargeObjectCache::HugeCacheTypeProps,
                     handler_type=rml::internal::LargeObjectCacheImpl<rml::internal::LargeObjectCache::HugeCacheTypeProps>::CacheBin::CacheBinFunctor
                 ]
                 ..\..\src\tbbmalloc\large_objects.cpp(344) : while compiling class template member function 'void rml::internal::LargeObjectCacheImpl<Props>::CacheBin::ExecuteOperation(rml::internal::CacheBinOperation *,rml::internal::ExtMemoryPool *,rml::internal::BitMaskMax<NUM> *,int,bool)'
                 with
                 [
                     Props=rml::internal::LargeObjectCache::HugeCacheTypeProps,
                     NUM=242
                 ]
     1>..\..\src\tbbmalloc\large_objects.cpp(289): warning C4146: unary minus operator applied to unsigned type, result still unsigned
     1>..\..\src\tbbmalloc\large_objects.cpp(338): warning C4146: unary minus operator applied to unsigned type, result still unsigned
     1>e:\ransource\_2k10_ransource\ransdk\tbb\src\tbbmalloc\tbbmalloc_internal.h(366): warning C4512: 'rml::internal::LargeObjectCacheImpl<Props>::CacheBin::CacheBinFunctor::OperationPreprocessor' : assignment operator could not be generated
                 with
                 [
                     Props=rml::internal::LargeObjectCache::LargeCacheTypeProps
                 ]
                 e:\ransource\_2k10_ransource\ransdk\tbb\src\tbbmalloc\tbbmalloc_internal.h(324) : see declaration of 'rml::internal::LargeObjectCacheImpl<Props>::CacheBin::CacheBinFunctor::OperationPreprocessor'
                 with
                 [
                     Props=rml::internal::LargeObjectCache::LargeCacheTypeProps
                 ]
                 ..\..\src\tbbmalloc\large_objects.cpp(267) : see reference to class template instantiation 'rml::internal::LargeObjectCacheImpl<Props>::CacheBin::CacheBinFunctor::OperationPreprocessor' being compiled
                 with
                 [
                     Props=rml::internal::LargeObjectCache::LargeCacheTypeProps
                 ]
                 ..\..\src\tbbmalloc\large_objects.cpp(264) : while compiling class template member function 'void rml::internal::LargeObjectCacheImpl<Props>::CacheBin::CacheBinFunctor::operator ()(rml::internal::CacheBinOperation *)'
                 with
                 [
                     Props=rml::internal::LargeObjectCache::LargeCacheTypeProps
                 ]
                 E:\RANSource\_2k10_RanSource\RanSDK\TBB\include\tbb/internal/_aggregator_impl.h(88) : see reference to function template instantiation 'void tbb::interface6::internal::aggregator_generic<operation_type>::start_handle_operations<handler_type>(handler_type &)' being compiled
                 with
                 [
                     operation_type=rml::internal::CacheBinOperation,
                     handler_type=rml::internal::LargeObjectCacheImpl<rml::internal::LargeObjectCache::LargeCacheTypeProps>::CacheBin::CacheBinFunctor
                 ]
                 ..\..\src\tbbmalloc\large_objects.cpp(346) : see reference to function template instantiation 'void tbb::interface6::internal::aggregator_generic<operation_type>::execute<rml::internal::LargeObjectCacheImpl<Props>::CacheBin::CacheBinFunctor>(operation_type *,handler_type &,bool)' being compiled
                 with
                 [
                     operation_type=rml::internal::CacheBinOperation,
                     Props=rml::internal::LargeObjectCache::LargeCacheTypeProps,
                     handler_type=rml::internal::LargeObjectCacheImpl<rml::internal::LargeObjectCache::LargeCacheTypeProps>::CacheBin::CacheBinFunctor
                 ]
                 ..\..\src\tbbmalloc\large_objects.cpp(344) : while compiling class template member function 'void rml::internal::LargeObjectCacheImpl<Props>::CacheBin::ExecuteOperation(rml::internal::CacheBinOperation *,rml::internal::ExtMemoryPool *,rml::internal::BitMaskMax<NUM> *,int,bool)'
                 with
                 [
                     Props=rml::internal::LargeObjectCache::LargeCacheTypeProps,
                     NUM=1023
                 ]
     1>..\..\src\tbbmalloc\large_objects.cpp(289): warning C4146: unary minus operator applied to unsigned type, result still unsigned
     1>..\..\src\tbbmalloc\large_objects.cpp(338): warning C4146: unary minus operator applied to unsigned type, result still unsigned
     1>e:\ransource\_2k10_ransource\ransdk\tbb\src\tbbmalloc\tbbmalloc_internal.h(363): warning C4146: unary minus operator applied to unsigned type, result still unsigned
                 e:\ransource\_2k10_ransource\ransdk\tbb\src\tbbmalloc\tbbmalloc_internal.h(363) : while compiling class template member function 'uintptr_t rml::internal::LargeObjectCacheImpl<Props>::CacheBin::CacheBinFunctor::OperationPreprocessor::getTimeRange(void) const'
                 with
                 [
                     Props=rml::internal::LargeObjectCache::HugeCacheTypeProps
                 ]
                 ..\..\src\tbbmalloc\large_objects.cpp(267) : see reference to class template instantiation 'rml::internal::LargeObjectCacheImpl<Props>::CacheBin::CacheBinFunctor::OperationPreprocessor' being compiled
                 with
                 [
                     Props=rml::internal::LargeObjectCache::HugeCacheTypeProps
                 ]
                 ..\..\src\tbbmalloc\large_objects.cpp(264) : while compiling class template member function 'void rml::internal::LargeObjectCacheImpl<Props>::CacheBin::CacheBinFunctor::operator ()(rml::internal::CacheBinOperation *)'
                 with
                 [
                     Props=rml::internal::LargeObjectCache::HugeCacheTypeProps
                 ]
     1>e:\ransource\_2k10_ransource\ransdk\tbb\src\tbbmalloc\tbbmalloc_internal.h(363): warning C4146: unary minus operator applied to unsigned type, result still unsigned
                 e:\ransource\_2k10_ransource\ransdk\tbb\src\tbbmalloc\tbbmalloc_internal.h(363) : while compiling class template member function 'uintptr_t rml::internal::LargeObjectCacheImpl<Props>::CacheBin::CacheBinFunctor::OperationPreprocessor::getTimeRange(void) const'
                 with
                 [
                     Props=rml::internal::LargeObjectCache::LargeCacheTypeProps
                 ]
                 ..\..\src\tbbmalloc\large_objects.cpp(267) : see reference to class template instantiation 'rml::internal::LargeObjectCacheImpl<Props>::CacheBin::CacheBinFunctor::OperationPreprocessor' being compiled
                 with
                 [
                     Props=rml::internal::LargeObjectCache::LargeCacheTypeProps
                 ]
                 ..\..\src\tbbmalloc\large_objects.cpp(264) : while compiling class template member function 'void rml::internal::LargeObjectCacheImpl<Props>::CacheBin::CacheBinFunctor::operator ()(rml::internal::CacheBinOperation *)'
                 with
                 [
                     Props=rml::internal::LargeObjectCache::LargeCacheTypeProps
                 ]
     1>..\..\src\tbbmalloc\large_objects.cpp(502): warning C4018: '>' : signed/unsigned mismatch
                 ..\..\src\tbbmalloc\large_objects.cpp(491) : while compiling class template member function 'void rml::internal::LargeObjectCacheImpl<Props>::CacheBin::forgetOutdatedState(uintptr_t)'
                 with
                 [
                     Props=rml::internal::LargeObjectCache::HugeCacheTypeProps
                 ]
     1>..\..\src\tbbmalloc\large_objects.cpp(502): warning C4018: '>' : signed/unsigned mismatch
                 ..\..\src\tbbmalloc\large_objects.cpp(491) : while compiling class template member function 'void rml::internal::LargeObjectCacheImpl<Props>::CacheBin::forgetOutdatedState(uintptr_t)'
                 with
                 [
                     Props=rml::internal::LargeObjectCache::LargeCacheTypeProps
                 ]
         backref.cpp
     1>e:\ransource\_2k10_ransource\ransdk\tbb\src\tbbmalloc\tbbmalloc_internal.h(889): warning C4800: 'const rml::rawAllocType' : forcing value to bool 'true' or 'false' (performance warning)
     1>e:\ransource\_2k10_ransource\ransdk\tbb\src\tbbmalloc\tbbmalloc_internal.h(925): warning C4800: 'const size_t' : forcing value to bool 'true' or 'false' (performance warning)
     1>..\..\src\tbbmalloc\backref.cpp(280): warning C4244: '=' : conversion from 'int' to 'uint16_t', possible loss of data
         tbbmalloc.cpp
     1>..\..\src\tbbmalloc\tbbmalloc.cpp(77): warning C4189: 'ret' : local variable is initialized but not referenced
         itt_notify.cpp
         frontend.cpp
     1>e:\ransource\_2k10_ransource\ransdk\tbb\src\tbbmalloc\tbbmalloc_internal.h(889): warning C4800: 'const rml::rawAllocType' : forcing value to bool 'true' or 'false' (performance warning)
     1>e:\ransource\_2k10_ransource\ransdk\tbb\src\tbbmalloc\tbbmalloc_internal.h(925): warning C4800: 'const size_t' : forcing value to bool 'true' or 'false' (performance warning)
     1>..\..\src\tbbmalloc\frontend.cpp(87): warning C4245: 'initializing' : conversion from 'int' to 'const uint16_t', signed/unsigned mismatch
     1>..\..\src\tbbmalloc\frontend.cpp(388): warning C4800: 'rml::internal::FreeObject *' : forcing value to bool 'true' or 'false' (performance warning)
     1>..\..\src\tbbmalloc\frontend.cpp(1454): warning C4100: 'index' : unreferenced formal parameter
     1>..\..\src\tbbmalloc\frontend.cpp(1517): warning C4244: '=' : conversion from 'unsigned int' to 'uint16_t', possible loss of data
     1>..\..\src\tbbmalloc\frontend.cpp(1917): warning C4244: 'argument' : conversion from 'unsigned __int64' to 'size_t', possible loss of data
     1>..\..\src\tbbmalloc\frontend.cpp(2387): warning C4244: 'initializing' : conversion from 'uintptr_t' to 'uint16_t', possible loss of data
     1>..\..\src\tbbmalloc\frontend.cpp(818): warning C4127: conditional expression is constant
                 ..\..\src\tbbmalloc\frontend.cpp(851) : see reference to function template instantiation 'unsigned int rml::internal::getIndexOrObjectSize<true>(unsigned int)' being compiled
     1>..\..\src\tbbmalloc\frontend.cpp(818): warning C4127: conditional expression is constant
                 ..\..\src\tbbmalloc\frontend.cpp(856) : see reference to function template instantiation 'unsigned int rml::internal::getIndexOrObjectSize<false>(unsigned int)' being compiled
     1>..\..\src\tbbmalloc\frontend.cpp(967): warning C4127: conditional expression is constant
                 ..\..\src\tbbmalloc\frontend.cpp(1111) : see reference to function template instantiation 'void rml::internal::AllLargeBlocksList::releaseAll<false>(rml::internal::Backend *)' being compiled
     1>..\..\src\tbbmalloc\frontend.cpp(967): warning C4127: conditional expression is constant
                 ..\..\src\tbbmalloc\frontend.cpp(1140) : see reference to function template instantiation 'void rml::internal::AllLargeBlocksList::releaseAll<true>(rml::internal::Backend *)' being compiled
       ResourceCompile:
         C:\Program Files (x86)\Microsoft SDKs\Windows\v7.0A\bin\rc.exe /l"0x0409" /I. /I../../src /I../../include /IE:\RANSource\_2k10_RanSource\RanSDK\TBB\build\vs2010\ /nologo /fo"E:\RANSource\_2k10_RanSource\RanSDK\_Build\Release\tbbmalloc\tbbmalloc.res" /I../../src /I../../include /DDO_ITT_NOTIFY /DUSE_WINTHREAD /D_CRT_SECURE_NO_DEPRECATE /D_WIN32_WINNT=0x0400  ..\..\src\tbbmalloc\tbbmalloc.rc 
       Link:
         C:\Program Files (x86)\Microsoft Visual Studio 10.0\VC\bin\link.exe /ERRORREPORT:PROMPT /OUT:"E:\RANSource\_2k10_RanSource\RanSDK\_Bin\Release\tbbmalloc.dll" /INCREMENTAL:NO /NOLOGO kernel32.lib user32.lib gdi32.lib winspool.lib comdlg32.lib advapi32.lib shell32.lib ole32.lib oleaut32.lib uuid.lib odbc32.lib odbccp32.lib /MANIFEST /ManifestFile:"E:\RANSource\_2k10_RanSource\RanSDK\_Build\Release\tbbmalloc\tbbmalloc.dll.intermediate.manifest" /MANIFESTUAC:"level='asInvoker' uiAccess='false'" /DEBUG /PDB:"E:\RANSource\_2k10_RanSource\RanSDK\_Bin\Release\tbbmalloc.pdb" /SUBSYSTEM:WINDOWS /OPT:REF /OPT:ICF /LTCG /TLBID:1 /DYNAMICBASE:NO /IMPLIB:"E:\RANSource\_2k10_RanSource\RanSDK\_Bin\Release\tbbmalloc.lib" /MACHINE:X86 /DLL E:\RANSource\_2k10_RanSource\RanSDK\_Build\Release\tbbmalloc\tbbmalloc.res
         E:\RANSource\_2k10_RanSource\RanSDK\_Build\Release\tbbmalloc\backend.obj
         E:\RANSource\_2k10_RanSource\RanSDK\_Build\Release\tbbmalloc\large_objects.obj
         E:\RANSource\_2k10_RanSource\RanSDK\_Build\Release\tbbmalloc\backref.obj
         E:\RANSource\_2k10_RanSource\RanSDK\_Build\Release\tbbmalloc\tbbmalloc.obj
         E:\RANSource\_2k10_RanSource\RanSDK\_Build\Release\tbbmalloc\itt_notify.obj
         E:\RANSource\_2k10_RanSource\RanSDK\_Build\Release\tbbmalloc\frontend.obj
         E:\RANSource\_2k10_RanSource\RanSDK\_Bin\Release\tbb.lib /nologo /DLL /MAP /DEBUG /fixed:no /INCREMENTAL:NO  /DEF:"E:\RANSource\_2k10_RanSource\RanSDK\_Build\Release\tbbmalloc\tbbmalloc.def" 
            Creating library E:\RANSource\_2k10_RanSource\RanSDK\_Bin\Release\tbbmalloc.lib and object E:\RANSource\_2k10_RanSource\RanSDK\_Bin\Release\tbbmalloc.exp
         Generating code
     1>e:\ransource\_2k10_ransource\ransdk\tbb\src\tbbmalloc\frontend.cpp(2188): warning C4706: assignment within conditional expression
     1>e:\ransource\_2k10_ransource\ransdk\tbb\src\tbbmalloc\large_objects.cpp(221): warning C4706: assignment within conditional expression
     1>e:\ransource\_2k10_ransource\ransdk\tbb\src\tbbmalloc\large_objects.cpp(221): warning C4706: assignment within conditional expression
     1>e:\ransource\_2k10_ransource\ransdk\tbb\src\tbbmalloc\large_objects.cpp(331): warning C4706: assignment within conditional expression
     1>e:\ransource\_2k10_ransource\ransdk\tbb\src\tbbmalloc\large_objects.cpp(331): warning C4706: assignment within conditional expression
     1>e:\ransource\_2k10_ransource\ransdk\tbb\src\tbbmalloc\backend.cpp(130): warning C4701: potentially uninitialized local variable 'allocSize' used
         Finished generating code
         tbbmalloc.vcxproj -> E:\RANSource\_2k10_RanSource\RanSDK\_Bin\Release\tbbmalloc.dll
       Manifest:
         C:\Program Files (x86)\Microsoft SDKs\Windows\v7.0A\bin\mt.exe /nologo /verbose /outputresource:"E:\RANSource\_2k10_RanSource\RanSDK\_Bin\Release\tbbmalloc.dll;#2" /manifest E:\RANSource\_2k10_RanSource\RanSDK\_Build\Release\tbbmalloc\tbbmalloc.dll.intermediate.manifest
       FinalizeBuildStatus:
         Deleting file "E:\RANSource\_2k10_RanSource\RanSDK\_Build\Release\tbbmalloc\tbbmalloc.unsuccessfulbuild".
         Touching "E:\RANSource\_2k10_RanSource\RanSDK\_Build\Release\tbbmalloc\tbbmalloc.lastbuildstate".
     1>Done Building Project "E:\RANSource\_2k10_RanSource\RanSDK\TBB\build\vs2010\tbbmalloc.vcxproj" (rebuild target(s)).

Build succeeded.

Time Elapsed 00:00:03.41
