Build started 5/22/2025 4:19:00 PM.
     1>Project "E:\RANSource\_2k10_RanSource\RanSDK\LZO\lzo\lzolib.vcxproj" on node 9 (rebuild target(s)).
     1>InitializeBuildStatus:
         Creating "E:\RANSource\_2k10_RanSource\RanSDK\_Build\Release\lzolib\lzolib.unsuccessfulbuild" because "AlwaysCreate" was specified.
       ClCompile:
         C:\Program Files (x86)\Microsoft Visual Studio 10.0\VC\bin\CL.exe /c /I./include /Z7 /nologo /W3 /WX- /O2 /Ob1 /Oy- /D WIN32 /D DLZO_USE_ASM /D _CRT_NONSTDC_NO_DEPRECATE /D _CRT_SECURE_NO_DEPRECATE /D _CRT_NONSTDC_NO_WARNINGS /GF /Gm- /MT /GS- /Gy /fp:precise /Zc:wchar_t /Zc:forScope /Fo"E:\RANSource\_2k10_RanSource\RanSDK\_Build\Release\lzolib\\" /Fd"E:\RANSource\_2k10_RanSource\RanSDK\_Build\Release\lzolib\vc100.pdb" /Gd /TC /analyze- /errorReport:prompt src\lzo1.c src\lzo1_99.c src\lzo1a.c src\lzo1a_99.c src\lzo1b_1.c src\lzo1b_2.c src\lzo1b_3.c src\lzo1b_4.c src\lzo1b_5.c src\lzo1b_6.c src\lzo1b_7.c src\lzo1b_8.c src\lzo1b_9.c src\lzo1b_99.c src\lzo1b_9x.c src\lzo1b_cc.c src\lzo1b_d1.c src\lzo1b_d2.c src\lzo1b_rr.c src\lzo1b_xx.c src\lzo1c_1.c src\lzo1c_2.c src\lzo1c_3.c src\lzo1c_4.c src\lzo1c_5.c src\lzo1c_6.c src\lzo1c_7.c src\lzo1c_8.c src\lzo1c_9.c src\lzo1c_99.c src\lzo1c_9x.c src\lzo1c_cc.c src\lzo1c_d1.c src\lzo1c_d2.c src\lzo1c_rr.c src\lzo1c_xx.c src\lzo1f_1.c src\lzo1f_9x.c src\lzo1f_d1.c src\lzo1f_d2.c src\lzo1x_1.c src\lzo1x_1k.c src\lzo1x_1l.c src\lzo1x_1o.c src\lzo1x_9x.c src\lzo1x_d1.c src\lzo1x_d2.c src\lzo1x_d3.c src\lzo1x_o.c src\lzo1y_1.c src\lzo1y_9x.c src\lzo1y_d1.c src\lzo1y_d2.c src\lzo1y_d3.c src\lzo1y_o.c src\lzo1z_9x.c src\lzo1z_d1.c src\lzo1z_d2.c src\lzo1z_d3.c src\lzo2a_9x.c src\lzo2a_d1.c src\lzo2a_d2.c src\lzo_crc.c src\lzo_init.c src\lzo_ptr.c src\lzo_str.c src\lzo_util.c
         lzo1.c
         lzo1_99.c
         lzo1a.c
         lzo1a_99.c
         lzo1b_1.c
         lzo1b_2.c
         lzo1b_3.c
         lzo1b_4.c
         lzo1b_5.c
         lzo1b_6.c
         lzo1b_7.c
         lzo1b_8.c
         lzo1b_9.c
         lzo1b_99.c
         lzo1b_9x.c
         lzo1b_cc.c
         lzo1b_d1.c
         lzo1b_d2.c
         lzo1b_rr.c
         lzo1b_xx.c
         Generating Code...
         Compiling...
         lzo1c_1.c
         lzo1c_2.c
         lzo1c_3.c
         lzo1c_4.c
         lzo1c_5.c
         lzo1c_6.c
         lzo1c_7.c
         lzo1c_8.c
         lzo1c_9.c
         lzo1c_99.c
         lzo1c_9x.c
         lzo1c_cc.c
         lzo1c_d1.c
         lzo1c_d2.c
         lzo1c_rr.c
         lzo1c_xx.c
         lzo1f_1.c
         lzo1f_9x.c
         lzo1f_d1.c
         lzo1f_d2.c
         Generating Code...
         Compiling...
         lzo1x_1.c
         lzo1x_1k.c
         lzo1x_1l.c
         lzo1x_1o.c
         lzo1x_9x.c
         lzo1x_d1.c
         lzo1x_d2.c
         lzo1x_d3.c
         lzo1x_o.c
         lzo1y_1.c
         lzo1y_9x.c
         lzo1y_d1.c
         lzo1y_d2.c
         lzo1y_d3.c
         lzo1y_o.c
         lzo1z_9x.c
         lzo1z_d1.c
         lzo1z_d2.c
         lzo1z_d3.c
         lzo2a_9x.c
         Generating Code...
         Compiling...
         lzo2a_d1.c
         lzo2a_d2.c
         lzo_crc.c
         lzo_init.c
         lzo_ptr.c
         lzo_str.c
         lzo_util.c
         Generating Code...
       Lib:
         C:\Program Files (x86)\Microsoft Visual Studio 10.0\VC\bin\Lib.exe /OUT:"E:\RANSource\_2k10_RanSource\RanSDK\_Lib\Release\lzolib.lib" .\asm\i386\obj\win32\lzo1c_s1.obj .\asm\i386\obj\win32\lzo1f_f1.obj .\asm\i386\obj\win32\lzo1x_f1.obj .\asm\i386\obj\win32\lzo1x_s1.obj .\asm\i386\obj\win32\lzo1y_f1.obj .\asm\i386\obj\win32\lzo1y_s1.obj /NOLOGO E:\RANSource\_2k10_RanSource\RanSDK\_Build\Release\lzolib\lzo1.obj
         E:\RANSource\_2k10_RanSource\RanSDK\_Build\Release\lzolib\lzo1_99.obj
         E:\RANSource\_2k10_RanSource\RanSDK\_Build\Release\lzolib\lzo1a.obj
         E:\RANSource\_2k10_RanSource\RanSDK\_Build\Release\lzolib\lzo1a_99.obj
         E:\RANSource\_2k10_RanSource\RanSDK\_Build\Release\lzolib\lzo1b_1.obj
         E:\RANSource\_2k10_RanSource\RanSDK\_Build\Release\lzolib\lzo1b_2.obj
         E:\RANSource\_2k10_RanSource\RanSDK\_Build\Release\lzolib\lzo1b_3.obj
         E:\RANSource\_2k10_RanSource\RanSDK\_Build\Release\lzolib\lzo1b_4.obj
         E:\RANSource\_2k10_RanSource\RanSDK\_Build\Release\lzolib\lzo1b_5.obj
         E:\RANSource\_2k10_RanSource\RanSDK\_Build\Release\lzolib\lzo1b_6.obj
         E:\RANSource\_2k10_RanSource\RanSDK\_Build\Release\lzolib\lzo1b_7.obj
         E:\RANSource\_2k10_RanSource\RanSDK\_Build\Release\lzolib\lzo1b_8.obj
         E:\RANSource\_2k10_RanSource\RanSDK\_Build\Release\lzolib\lzo1b_9.obj
         E:\RANSource\_2k10_RanSource\RanSDK\_Build\Release\lzolib\lzo1b_99.obj
         E:\RANSource\_2k10_RanSource\RanSDK\_Build\Release\lzolib\lzo1b_9x.obj
         E:\RANSource\_2k10_RanSource\RanSDK\_Build\Release\lzolib\lzo1b_cc.obj
         E:\RANSource\_2k10_RanSource\RanSDK\_Build\Release\lzolib\lzo1b_d1.obj
         E:\RANSource\_2k10_RanSource\RanSDK\_Build\Release\lzolib\lzo1b_d2.obj
         E:\RANSource\_2k10_RanSource\RanSDK\_Build\Release\lzolib\lzo1b_rr.obj
         E:\RANSource\_2k10_RanSource\RanSDK\_Build\Release\lzolib\lzo1b_xx.obj
         E:\RANSource\_2k10_RanSource\RanSDK\_Build\Release\lzolib\lzo1c_1.obj
         E:\RANSource\_2k10_RanSource\RanSDK\_Build\Release\lzolib\lzo1c_2.obj
         E:\RANSource\_2k10_RanSource\RanSDK\_Build\Release\lzolib\lzo1c_3.obj
         E:\RANSource\_2k10_RanSource\RanSDK\_Build\Release\lzolib\lzo1c_4.obj
         E:\RANSource\_2k10_RanSource\RanSDK\_Build\Release\lzolib\lzo1c_5.obj
         E:\RANSource\_2k10_RanSource\RanSDK\_Build\Release\lzolib\lzo1c_6.obj
         E:\RANSource\_2k10_RanSource\RanSDK\_Build\Release\lzolib\lzo1c_7.obj
         E:\RANSource\_2k10_RanSource\RanSDK\_Build\Release\lzolib\lzo1c_8.obj
         E:\RANSource\_2k10_RanSource\RanSDK\_Build\Release\lzolib\lzo1c_9.obj
         E:\RANSource\_2k10_RanSource\RanSDK\_Build\Release\lzolib\lzo1c_99.obj
         E:\RANSource\_2k10_RanSource\RanSDK\_Build\Release\lzolib\lzo1c_9x.obj
         E:\RANSource\_2k10_RanSource\RanSDK\_Build\Release\lzolib\lzo1c_cc.obj
         E:\RANSource\_2k10_RanSource\RanSDK\_Build\Release\lzolib\lzo1c_d1.obj
         E:\RANSource\_2k10_RanSource\RanSDK\_Build\Release\lzolib\lzo1c_d2.obj
         E:\RANSource\_2k10_RanSource\RanSDK\_Build\Release\lzolib\lzo1c_rr.obj
         E:\RANSource\_2k10_RanSource\RanSDK\_Build\Release\lzolib\lzo1c_xx.obj
         E:\RANSource\_2k10_RanSource\RanSDK\_Build\Release\lzolib\lzo1f_1.obj
         E:\RANSource\_2k10_RanSource\RanSDK\_Build\Release\lzolib\lzo1f_9x.obj
         E:\RANSource\_2k10_RanSource\RanSDK\_Build\Release\lzolib\lzo1f_d1.obj
         E:\RANSource\_2k10_RanSource\RanSDK\_Build\Release\lzolib\lzo1f_d2.obj
         E:\RANSource\_2k10_RanSource\RanSDK\_Build\Release\lzolib\lzo1x_1.obj
         E:\RANSource\_2k10_RanSource\RanSDK\_Build\Release\lzolib\lzo1x_1k.obj
         E:\RANSource\_2k10_RanSource\RanSDK\_Build\Release\lzolib\lzo1x_1l.obj
         E:\RANSource\_2k10_RanSource\RanSDK\_Build\Release\lzolib\lzo1x_1o.obj
         E:\RANSource\_2k10_RanSource\RanSDK\_Build\Release\lzolib\lzo1x_9x.obj
         E:\RANSource\_2k10_RanSource\RanSDK\_Build\Release\lzolib\lzo1x_d1.obj
         E:\RANSource\_2k10_RanSource\RanSDK\_Build\Release\lzolib\lzo1x_d2.obj
         E:\RANSource\_2k10_RanSource\RanSDK\_Build\Release\lzolib\lzo1x_d3.obj
         E:\RANSource\_2k10_RanSource\RanSDK\_Build\Release\lzolib\lzo1x_o.obj
         E:\RANSource\_2k10_RanSource\RanSDK\_Build\Release\lzolib\lzo1y_1.obj
         E:\RANSource\_2k10_RanSource\RanSDK\_Build\Release\lzolib\lzo1y_9x.obj
         E:\RANSource\_2k10_RanSource\RanSDK\_Build\Release\lzolib\lzo1y_d1.obj
         E:\RANSource\_2k10_RanSource\RanSDK\_Build\Release\lzolib\lzo1y_d2.obj
         E:\RANSource\_2k10_RanSource\RanSDK\_Build\Release\lzolib\lzo1y_d3.obj
         E:\RANSource\_2k10_RanSource\RanSDK\_Build\Release\lzolib\lzo1y_o.obj
         E:\RANSource\_2k10_RanSource\RanSDK\_Build\Release\lzolib\lzo1z_9x.obj
         E:\RANSource\_2k10_RanSource\RanSDK\_Build\Release\lzolib\lzo1z_d1.obj
         E:\RANSource\_2k10_RanSource\RanSDK\_Build\Release\lzolib\lzo1z_d2.obj
         E:\RANSource\_2k10_RanSource\RanSDK\_Build\Release\lzolib\lzo1z_d3.obj
         E:\RANSource\_2k10_RanSource\RanSDK\_Build\Release\lzolib\lzo2a_9x.obj
         E:\RANSource\_2k10_RanSource\RanSDK\_Build\Release\lzolib\lzo2a_d1.obj
         E:\RANSource\_2k10_RanSource\RanSDK\_Build\Release\lzolib\lzo2a_d2.obj
         E:\RANSource\_2k10_RanSource\RanSDK\_Build\Release\lzolib\lzo_crc.obj
         E:\RANSource\_2k10_RanSource\RanSDK\_Build\Release\lzolib\lzo_init.obj
         E:\RANSource\_2k10_RanSource\RanSDK\_Build\Release\lzolib\lzo_ptr.obj
         E:\RANSource\_2k10_RanSource\RanSDK\_Build\Release\lzolib\lzo_str.obj
         E:\RANSource\_2k10_RanSource\RanSDK\_Build\Release\lzolib\lzo_util.obj /MACHINE:X86 /NODEFAULTLIB 
         lzolib.vcxproj -> E:\RANSource\_2k10_RanSource\RanSDK\_Lib\Release\lzolib.lib
       FinalizeBuildStatus:
         Deleting file "E:\RANSource\_2k10_RanSource\RanSDK\_Build\Release\lzolib\lzolib.unsuccessfulbuild".
         Touching "E:\RANSource\_2k10_RanSource\RanSDK\_Build\Release\lzolib\lzolib.lastbuildstate".
     1>Done Building Project "E:\RANSource\_2k10_RanSource\RanSDK\LZO\lzo\lzolib.vcxproj" (rebuild target(s)).

Build succeeded.

Time Elapsed 00:00:07.21
