 tbb

 Timestamp is 6994b894 (Wed Feb 18 02:51:00 2026)

 Preferred load address is 10000000

 Start         Length     Name                   Class
 0001:00000000 0002ba0aH .text                   CODE
 0001:0002ba10 00000c49H .text$x                 CODE
 0001:0002c660 0000006aH .text$yc                CODE
 0001:0002c6d0 00000038H .text$yd                CODE
 0002:00000000 0000016cH .idata$5                DATA
 0002:0000016c 00000004H .CRT$XCA                DATA
 0002:00000170 00000004H .CRT$XCC                DATA
 0002:00000174 0000000cH .CRT$XCU                DATA
 0002:00000180 00000004H .CRT$XCZ                DATA
 0002:00000184 00000004H .CRT$XIA                DATA
 0002:00000188 00000010H .CRT$XIC                DATA
 0002:00000198 00000004H .CRT$XIZ                DATA
 0002:0000019c 00000004H .CRT$XPA                DATA
 0002:000001a0 00000004H .CRT$XPX                DATA
 0002:000001a4 00000004H .CRT$XPXA               DATA
 0002:000001a8 00000004H .CRT$XPZ                DATA
 0002:000001ac 00000004H .CRT$XTA                DATA
 0002:000001b0 00000004H .CRT$XTZ                DATA
 0002:000001c0 00004a48H .rdata                  DATA
 0002:00004c08 00000057H .rdata$debug            DATA
 0002:00004c60 000011d0H .rdata$r                DATA
 0002:00005e30 00000110H .rdata$sxdata           DATA
 0002:00005f40 00000004H .rtc$IAA                DATA
 0002:00005f44 00000004H .rtc$IZZ                DATA
 0002:00005f48 00000004H .rtc$TAA                DATA
 0002:00005f4c 00000004H .rtc$TZZ                DATA
 0002:00005f50 00001814H .xdata$x                DATA
 0002:00007764 00000014H .idata$2                DATA
 0002:00007778 00000014H .idata$3                DATA
 0002:0000778c 0000016cH .idata$4                DATA
 0002:000078f8 00000694H .idata$6                DATA
 0002:00007f90 00003bf1H .edata                  DATA
 0003:00000000 00002d08H .data                   DATA
 0003:00002d20 00003444H .bss                    DATA
 0004:00000000 00000058H .rsrc$01                DATA
 0004:00000060 000003d8H .rsrc$02                DATA

  Address         Publics by Value              Rva+Base       Lib:Object

 0000:00000000       __except_list              00000000     <absolute>
 0000:00000044       ___safe_se_handler_count   00000044     <absolute>
 0000:00000000       ___ImageBase               10000000     <linker-defined>
 0001:00000000       ?internal_grow_predicate@hash_map_segment_base@internal@tbb@@QBE_NXZ 10001000 f   concurrent_hash_map.obj
 0001:00000020       ?__TBB_LockByte@@YAEAAE@Z  10001020 f i concurrent_queue.obj
 0001:00000070       ??1scoped_lock@spin_mutex@tbb@@QAE@XZ 10001070 f i concurrent_queue.obj
 0001:00000080       ??1binary_semaphore@internal@tbb@@QAE@XZ 10001080 f i concurrent_queue.obj
 0001:00000090       ??1thread_context@concurrent_monitor@internal@tbb@@QAE@XZ 10001090 f i concurrent_queue.obj
 0001:000000c0       ?commit_wait@concurrent_monitor@internal@tbb@@QAE_NAAVthread_context@123@@Z 100010c0 f i concurrent_queue.obj
 0001:00000150       ??1micro_queue_pop_finalizer@internal@tbb@@QAE@XZ 10001150 f i concurrent_queue.obj
 0001:000001a0       ?push@micro_queue@internal@tbb@@QAEXPBXIAAVconcurrent_queue_base_v3@23@W4copy_specifics@423@@Z 100011a0 f   concurrent_queue.obj
 0001:000003b0       ?pop@micro_queue@internal@tbb@@QAE_NPAXIAAVconcurrent_queue_base_v3@23@@Z 100013b0 f   concurrent_queue.obj
 0001:00000550       ?assign@micro_queue@internal@tbb@@QAEAAU123@ABU123@AAVconcurrent_queue_base_v3@23@W4copy_specifics@423@@Z 10001550 f   concurrent_queue.obj
 0001:00000680       ?make_copy@micro_queue@internal@tbb@@QAEPAUpage@concurrent_queue_base_v3@23@AAV523@PBU4523@IIAAIW4copy_specifics@523@@Z 10001680 f   concurrent_queue.obj
 0001:000006f0       ?make_invalid@micro_queue@internal@tbb@@QAEXI@Z 100016f0 f   concurrent_queue.obj
 0001:00000740       ??0concurrent_queue_base_v3@internal@tbb@@IAE@I@Z 10001740 f   concurrent_queue.obj
 0001:00000840       ??_Econcurrent_queue_base_v3@internal@tbb@@MAEPAXI@Z 10001840 f i  CIL library: CIL module
 0001:00000840       ??_Gconcurrent_queue_base_v3@internal@tbb@@MAEPAXI@Z 10001840 f i concurrent_queue.obj
 0001:00000870       ??1concurrent_queue_base_v3@internal@tbb@@MAE@XZ 10001870 f   concurrent_queue.obj
 0001:00000890       ?internal_push@concurrent_queue_base_v3@internal@tbb@@IAEXPBX@Z 10001890 f   concurrent_queue.obj
 0001:000008b0       ?internal_push_move@concurrent_queue_base_v8@internal@tbb@@IAEXPBX@Z 100018b0 f   concurrent_queue.obj
 0001:000008d0       ?internal_insert_item@concurrent_queue_base_v3@internal@tbb@@IAEXPBXW4copy_specifics@123@@Z 100018d0 f   concurrent_queue.obj
 0001:00000b50       ?internal_pop@concurrent_queue_base_v3@internal@tbb@@IAEXPAX@Z 10001b50 f   concurrent_queue.obj
 0001:00000e10       ?internal_abort@concurrent_queue_base_v3@internal@tbb@@IAEXXZ 10001e10 f   concurrent_queue.obj
 0001:00000e30       ?internal_pop_if_present@concurrent_queue_base_v3@internal@tbb@@IAE_NPAX@Z 10001e30 f   concurrent_queue.obj
 0001:00000eb0       ?internal_push_if_not_full@concurrent_queue_base_v3@internal@tbb@@IAE_NPBX@Z 10001eb0 f   concurrent_queue.obj
 0001:00000ed0       ?internal_push_move_if_not_full@concurrent_queue_base_v8@internal@tbb@@IAE_NPBX@Z 10001ed0 f   concurrent_queue.obj
 0001:00000ef0       ?internal_insert_if_not_full@concurrent_queue_base_v3@internal@tbb@@IAE_NPBXW4copy_specifics@123@@Z 10001ef0 f   concurrent_queue.obj
 0001:00000f80       ?internal_size@concurrent_queue_base_v3@internal@tbb@@IBEHXZ 10001f80 f   concurrent_queue.obj
 0001:00000fa0       ?internal_empty@concurrent_queue_base_v3@internal@tbb@@IBE_NXZ 10001fa0 f   concurrent_queue.obj
 0001:00000fe0       ?internal_finish_clear@concurrent_queue_base_v3@internal@tbb@@IAEXXZ 10001fe0 f   concurrent_queue.obj
 0001:00001030       ?internal_throw_exception@concurrent_queue_base_v3@internal@tbb@@IBEXXZ 10002030 f   concurrent_queue.obj
 0001:00001050       ?internal_assign@concurrent_queue_base_v3@internal@tbb@@IAEXABV123@W4copy_specifics@123@@Z 10002050 f   concurrent_queue.obj
 0001:000010d0       ?assign@concurrent_queue_base_v3@internal@tbb@@IAEXABV123@@Z 100020d0 f   concurrent_queue.obj
 0001:000010f0       ?move_content@concurrent_queue_base_v8@internal@tbb@@IAEXAAV123@@Z 100020f0 f   concurrent_queue.obj
 0001:00001110       ?initialize@concurrent_queue_iterator_base_v3@internal@tbb@@AAEXABVconcurrent_queue_base_v3@23@I@Z 10002110 f   concurrent_queue.obj
 0001:000011f0       ??0concurrent_queue_iterator_base_v3@internal@tbb@@IAE@ABVconcurrent_queue_base_v3@12@@Z 100021f0 f   concurrent_queue.obj
 0001:00001210       ??0concurrent_queue_iterator_base_v3@internal@tbb@@IAE@ABVconcurrent_queue_base_v3@12@I@Z 10002210 f   concurrent_queue.obj
 0001:00001230       ?assign@concurrent_queue_iterator_base_v3@internal@tbb@@IAEXABV123@@Z 10002230 f   concurrent_queue.obj
 0001:000012b0       ?advance@concurrent_queue_iterator_base_v3@internal@tbb@@IAEXXZ 100022b0 f   concurrent_queue.obj
 0001:00001340       ??1concurrent_queue_iterator_base_v3@internal@tbb@@IAE@XZ 10002340 f   concurrent_queue.obj
 0001:00001360       ??$spin_wait_until_eq@U?$atomic@I@tbb@@I@internal@tbb@@YAXADU?$atomic@I@1@I@Z 10002360 f i concurrent_queue.obj
 0001:000013a0       ??$spin_wait_while_eq@U?$atomic@I@tbb@@I@internal@tbb@@YAXADU?$atomic@I@1@I@Z 100023a0 f i concurrent_queue.obj
 0001:000013a0       ??$spin_wait_while_eq@U?$atomic@PAVsegment_t@concurrent_vector_base_v3@internal@tbb@@@tbb@@PAVsegment_t@concurrent_vector_base_v3@internal@2@@internal@tbb@@YAXADU?$atomic@PAVsegment_t@concurrent_vector_base_v3@internal@tbb@@@1@PAVsegment_t@concurrent_vector_base_v3@01@@Z 100023a0 f i concurrent_vector.obj
 0001:000013e0       ??$notify_relaxed@Upredicate_leq@internal@tbb@@@concurrent_monitor@internal@tbb@@QAEXABUpredicate_leq@12@@Z 100023e0 f i concurrent_queue.obj
 0001:000014a0       ?acquire_segment@helper@concurrent_vector_base_v3@internal@tbb@@SAAAVsegment_t@234@AAV234@II_N@Z 100024a0 f i concurrent_vector.obj
 0001:00001530       ??1helper@concurrent_vector_base_v3@internal@tbb@@QAE@XZ 10002530 f i concurrent_vector.obj
 0001:00001550       ?extend_segment_table@helper@concurrent_vector_base_v3@internal@tbb@@SAXAAV234@I@Z 10002550 f   concurrent_vector.obj
 0001:000016f0       ?enable_segment@helper@concurrent_vector_base_v3@internal@tbb@@SAIAAV234@II_N@Z 100026f0 f   concurrent_vector.obj
 0001:000018d0       ?cleanup@helper@concurrent_vector_base_v3@internal@tbb@@QAEXXZ 100028d0 f   concurrent_vector.obj
 0001:00001b00       ??1concurrent_vector_base_v3@internal@tbb@@IAE@XZ 10002b00 f   concurrent_vector.obj
 0001:00001b20       ?internal_capacity@concurrent_vector_base_v3@internal@tbb@@IBEIXZ 10002b20 f   concurrent_vector.obj
 0001:00001b60       ?internal_throw_exception@concurrent_vector_base_v3@internal@tbb@@IBEXI@Z 10002b60 f   concurrent_vector.obj
 0001:00001c00       ?internal_reserve@concurrent_vector_base_v3@internal@tbb@@IAEXIII@Z 10002c00 f   concurrent_vector.obj
 0001:00001cf0       ?internal_copy@concurrent_vector_base_v3@internal@tbb@@IAEXABV123@IP6AXPAXPBXI@Z@Z 10002cf0 f   concurrent_vector.obj
 0001:00001df0       ?internal_assign@concurrent_vector_base_v3@internal@tbb@@IAEXABV123@IP6AXPAXI@ZP6AX1PBXI@Z4@Z 10002df0 f   concurrent_vector.obj
 0001:00002040       ?internal_push_back@concurrent_vector_base_v3@internal@tbb@@IAEPAXIAAI@Z 10003040 f   concurrent_vector.obj
 0001:000020c0       ?internal_grow_to_at_least@concurrent_vector_base_v3@internal@tbb@@IAEXIIP6AXPAXPBXI@Z1@Z 100030c0 f   concurrent_vector.obj
 0001:000020d0       ?internal_grow_to_at_least_with_result@concurrent_vector_base_v3@internal@tbb@@IAEIIIP6AXPAXPBXI@Z1@Z 100030d0 f   concurrent_vector.obj
 0001:00002200       ?internal_grow_by@concurrent_vector_base_v3@internal@tbb@@IAEIIIP6AXPAXPBXI@Z1@Z 10003200 f   concurrent_vector.obj
 0001:00002230       ?internal_grow@concurrent_vector_base_v3@internal@tbb@@IAEXIIIP6AXPAXPBXI@Z1@Z 10003230 f   concurrent_vector.obj
 0001:00002490       ?internal_resize@concurrent_vector_base_v3@internal@tbb@@IAEXIIIPBXP6AXPAXI@ZP6AX10I@Z@Z 10003490 f   concurrent_vector.obj
 0001:000025d0       ?internal_clear@concurrent_vector_base_v3@internal@tbb@@IAEIP6AXPAXI@Z@Z 100035d0 f   concurrent_vector.obj
 0001:000026a0       ?internal_compact@concurrent_vector_base_v3@internal@tbb@@IAEPAXIPAXP6AX0I@ZP6AX0PBXI@Z@Z 100036a0 f   concurrent_vector.obj
 0001:00002a10       ?internal_swap@concurrent_vector_base_v3@internal@tbb@@IAEXAAV123@@Z 10003a10 f   concurrent_vector.obj
 0001:00002ab0       ??$spin_wait_while@Usegment_not_used_predicate@helper@concurrent_vector_base_v3@internal@tbb@@@internal@tbb@@YAXUsegment_not_used_predicate@helper@concurrent_vector_base_v3@01@@Z 10003ab0 f i concurrent_vector.obj
 0001:00002b00       ??$apply@Uinit_body@helper@concurrent_vector_base_v3@internal@tbb@@@helper@concurrent_vector_base_v3@internal@tbb@@QAEIABUinit_body@0123@@Z 10003b00 f i concurrent_vector.obj
 0001:00002bd0       ??$apply@Usafe_init_body@helper@concurrent_vector_base_v3@internal@tbb@@@helper@concurrent_vector_base_v3@internal@tbb@@QAEIABUsafe_init_body@0123@@Z 10003bd0 f i concurrent_vector.obj
 0001:00002d20       ??$apply@Udestroy_body@helper@concurrent_vector_base_v3@internal@tbb@@@helper@concurrent_vector_base_v3@internal@tbb@@QAEIABUdestroy_body@0123@@Z 10003d20 f i concurrent_vector.obj
 0001:00002e10       ??$_Uninit_fill_n@PAVsegment_t@concurrent_vector_base_v3@internal@tbb@@IV1234@@std@@YAXPAVsegment_t@concurrent_vector_base_v3@internal@tbb@@IABV1234@U_Nonscalar_ptr_iterator_tag@0@@Z 10003e10 f i concurrent_vector.obj
 0001:00002f30       ?dynamic_load@internal@tbb@@YAPAUHINSTANCE__@@PBDQBUdynamic_link_descriptor@12@I@Z 10003f30 f   dynamic_link.obj
 0001:00003050       ?dynamic_link@internal@tbb@@YA_NPBDQBUdynamic_link_descriptor@12@IPAPAUHINSTANCE__@@H@Z 10004050 f   dynamic_link.obj
 0001:00003110       ??$atomic_do_once@P6AXXZ@internal@tbb@@YAXABQ6AXXZAAU?$atomic@W4do_once_state@internal@tbb@@@1@@Z 10004110 f i dynamic_link.obj
 0001:00008030       ??3@YAXPAX0@Z              10009030 f   concurrent_queue.obj
 0001:00008030       ?internal_destroy@reader_writer_lock@interface5@tbb@@AAEXXZ 10009030 f   reader_writer_lock.obj
 0001:00008030       ?apply_active@stack_size_control@internal@tbb@@EBEXXZ 10009030 f   tbb_main.obj
 0001:00008380       ___itt_fini_ittlib         10009380 f   itt_notify.obj
 0001:00008400       ___itt_init_ittlib         10009400 f   itt_notify.obj
 0001:00008690       ?initialize_handler_pointers@internal@tbb@@YAXXZ 10009690 f   cache_aligned_allocator.obj
 0001:00008870       ?NFS_GetLineSize@internal@tbb@@YAIXZ 10009870 f   cache_aligned_allocator.obj
 0001:00008880       ?NFS_Allocate@internal@tbb@@YAPAXIIPAX@Z 10009880 f   cache_aligned_allocator.obj
 0001:000088f0       ?NFS_Free@internal@tbb@@YAXPAX@Z 100098f0 f   cache_aligned_allocator.obj
 0001:00008960       ?is_malloc_used_v3@internal@tbb@@YA_NXZ 10009960 f   cache_aligned_allocator.obj
 0001:00008990       ??0task_group_context@tbb@@QAE@W4kind_type@01@I@Z 10009990 f i pipeline.obj
 0001:000089e0       ??1task@tbb@@UAE@XZ        100099e0 f i pipeline.obj
 0001:000089f0       ??_Gwait_task@internal@interface7@tbb@@UAEPAXI@Z 100099f0 f i arena.obj
 0001:000089f0       ??_Gpipeline_root_task@internal@tbb@@UAEPAXI@Z 100099f0 f i pipeline.obj
 0001:000089f0       ??_Eempty_task@tbb@@UAEPAXI@Z 100099f0 f i  CIL library: CIL module
 0001:000089f0       ??_Gempty_task@tbb@@UAEPAXI@Z 100099f0 f i arena.obj
 0001:000089f0       ??_Epipeline_root_task@internal@tbb@@UAEPAXI@Z 100099f0 f i  CIL library: CIL module
 0001:000089f0       ??_Gtask@tbb@@UAEPAXI@Z    100099f0 f i pipeline.obj
 0001:000089f0       ??_Ewait_task@internal@interface7@tbb@@UAEPAXI@Z 100099f0 f i  CIL library: CIL module
 0001:000089f0       ??_Etask@tbb@@UAEPAXI@Z    100099f0 f i  CIL library: CIL module
 0001:00008a20       ??2@YAPAXIABVallocate_child_proxy@internal@tbb@@@Z 10009a20 f i pipeline.obj
 0001:00008a80       ??_Efilter@tbb@@UAEPAXI@Z  10009a80 f i  CIL library: CIL module
 0001:00008a80       ??_Gfilter@tbb@@UAEPAXI@Z  10009a80 f i pipeline.obj
 0001:00008ac0       ??0input_buffer@internal@tbb@@QAE@_N0@Z 10009ac0 f i pipeline.obj
 0001:00008b20       ?put_token@input_buffer@internal@tbb@@QAE_NAAUtask_info@23@_N@Z 10009b20 f i pipeline.obj
 0001:00008c50       ?return_item@input_buffer@internal@tbb@@QAE_NAAUtask_info@23@_N@Z 10009c50 f i pipeline.obj
 0001:00008d10       ?grow@input_buffer@internal@tbb@@AAEXK@Z 10009d10 f   pipeline.obj
 0001:00008e20       ??0stage_task@internal@tbb@@QAE@AAVpipeline@2@@Z 10009e20 f i pipeline.obj
 0001:00008e50       ?spawn_stage_task@stage_task@internal@tbb@@QAEXABUtask_info@23@@Z 10009e50 f i pipeline.obj
 0001:00008ee0       ??_Estage_task@internal@tbb@@UAEPAXI@Z 10009ee0 f i  CIL library: CIL module
 0001:00008ee0       ??_Gstage_task@internal@tbb@@UAEPAXI@Z 10009ee0 f i pipeline.obj
 0001:00008f70       ?execute@stage_task@internal@tbb@@UAEPAVtask@3@XZ 10009f70 f   pipeline.obj
 0001:000092c0       ?execute@pipeline_root_task@internal@tbb@@EAEPAVtask@3@XZ 1000a2c0 f i pipeline.obj
 0001:00009420       ??0pipeline_root_task@internal@tbb@@QAE@AAVpipeline@2@@Z 1000a420 f i pipeline.obj
 0001:00009470       ??1pipeline_cleaner@internal@tbb@@QAE@XZ 1000a470 f i pipeline.obj
 0001:000094a0       ?clear_filters@pipeline@tbb@@AAEXXZ 1000a4a0 f   pipeline.obj
 0001:00009530       ??0pipeline@tbb@@QAE@XZ    1000a530 f   pipeline.obj
 0001:00009550       ??_Epipeline@tbb@@UAEPAXI@Z 1000a550 f i  CIL library: CIL module
 0001:00009550       ??_Gpipeline@tbb@@UAEPAXI@Z 1000a550 f i pipeline.obj
 0001:00009580       ??1pipeline@tbb@@UAE@XZ    1000a580 f   pipeline.obj
 0001:00009590       ?clear@pipeline@tbb@@QAEXXZ 1000a590 f   pipeline.obj
 0001:00009630       ??_Ginput_buffer@internal@tbb@@QAEPAXI@Z 1000a630 f i pipeline.obj
 0001:00009680       ?add_filter@pipeline@tbb@@QAEXAAVfilter@2@@Z 1000a680 f   pipeline.obj
 0001:00009850       ?remove_filter@pipeline@tbb@@AAEXAAVfilter@2@@Z 1000a850 f   pipeline.obj
 0001:000098b0       ?run@pipeline@tbb@@QAEXIAAVtask_group_context@2@@Z 1000a8b0 f   pipeline.obj
 0001:000099c0       ?run@pipeline@tbb@@QAEXI@Z 1000a9c0 f   pipeline.obj
 0001:00009ac0       ??1filter@tbb@@UAE@XZ      1000aac0 f   pipeline.obj
 0001:00009af0       ?set_end_of_input@filter@tbb@@IAEXXZ 1000aaf0 f   pipeline.obj
 0001:00009b10       ?process_item@thread_bound_filter@tbb@@QAE?AW4result_type@12@XZ 1000ab10 f   pipeline.obj
 0001:00009b20       ?try_process_item@thread_bound_filter@tbb@@QAE?AW4result_type@12@XZ 1000ab20 f   pipeline.obj
 0001:00009b30       ?internal_process_item@thread_bound_filter@tbb@@AAE?AW4result_type@12@_N@Z 1000ab30 f   pipeline.obj
 0001:00009d00       ??$note_done@Vstage_task@internal@tbb@@@input_buffer@internal@tbb@@QAEXKAAVstage_task@12@@Z 1000ad00 f i pipeline.obj
 0001:00009dd0       ?acquire@scoped_lock@queuing_mutex@tbb@@QAEXAAV23@@Z 1000add0 f   queuing_mutex.obj
 0001:00009e30       ?try_acquire@scoped_lock@queuing_mutex@tbb@@QAE_NAAV23@@Z 1000ae30 f   queuing_mutex.obj
 0001:00009e80       ?release@scoped_lock@queuing_mutex@tbb@@QAEXXZ 1000ae80 f   queuing_mutex.obj
 0001:00009ed0       ?internal_construct@queuing_mutex@tbb@@QAEXXZ 1000aed0 f   queuing_mutex.obj
 0001:00009ef0       ??$spin_wait_while_eq@PAXPAX@internal@tbb@@YAXADSAXPAX@Z 1000aef0 f i concurrent_vector_v2.obj
 0001:00009ef0       ??$spin_wait_while_eq@IK@internal@tbb@@YAXADIK@Z 1000aef0 f i queuing_mutex.obj
 0001:00009ef0       ??$spin_wait_while_eq@PAVscoped_lock@queuing_rw_mutex@tbb@@PAX@internal@tbb@@YAXADSAVscoped_lock@queuing_rw_mutex@1@PAX@Z 1000aef0 f i queuing_rw_mutex.obj
 0001:00009ef0       ??$spin_wait_while_eq@PAVscoped_lock@queuing_mutex@tbb@@PAV123@@internal@tbb@@YAXADSAVscoped_lock@queuing_mutex@1@PAV231@@Z 1000aef0 f i queuing_mutex.obj
 0001:00009ef0       ??$spin_wait_while_eq@PAVtask_group_context@tbb@@PAV12@@internal@tbb@@YAXADSAVtask_group_context@1@PAV21@@Z 1000aef0 f i arena.obj
 0001:00009ef0       ??$spin_wait_while_eq@PAVscoped_lock@reader_writer_lock@interface5@tbb@@PAV1234@@internal@tbb@@YAXADSAVscoped_lock@reader_writer_lock@interface5@1@PAV2341@@Z 1000aef0 f i reader_writer_lock.obj
 0001:00009f30       ?wait_for_release_of_internal_lock@scoped_lock@queuing_rw_mutex@tbb@@AAEXXZ 1000af30 f i queuing_rw_mutex.obj
 0001:00009f70       ?acquire@scoped_lock@queuing_rw_mutex@tbb@@QAEXAAV23@_N@Z 1000af70 f   queuing_rw_mutex.obj
 0001:0000a090       ?try_acquire@scoped_lock@queuing_rw_mutex@tbb@@QAE_NAAV23@_N@Z 1000b090 f   queuing_rw_mutex.obj
 0001:0000a0f0       ?release@scoped_lock@queuing_rw_mutex@tbb@@QAEXXZ 1000b0f0 f   queuing_rw_mutex.obj
 0001:0000a330       ?downgrade_to_reader@scoped_lock@queuing_rw_mutex@tbb@@QAE_NXZ 1000b330 f   queuing_rw_mutex.obj
 0001:0000a3a0       ?upgrade_to_writer@scoped_lock@queuing_rw_mutex@tbb@@QAE_NXZ 1000b3a0 f   queuing_rw_mutex.obj
 0001:0000a710       ?internal_construct@queuing_rw_mutex@tbb@@QAEXXZ 1000b710 f   queuing_rw_mutex.obj
 0001:0000a730       ??$spin_wait_while_eq@EH@internal@tbb@@YAXADEH@Z 1000b730 f i queuing_rw_mutex.obj
 0001:0000a770       ??$spin_wait_until_eq@EH@internal@tbb@@YAXADEH@Z 1000b770 f i queuing_rw_mutex.obj
 0001:0000a7b0       ??$spin_wait_while_eq@PAVscoped_lock@queuing_rw_mutex@tbb@@PAV123@@internal@tbb@@YAXADSAVscoped_lock@queuing_rw_mutex@1@PAV231@@Z 1000b7b0 f i queuing_rw_mutex.obj
 0001:0000a7f0       ??1scoped_lock_read@reader_writer_lock@interface5@tbb@@QAE@XZ 1000b7f0 f i reader_writer_lock.obj
 0001:0000a820       ?fetch_and_or@interface5@tbb@@YAIAAU?$atomic@I@2@I@Z 1000b820 f i reader_writer_lock.obj
 0001:0000a880       ?fetch_and_and@interface5@tbb@@YAIAAU?$atomic@I@2@I@Z 1000b880 f i reader_writer_lock.obj
 0001:0000a8e0       ?internal_construct@reader_writer_lock@interface5@tbb@@AAEXXZ 1000b8e0 f   reader_writer_lock.obj
 0001:0000a900       ?lock@reader_writer_lock@interface5@tbb@@QAEXXZ 1000b900 f   reader_writer_lock.obj
 0001:0000a980       ?try_lock@reader_writer_lock@interface5@tbb@@QAE_NXZ 1000b980 f   reader_writer_lock.obj
 0001:0000a9e0       ?start_write@reader_writer_lock@interface5@tbb@@AAE_NPAVscoped_lock@123@@Z 1000b9e0 f   reader_writer_lock.obj
 0001:0000aaf0       ?set_next_writer@reader_writer_lock@interface5@tbb@@AAEXPAVscoped_lock@123@@Z 1000baf0 f   reader_writer_lock.obj
 0001:0000ab60       ?lock_read@reader_writer_lock@interface5@tbb@@QAEXXZ 1000bb60 f   reader_writer_lock.obj
 0001:0000ac30       ?try_lock_read@reader_writer_lock@interface5@tbb@@QAE_NXZ 1000bc30 f   reader_writer_lock.obj
 0001:0000ac80       ?start_read@reader_writer_lock@interface5@tbb@@AAEXPAVscoped_lock_read@123@@Z 1000bc80 f   reader_writer_lock.obj
 0001:0000ad50       ?unlock@reader_writer_lock@interface5@tbb@@QAEXXZ 1000bd50 f   reader_writer_lock.obj
 0001:0000adb0       ?end_write@reader_writer_lock@interface5@tbb@@AAEXPAVscoped_lock@123@@Z 1000bdb0 f   reader_writer_lock.obj
 0001:0000ae60       ?internal_construct@scoped_lock@reader_writer_lock@interface5@tbb@@AAEXAAV234@@Z 1000be60 f   reader_writer_lock.obj
 0001:0000aec0       ?internal_construct@scoped_lock_read@reader_writer_lock@interface5@tbb@@AAEXAAV234@@Z 1000bec0 f   reader_writer_lock.obj
 0001:0000af20       ?internal_destroy@scoped_lock@reader_writer_lock@interface5@tbb@@AAEXXZ 1000bf20 f   reader_writer_lock.obj
 0001:0000af40       ?internal_destroy@scoped_lock_read@reader_writer_lock@interface5@tbb@@AAEXXZ 1000bf40 f   reader_writer_lock.obj
 0001:0000af70       ??$spin_wait_while_eq@U?$atomic@W4status_t@reader_writer_lock@interface5@tbb@@@tbb@@W4status_t@reader_writer_lock@interface5@2@@internal@tbb@@YAXADU?$atomic@W4status_t@reader_writer_lock@interface5@tbb@@@1@W4status_t@reader_writer_lock@interface5@1@@Z 1000bf70 f i reader_writer_lock.obj
 0001:0000afb0       ??$spin_wait_until_and@U?$atomic@I@tbb@@I@interface5@tbb@@YAXADU?$atomic@I@1@I@Z 1000bfb0 f i reader_writer_lock.obj
 0001:0000aff0       ??$spin_wait_while_geq@U?$atomic@I@tbb@@I@interface5@tbb@@YAXADU?$atomic@I@1@I@Z 1000bff0 f i reader_writer_lock.obj
 0001:0000b030       ?internal_acquire_writer@spin_rw_mutex_v3@tbb@@AAE_NXZ 1000c030 f   spin_rw_mutex.obj
 0001:0000b0d0       ?internal_release_writer@spin_rw_mutex_v3@tbb@@AAEXXZ 1000c0d0 f   spin_rw_mutex.obj
 0001:0000b0f0       ?internal_acquire_reader@spin_rw_mutex_v3@tbb@@AAEXXZ 1000c0f0 f   spin_rw_mutex.obj
 0001:0000b160       ?internal_upgrade@spin_rw_mutex_v3@tbb@@AAE_NXZ 1000c160 f   spin_rw_mutex.obj
 0001:0000b240       ?internal_downgrade@spin_rw_mutex_v3@tbb@@AAEXXZ 1000c240 f   spin_rw_mutex.obj
 0001:0000b260       ?internal_release_reader@spin_rw_mutex_v3@tbb@@AAEXXZ 1000c260 f   spin_rw_mutex.obj
 0001:0000b280       ?internal_try_acquire_writer@spin_rw_mutex_v3@tbb@@AAE_NXZ 1000c280 f   spin_rw_mutex.obj
 0001:0000b2e0       ?internal_try_acquire_reader@spin_rw_mutex_v3@tbb@@AAE_NXZ 1000c2e0 f   spin_rw_mutex.obj
 0001:0000b320       ?internal_construct@spin_rw_mutex_v3@tbb@@AAEXXZ 1000c320 f   spin_rw_mutex.obj
 0001:0000b340       ?internal_acquire@scoped_lock@spin_mutex@tbb@@AAEXAAV23@@Z 1000c340 f   spin_mutex.obj
 0001:0000b380       ?internal_release@scoped_lock@spin_mutex@tbb@@AAEXXZ 1000c380 f   spin_mutex.obj
 0001:0000b3b0       ?internal_try_acquire@scoped_lock@spin_mutex@tbb@@AAE_NAAV23@@Z 1000c3b0 f   spin_mutex.obj
 0001:0000b3f0       ?internal_construct@spin_mutex@tbb@@QAEXXZ 1000c3f0 f   spin_mutex.obj
 0001:0000b410       ?internal_construct@critical_section_v4@internal@tbb@@QAEXXZ 1000c410 f   critical_section.obj
 0001:0000b430       ?internal_acquire@scoped_lock@mutex@tbb@@AAEXAAV23@@Z 1000c430 f   mutex.obj
 0001:0000b480       ?internal_release@scoped_lock@mutex@tbb@@AAEXXZ 1000c480 f   mutex.obj
 0001:0000b4b0       ?internal_try_acquire@scoped_lock@mutex@tbb@@AAE_NAAV23@@Z 1000c4b0 f   mutex.obj
 0001:0000b4e0       ?internal_construct@mutex@tbb@@AAEXXZ 1000c4e0 f   mutex.obj
 0001:0000b520       ?internal_acquire@scoped_lock@recursive_mutex@tbb@@AAEXAAV23@@Z 1000c520 f   recursive_mutex.obj
 0001:0000b550       ?internal_release@scoped_lock@recursive_mutex@tbb@@AAEXXZ 1000c550 f   recursive_mutex.obj
 0001:0000b570       ?internal_try_acquire@scoped_lock@recursive_mutex@tbb@@AAE_NAAV23@@Z 1000c570 f   recursive_mutex.obj
 0001:0000b5a0       ?internal_construct@recursive_mutex@tbb@@AAEXXZ 1000c5a0 f   recursive_mutex.obj
 0001:0000b5e0       ?internal_destroy@recursive_mutex@tbb@@AAEXXZ 1000c5e0 f   recursive_mutex.obj
 0001:0000b5e0       ?internal_destroy@mutex@tbb@@AAEXXZ 1000c5e0 f   mutex.obj
 0001:0000b600       ?init_condvar_using_event@internal@tbb@@YGXPAUcondition_variable_using_event@1interface5@2@@Z 1000c600 f   condition_variable.obj
 0001:0000b640       ?sleep_condition_variable_cs_using_event@internal@tbb@@YGHPAUcondition_variable_using_event@1interface5@2@PAU_RTL_CRITICAL_SECTION@@K@Z 1000c640 f   condition_variable.obj
 0001:0000b720       ?wake_condition_variable_using_event@internal@tbb@@YGXPAUcondition_variable_using_event@1interface5@2@@Z 1000c720 f   condition_variable.obj
 0001:0000b760       ?wake_all_condition_variable_using_event@internal@tbb@@YGXPAUcondition_variable_using_event@1interface5@2@@Z 1000c760 f   condition_variable.obj
 0001:0000b7a0       ?destroy_condvar_using_event@internal@tbb@@YGXPAUcondition_variable_using_event@1interface5@2@@Z 1000c7a0 f   condition_variable.obj
 0001:0000b7f0       ?destroy_condvar_noop@internal@tbb@@YGXPAU_RTL_CONDITION_VARIABLE@@@Z 1000c7f0 f   condition_variable.obj
 0001:0000b7f0       ?finalize@filter@tbb@@UAEXPAX@Z 1000c7f0 f   pipeline.obj
 0001:0000b7f0       ?unregister_master@private_server@rml@internal@tbb@@UAEXPAX@Z 1000c7f0 f   private_server.obj
 0001:0000b7f0       ?inject_token@pipeline@tbb@@AAEXAAVtask@2@@Z 1000c7f0 f   pipeline.obj
 0001:0000b7f0       ?register_master@private_server@rml@internal@tbb@@UAEXAAPAX@Z 1000c7f0 f   private_server.obj
 0001:0000b7f0       ?note_affinity@task@tbb@@UAEXG@Z 1000c7f0 f   task.obj
 0001:0000b7f0       ?independent_thread_number_changed@private_server@rml@internal@tbb@@UAEXH@Z 1000c7f0 f   private_server.obj
 0001:0000b800       ?init_condvar_module@internal@tbb@@YAXXZ 1000c800 f   condition_variable.obj
 0001:0000b8f0       ?internal_initialize_condition_variable@internal@interface5@tbb@@YAXAATcondvar_impl_t@123@@Z 1000c8f0 f   condition_variable.obj
 0001:0000b920       ?internal_destroy_condition_variable@internal@interface5@tbb@@YAXAATcondvar_impl_t@123@@Z 1000c920 f   condition_variable.obj
 0001:0000b930       ?internal_condition_variable_notify_one@internal@interface5@tbb@@YAXAATcondvar_impl_t@123@@Z 1000c930 f   condition_variable.obj
 0001:0000b940       ?internal_condition_variable_notify_all@internal@interface5@tbb@@YAXAATcondvar_impl_t@123@@Z 1000c940 f   condition_variable.obj
 0001:0000b950       ?internal_condition_variable_wait@internal@interface5@tbb@@YA_NAATcondvar_impl_t@123@PAVmutex@3@PBVinterval_t@tick_count@3@@Z 1000c950 f   condition_variable.obj
 0001:0000b9c0       ??$spin_wait_until_eq@HH@internal@tbb@@YAXADHH@Z 1000c9c0 f i condition_variable.obj
 0001:0000ba00       ?default_num_threads@governor@internal@tbb@@SAIXZ 1000ca00 f i tbb_thread.obj
 0001:0000ba00       ?hardware_concurrency@tbb_thread_v3@internal@tbb@@SAIXZ 1000ca00 f i tbb_thread.obj
 0001:0000ba00       ?default_num_threads@task_scheduler_init@tbb@@SAHXZ 1000ca00 f i governor.obj
 0001:0000ba40       ?allocate_via_handler_v3@internal@tbb@@YAPAXI@Z 1000ca40 f   cache_aligned_allocator.obj
 0001:0000ba40       ?allocate_closure_v3@internal@tbb@@YAPAXI@Z 1000ca40 f   tbb_thread.obj
 0001:0000ba80       ?deallocate_via_handler_v3@internal@tbb@@YAXPAX@Z 1000ca80 f   cache_aligned_allocator.obj
 0001:0000ba80       ?free_closure_v3@internal@tbb@@YAXPAX@Z 1000ca80 f   tbb_thread.obj
 0001:0000baa0       ?join@tbb_thread_v3@internal@tbb@@QAEXXZ 1000caa0 f   tbb_thread.obj
 0001:0000bb20       ?detach@tbb_thread_v3@internal@tbb@@QAEXXZ 1000cb20 f   tbb_thread.obj
 0001:0000bb60       ?internal_start@tbb_thread_v3@internal@tbb@@AAEXP6GIPAX@Z0@Z 1000cb60 f   tbb_thread.obj
 0001:0000bbc0       ?thread_get_id_v3@internal@tbb@@YA?AVid@tbb_thread_v3@12@XZ 1000cbc0 f   tbb_thread.obj
 0001:0000bbe0       ?move_v3@internal@tbb@@YAXAAVtbb_thread_v3@12@0@Z 1000cbe0 f   tbb_thread.obj
 0001:0000bc30       ?thread_sleep_v3@internal@tbb@@YAXABVinterval_t@tick_count@2@@Z 1000cc30 f   tbb_thread.obj
 0001:0000bd00       ?init@thread_context@concurrent_monitor@internal@tbb@@AAEXXZ 1000cd00 f   concurrent_monitor.obj
 0001:0000bd20       ?prepare_wait@concurrent_monitor@internal@tbb@@QAEXAAVthread_context@123@I@Z 1000cd20 f   concurrent_monitor.obj
 0001:0000bd90       ?cancel_wait@concurrent_monitor@internal@tbb@@QAEXAAVthread_context@123@@Z 1000cd90 f   concurrent_monitor.obj
 0001:0000bde0       ?notify_all_relaxed@concurrent_monitor@internal@tbb@@QAEXXZ 1000cde0 f   concurrent_monitor.obj
 0001:0000be80       ?abort_all_relaxed@concurrent_monitor@internal@tbb@@QAEXXZ 1000ce80 f   concurrent_monitor.obj
 0001:0000bf20       ?launch@thread_monitor@internal@rml@@SAPAXP6GIPAX@Z0IPBI@Z 1000cf20 f i private_server.obj
 0001:0000bfe0       ?request_close_connection@private_server@rml@internal@tbb@@UAEX_N@Z 1000cfe0 f i private_server.obj
 0001:0000c040       ?yield@private_server@rml@internal@tbb@@UAEXXZ 1000d040 f i private_server.obj
 0001:0000c040       ?thread_yield_v3@internal@tbb@@YAXXZ 1000d040 f i tbb_thread.obj
 0001:0000c050       ?default_concurrency@private_server@rml@internal@tbb@@UBEIXZ 1000d050 f i private_server.obj
 0001:0000c090       ?thread_routine@private_worker@rml@internal@tbb@@CGIPAX@Z 1000d090 f   private_server.obj
 0001:0000c0e0       ?start_shutdown@private_worker@rml@internal@tbb@@AAEXXZ 1000d0e0 f   private_server.obj
 0001:0000c180       ?run@private_worker@rml@internal@tbb@@AAEXXZ 1000d180 f   private_server.obj
 0001:0000c320       ??0private_server@rml@internal@tbb@@QAE@AAVtbb_client@123@@Z 1000d320 f   private_server.obj
 0001:0000c4c0       ??_Eprivate_server@rml@internal@tbb@@EAEPAXI@Z 1000d4c0 f i  CIL library: CIL module
 0001:0000c4c0       ??_Gprivate_server@rml@internal@tbb@@EAEPAXI@Z 1000d4c0 f i private_server.obj
 0001:0000c4f0       ??1private_server@rml@internal@tbb@@EAE@XZ 1000d4f0 f   private_server.obj
 0001:0000c540       ?wake_some@private_server@rml@internal@tbb@@AAEXH@Z 1000d540 f   private_server.obj
 0001:0000c680       ?adjust_job_count_estimate@private_server@rml@internal@tbb@@UAEXH@Z 1000d680 f   private_server.obj
 0001:0000c6b0       ?open@tbb_factory@rml@internal@tbb@@QAE?AW4status_type@factory@2@XZ 1000d6b0 f   rml_tbb.obj
 0001:0000c7e0       ?set_assertion_handler@tbb@@YAP6AXPBDH00@ZP6AX0H00@Z@Z 1000d7e0 f   tbb_misc.obj
 0001:0000c800       ?assertion_failure@tbb@@YAXPBDH00@Z 1000d800 f   tbb_misc.obj
 0001:0000c880       ?runtime_warning@internal@tbb@@YAXPBDZZ 1000d880 f   tbb_misc.obj
 0001:0000c8f0       ??0bad_alloc@std@@QAE@XZ   1000d8f0 f i tbb_misc.obj
 0001:0000c920       ??_Ebad_alloc@std@@UAEPAXI@Z 1000d920 f i  CIL library: CIL module
 0001:0000c920       ??_Ebad_last_alloc@tbb@@UAEPAXI@Z 1000d920 f i  CIL library: CIL module
 0001:0000c920       ??_Gbad_last_alloc@tbb@@UAEPAXI@Z 1000d920 f i tbb_misc.obj
 0001:0000c920       ??_Gbad_alloc@std@@UAEPAXI@Z 1000d920 f i tbb_misc.obj
 0001:0000c950       ??1improper_lock@tbb@@UAE@XZ 1000d950 f i tbb_misc.obj
 0001:0000c950       ??1missing_wait@tbb@@UAE@XZ 1000d950 f i tbb_misc.obj
 0001:0000c950       ??1out_of_range@std@@UAE@XZ 1000d950 f i tbb_misc.obj
 0001:0000c950       ??1runtime_error@std@@UAE@XZ 1000d950 f i tbb_misc.obj
 0001:0000c950       ??1invalid_multiple_scheduling@tbb@@UAE@XZ 1000d950 f i tbb_misc.obj
 0001:0000c950       ??1length_error@std@@UAE@XZ 1000d950 f i tbb_misc.obj
 0001:0000c950       ??1user_abort@tbb@@UAE@XZ  1000d950 f i tbb_misc.obj
 0001:0000c950       ??1range_error@std@@UAE@XZ 1000d950 f i tbb_misc.obj
 0001:0000c950       ??1invalid_argument@std@@UAE@XZ 1000d950 f i tbb_misc.obj
 0001:0000c960       ??0runtime_error@std@@QAE@ABV01@@Z 1000d960 f i tbb_misc.obj
 0001:0000c980       ?what@bad_last_alloc@tbb@@UBEPBDXZ 1000d980 f   tbb_misc.obj
 0001:0000c990       ?what@improper_lock@tbb@@UBEPBDXZ 1000d990 f   tbb_misc.obj
 0001:0000c9a0       ?what@user_abort@tbb@@UBEPBDXZ 1000d9a0 f   tbb_misc.obj
 0001:0000c9b0       ?what@invalid_multiple_scheduling@tbb@@UBEPBDXZ 1000d9b0 f   tbb_misc.obj
 0001:0000c9c0       ?what@missing_wait@tbb@@UBEPBDXZ 1000d9c0 f   tbb_misc.obj
 0001:0000c9d0       ?handle_perror@internal@tbb@@YAXHPBD@Z 1000d9d0 f   tbb_misc.obj
 0001:0000ca50       ?handle_win_error@internal@tbb@@YAXH@Z 1000da50 f   tbb_misc.obj
 0001:0000cac0       ?throw_bad_last_alloc_exception_v4@internal@tbb@@YAXXZ 1000dac0 f   tbb_misc.obj
 0001:0000cb00       ?throw_exception_v4@internal@tbb@@YAXW4exception_id@12@@Z 1000db00 f   tbb_misc.obj
 0001:0000ceb0       ??1bad_last_alloc@tbb@@UAE@XZ 1000deb0 f i tbb_misc.obj
 0001:0000ceb0       ??1bad_alloc@std@@UAE@XZ   1000deb0 f i tbb_misc.obj
 0001:0000cec0       ??0bad_alloc@std@@QAE@ABV01@@Z 1000dec0 f i tbb_misc.obj
 0001:0000cee0       ??0bad_last_alloc@tbb@@QAE@ABV01@@Z 1000dee0 f i tbb_misc.obj
 0001:0000cf00       ??0invalid_argument@std@@QAE@ABV01@@Z 1000df00 f i tbb_misc.obj
 0001:0000cf20       ??0logic_error@std@@QAE@ABV01@@Z 1000df20 f i tbb_misc.obj
 0001:0000cf40       ??0out_of_range@std@@QAE@ABV01@@Z 1000df40 f i tbb_misc.obj
 0001:0000cf60       ??0range_error@std@@QAE@ABV01@@Z 1000df60 f i tbb_misc.obj
 0001:0000cf80       ??0missing_wait@tbb@@QAE@ABV01@@Z 1000df80 f i tbb_misc.obj
 0001:0000cfa0       ??0invalid_multiple_scheduling@tbb@@QAE@ABV01@@Z 1000dfa0 f i tbb_misc.obj
 0001:0000cfc0       ??0improper_lock@tbb@@QAE@ABV01@@Z 1000dfc0 f i tbb_misc.obj
 0001:0000cfe0       ??0length_error@std@@QAE@ABV01@@Z 1000dfe0 f i tbb_misc.obj
 0001:0000d000       ??0user_abort@tbb@@QAE@ABV01@@Z 1000e000 f i tbb_misc.obj
 0001:0000d020       ??_Eimproper_lock@tbb@@UAEPAXI@Z 1000e020 f i  CIL library: CIL module
 0001:0000d020       ??_Grange_error@std@@UAEPAXI@Z 1000e020 f i tbb_misc.obj
 0001:0000d020       ??_Euser_abort@tbb@@UAEPAXI@Z 1000e020 f i  CIL library: CIL module
 0001:0000d020       ??_Glength_error@std@@UAEPAXI@Z 1000e020 f i tbb_misc.obj
 0001:0000d020       ??_Glogic_error@std@@UAEPAXI@Z 1000e020 f i tbb_misc.obj
 0001:0000d020       ??_Gruntime_error@std@@UAEPAXI@Z 1000e020 f i tbb_misc.obj
 0001:0000d020       ??_Gout_of_range@std@@UAEPAXI@Z 1000e020 f i tbb_misc.obj
 0001:0000d020       ??_Eout_of_range@std@@UAEPAXI@Z 1000e020 f i  CIL library: CIL module
 0001:0000d020       ??_Eruntime_error@std@@UAEPAXI@Z 1000e020 f i  CIL library: CIL module
 0001:0000d020       ??_Guser_abort@tbb@@UAEPAXI@Z 1000e020 f i tbb_misc.obj
 0001:0000d020       ??_Ginvalid_argument@std@@UAEPAXI@Z 1000e020 f i tbb_misc.obj
 0001:0000d020       ??_Gimproper_lock@tbb@@UAEPAXI@Z 1000e020 f i tbb_misc.obj
 0001:0000d020       ??_Einvalid_argument@std@@UAEPAXI@Z 1000e020 f i  CIL library: CIL module
 0001:0000d020       ??_Gmissing_wait@tbb@@UAEPAXI@Z 1000e020 f i tbb_misc.obj
 0001:0000d020       ??_Einvalid_multiple_scheduling@tbb@@UAEPAXI@Z 1000e020 f i  CIL library: CIL module
 0001:0000d020       ??_Elength_error@std@@UAEPAXI@Z 1000e020 f i  CIL library: CIL module
 0001:0000d020       ??_Erange_error@std@@UAEPAXI@Z 1000e020 f i  CIL library: CIL module
 0001:0000d020       ??_Elogic_error@std@@UAEPAXI@Z 1000e020 f i  CIL library: CIL module
 0001:0000d020       ??_Emissing_wait@tbb@@UAEPAXI@Z 1000e020 f i  CIL library: CIL module
 0001:0000d020       ??_Ginvalid_multiple_scheduling@tbb@@UAEPAXI@Z 1000e020 f i tbb_misc.obj
 0001:0000d050       ?PrintExtraVersionInfo@internal@tbb@@YAXPBD0ZZ 1000e050 f   tbb_misc.obj
 0001:0000d0d0       ?PrintRMLVersionInfo@internal@tbb@@YAXPAXPBD@Z 1000e0d0 f   tbb_misc.obj
 0001:0000d0f0       _TBB_runtime_interface_version 1000e0f0 f   tbb_misc.obj
 0001:0000d100       ___TBB_machine_store8_slow 1000e100 f   tbb_misc.obj
 0001:0000d3b0       ?FindProcessorGroupIndex@internal@tbb@@YAHH@Z 1000e3b0 f   tbb_misc_ex.obj
 0001:0000d460       ?local_scheduler_weak@governor@internal@tbb@@SAPAVgeneric_scheduler@23@XZ 1000e460 f i task.obj
 0001:0000d4b0       ?allocate@allocate_root_proxy@internal@tbb@@SAAAVtask@3@I@Z 1000e4b0 f   task.obj
 0001:0000d530       ?free@allocate_root_proxy@internal@tbb@@SAXAAVtask@3@@Z 1000e530 f   task.obj
 0001:0000d5b0       ?allocate@allocate_root_with_context_proxy@internal@tbb@@QBEAAVtask@3@I@Z 1000e5b0 f   task.obj
 0001:0000d6a0       ?free@allocate_root_with_context_proxy@internal@tbb@@QBEXAAVtask@3@@Z 1000e6a0 f   task.obj
 0001:0000d6a0       ?free@allocate_child_proxy@internal@tbb@@QBEXAAVtask@3@@Z 1000e6a0 f   task.obj
 0001:0000d720       ?allocate@allocate_continuation_proxy@internal@tbb@@QBEAAVtask@3@I@Z 1000e720 f   task.obj
 0001:0000d790       ?free@allocate_continuation_proxy@internal@tbb@@QBEXAAVtask@3@@Z 1000e790 f   task.obj
 0001:0000d810       ?allocate@allocate_child_proxy@internal@tbb@@QBEAAVtask@3@I@Z 1000e810 f   task.obj
 0001:0000d880       ?allocate@allocate_additional_child_of_proxy@internal@tbb@@QBEAAVtask@3@I@Z 1000e880 f   task.obj
 0001:0000d900       ?free@allocate_additional_child_of_proxy@internal@tbb@@QBEXAAVtask@3@@Z 1000e900 f   task.obj
 0001:0000d9b0       ?get_initial_auto_partitioner_divisor@internal@tbb@@YAIXZ 1000e9b0 f   task.obj
 0001:0000da00       ?resize@affinity_partitioner_base_v3@internal@tbb@@AAEXI@Z 1000ea00 f   task.obj
 0001:0000daa0       ?internal_set_ref_count@task@tbb@@AAEXH@Z 1000eaa0 f   task.obj
 0001:0000dad0       ?internal_decrement_ref_count@task@tbb@@AAEHXZ 1000ead0 f   task.obj
 0001:0000db10       ?self@task@tbb@@SAAAV12@XZ 1000eb10 f   task.obj
 0001:0000db70       ?is_owned_by_current_thread@task@tbb@@QBE_NXZ 1000eb70 f   task.obj
 0001:0000db80       ?destroy@task_base@internal@interface5@tbb@@SAXAAVtask@4@@Z 1000eb80 f   task.obj
 0001:0000dc50       ?spawn_and_wait_for_all@task@tbb@@QAEXAAVtask_list@2@@Z 1000ec50 f   task.obj
 0001:0000dcc0       ?change_group@task@tbb@@QAEXAAVtask_group_context@2@@Z 1000ecc0 f   task.obj
 0001:0000dd80       ?get_env@cpu_ctl_env@internal@tbb@@QAEXXZ 1000ed80 f i task_group_context.obj
 0001:0000dda0       ??1_Exception_ptr@std@@QAE@XZ 1000eda0 f i task_group_context.obj
 0001:0000ddb0       ?_Current_exception@_Exception_ptr@std@@SA?AV12@XZ 1000edb0 f i task_group_context.obj
 0001:0000de20       ?_Copy_exception@_Exception_ptr@std@@SA?AV12@PAXPBX@Z 1000ee20 f i task_group_context.obj
 0001:0000deb0       ?current_exception@std@@YA?AV_Exception_ptr@1@XZ 1000eeb0 f i task_group_context.obj
 0001:0000ded0       ??0captured_exception@tbb@@QAE@ABV01@@Z 1000eed0 f i task_group_context.obj
 0001:0000df10       ?throw_self@captured_exception@tbb@@UAEXXZ 1000ef10 f i task_group_context.obj
 0001:0000df50       ??_Ecaptured_exception@tbb@@UAEPAXI@Z 1000ef50 f i  CIL library: CIL module
 0001:0000df50       ??_Gcaptured_exception@tbb@@UAEPAXI@Z 1000ef50 f i task_group_context.obj
 0001:0000dfa0       ??0tbb_exception@tbb@@QAE@ABV01@@Z 1000efa0 f i task_group_context.obj
 0001:0000dfc0       ??_Gtbb_exception@tbb@@UAEPAXI@Z 1000efc0 f i task_group_context.obj
 0001:0000dfc0       ??_Etbb_exception@tbb@@UAEPAXI@Z 1000efc0 f i  CIL library: CIL module
 0001:0000dff0       ??1captured_exception@tbb@@UAE@XZ 1000eff0 f   task_group_context.obj
 0001:0000e030       ?set@captured_exception@tbb@@QAEXPBD0@Z 1000f030 f   task_group_context.obj
 0001:0000e0f0       ?clear@captured_exception@tbb@@QAEXXZ 1000f0f0 f   task_group_context.obj
 0001:0000e120       ?move@captured_exception@tbb@@UAEPAV12@XZ 1000f120 f   task_group_context.obj
 0001:0000e190       ?destroy@captured_exception@tbb@@UAEXXZ 1000f190 f   task_group_context.obj
 0001:0000e1e0       ?allocate@captured_exception@tbb@@SAPAV12@PBD0@Z 1000f1e0 f   task_group_context.obj
 0001:0000e270       ?name@captured_exception@tbb@@UBEPBDXZ 1000f270 f   task_group_context.obj
 0001:0000e280       ?what@captured_exception@tbb@@UBEPBDXZ 1000f280 f   task_group_context.obj
 0001:0000e290       ?allocate@tbb_exception_ptr@internal@tbb@@SAPAV123@XZ 1000f290 f   task_group_context.obj
 0001:0000e290       ?allocate@tbb_exception_ptr@internal@tbb@@SAPAV123@ABVtbb_exception@3@@Z 1000f290 f   task_group_context.obj
 0001:0000e330       ?allocate@tbb_exception_ptr@internal@tbb@@SAPAV123@AAVcaptured_exception@3@@Z 1000f330 f   task_group_context.obj
 0001:0000e350       ??1task_group_context@tbb@@QAE@XZ 1000f350 f   task_group_context.obj
 0001:0000e520       ?init@task_group_context@tbb@@IAEXXZ 1000f520 f   task_group_context.obj
 0001:0000e560       ?register_with@task_group_context@tbb@@QAEXPAVgeneric_scheduler@internal@2@@Z 1000f560 f   task_group_context.obj
 0001:0000e610       ?bind_to@task_group_context@tbb@@QAEXPAVgeneric_scheduler@internal@2@@Z 1000f610 f   task_group_context.obj
 0001:0000e700       ?cancel_group_execution@task_group_context@tbb@@QAE_NXZ 1000f700 f   task_group_context.obj
 0001:0000e740       ?is_group_execution_cancelled@task_group_context@tbb@@QBE_NXZ 1000f740 f   task_group_context.obj
 0001:0000e750       ?reset@task_group_context@tbb@@QAEXXZ 1000f750 f   task_group_context.obj
 0001:0000e790       ?capture_fp_settings@task_group_context@tbb@@QAEXXZ 1000f790 f   task_group_context.obj
 0001:0000e7b0       ?register_pending_exception@task_group_context@tbb@@QAEXXZ 1000f7b0 f   task_group_context.obj
 0001:0000e8f0       ?set_priority@task_group_context@tbb@@QAEXW4priority_t@2@@Z 1000f8f0 f   task_group_context.obj
 0001:0000e970       ?priority@task_group_context@tbb@@QBE?AW4priority_t@2@XZ 1000f970 f   task_group_context.obj
 0001:0000e980       ??$copy_exception@Vcaptured_exception@tbb@@@std@@YA?AV_Exception_ptr@0@Vcaptured_exception@tbb@@@Z 1000f980 f i task_group_context.obj
 0001:0000ea10       ??$AllocateExceptionContainer@Vcaptured_exception@tbb@@@internal@tbb@@YAPAVtbb_exception_ptr@01@ABVcaptured_exception@1@@Z 1000fa10 f i task_group_context.obj
 0001:0000eac0       ??$propagate_task_group_state@I@market@internal@tbb@@QAE_NPQtask_group_context@2@IAAV32@I@Z 1000fac0 f i task_group_context.obj
 0001:0000eb80       ??$propagate_task_group_state@H@market@internal@tbb@@QAE_NPQtask_group_context@2@HAAV32@H@Z 1000fb80 f i task_group_context.obj
 0001:0000ec40       ??$propagate_task_group_state@I@generic_scheduler@internal@tbb@@QAEXPQtask_group_context@2@IAAV32@I@Z 1000fc40 f i task_group_context.obj
 0001:0000ecc0       ??$propagate_task_group_state@H@generic_scheduler@internal@tbb@@QAEXPQtask_group_context@2@HAAV32@H@Z 1000fcc0 f i task_group_context.obj
 0001:0000ed50       ?initialize_cilk_interop@internal@tbb@@YA_NXZ 1000fd50 f   governor.obj
 0001:0000ee00       ?release_resources@governor@internal@tbb@@CAXXZ 1000fe00 f   governor.obj
 0001:0000ee70       ?create_rml_server@governor@internal@tbb@@CAPAVtbb_server@rml@23@AAVtbb_client@523@@Z 1000fe70 f   governor.obj
 0001:0000ef30       ?assume_scheduler@governor@internal@tbb@@SAXPAVgeneric_scheduler@23@@Z 1000ff30 f   governor.obj
 0001:0000ef70       ?is_set@governor@internal@tbb@@SA_NPAVgeneric_scheduler@23@@Z 1000ff70 f   governor.obj
 0001:0000efb0       ?init_scheduler@governor@internal@tbb@@SAPAVgeneric_scheduler@23@HI_N@Z 1000ffb0 f   governor.obj
 0001:0000f110       ?print_version_info@governor@internal@tbb@@SAXXZ 10010110 f   governor.obj
 0001:0000f170       ?stack_op_handler@governor@internal@tbb@@SAHW4__cilk_tbb_stack_op@@PAX@Z 10010170 f   governor.obj
 0001:0000f220       ?initialize@task_scheduler_init@tbb@@QAEXH@Z 10010220 f   governor.obj
 0001:0000f240       ?initialize@task_scheduler_init@tbb@@QAEXHI@Z 10010240 f   governor.obj
 0001:0000f3a0       ?terminate@task_scheduler_init@tbb@@QAEXXZ 100103a0 f   governor.obj
 0001:0000f450       ??$atomic_do_once@P6A_NXZ@internal@tbb@@YAXABQ6A_NXZAAU?$atomic@W4do_once_state@internal@tbb@@@1@@Z 10010450 f i governor.obj
 0001:0000f4e0       ?prolonged_pause@internal@tbb@@YAXXZ 100104e0 f i market.obj
 0001:0000f540       ??1scoped_lock@spin_rw_mutex_v3@tbb@@QAE@XZ 10010540 f i market.obj
 0001:0000f570       ?max_job_count@market@internal@tbb@@EBEIXZ 10010570 f i market.obj
 0001:0000f580       ?min_stack_size@market@internal@tbb@@EBEIXZ 10010580 f i market.obj
 0001:0000f590       ?policy@market@internal@tbb@@EBE?AW4policy_type@client@rml@@XZ 10010590 f i market.obj
 0001:0000f5a0       ??0market@internal@tbb@@AAE@III@Z 100105a0 f   market.obj
 0001:0000f6a0       ?global_market@market@internal@tbb@@CAAAV123@II_N0@Z 100106a0 f   market.obj
 0001:0000f920       ?set_active_num_workers@market@internal@tbb@@SAXI@Z 10010920 f   market.obj
 0001:0000fa00       ?create_arena@market@internal@tbb@@SAPAVarena@23@HI_N@Z 10010a00 f   market.obj
 0001:0000fa90       ?try_destroy_arena@market@internal@tbb@@QAEXPAVarena@23@I@Z 10010a90 f   market.obj
 0001:0000fc00       ?arena_in_need@market@internal@tbb@@AAEPAVarena@23@PAV423@@Z 10010c00 f   market.obj
 0001:0000fca0       ?update_allotment@market@internal@tbb@@AAEXH@Z 10010ca0 f   market.obj
 0001:0000fd90       ?adjust_demand@market@internal@tbb@@QAEXAAVarena@23@H@Z 10010d90 f   market.obj
 0001:0000ff90       ?process@market@internal@tbb@@EAEXAAVjob@rml@@@Z 10010f90 f   market.obj
 0001:0000ffe0       ?cleanup@market@internal@tbb@@EAEXAAVjob@rml@@@Z 10010fe0 f   market.obj
 0001:000100c0       ?acknowledge_close_connection@market@internal@tbb@@EAEXXZ 100110c0 f   market.obj
 0001:000100f0       ?create_one_job@market@internal@tbb@@EAEPAVjob@rml@@XZ 100110f0 f   market.obj
 0001:00010140       ?update_arena_top_priority@market@internal@tbb@@AAEXAAVarena@23@H@Z 10011140 f   market.obj
 0001:00010210       ?lower_arena_priority@market@internal@tbb@@QAE_NAAVarena@23@HI@Z 10011210 f   market.obj
 0001:000102d0       ?update_arena_priority@market@internal@tbb@@QAE_NAAVarena@23@H@Z 100112d0 f   market.obj
 0001:00010400       ?set_env@cpu_ctl_env@internal@tbb@@QBEXXZ 10011400 f i arena.obj
 0001:00010420       ?version@market@internal@tbb@@EBEIXZ 10011420 f i market.obj
 0001:00010420       ?version@private_server@rml@internal@tbb@@UBEIXZ 10011420 f i private_server.obj
 0001:00010420       ?execute@empty_task@tbb@@EAEPAVtask@2@XZ 10011420 f i arena.obj
 0001:00010430       ?throw_self@tbb_exception_ptr@internal@tbb@@QAEXXZ 10011430 f i arena.obj
 0001:000104a0       ??1cpu_ctl_env_helper@internal@tbb@@QAE@XZ 100114a0 f i arena.obj
 0001:000104c0       ?set_env@cpu_ctl_env_helper@internal@tbb@@QAEXPBVtask_group_context@3@@Z 100114c0 f i arena.obj
 0001:000104f0       ?restore_default@cpu_ctl_env_helper@internal@tbb@@QAEXXZ 100114f0 f i arena.obj
 0001:00010520       ?process@arena@internal@tbb@@QAEXAAVgeneric_scheduler@23@@Z 10011520 f   arena.obj
 0001:000106f0       ??0arena@internal@tbb@@QAE@AAVmarket@12@I@Z 100116f0 f   arena.obj
 0001:00010830       ??1?$padded@Uarena_base@internal@tbb@@$0IA@@internal@tbb@@QAE@XZ 10011830 f i arena.obj
 0001:00010850       ??0arena_base@internal@tbb@@QAE@XZ 10011850 f i arena.obj
 0001:000108c0       ?allocate_arena@arena@internal@tbb@@SAAAV123@AAVmarket@23@I@Z 100118c0 f   arena.obj
 0001:000109c0       ?free_arena@arena@internal@tbb@@QAEXXZ 100119c0 f   arena.obj
 0001:00010b40       ?may_have_tasks@arena@internal@tbb@@QAE_NPAVgeneric_scheduler@23@AA_N1@Z 10011b40 f i arena.obj
 0001:00010b90       ?orphan_offloaded_tasks@arena@internal@tbb@@QAEXAAVgeneric_scheduler@23@@Z 10011b90 f   arena.obj
 0001:00010be0       ?is_out_of_work@arena@internal@tbb@@QAE_NXZ 10011be0 f   arena.obj
 0001:00010ec0       ?enqueue_task@arena@internal@tbb@@QAEXAAVtask@3@HAAVFastRandom@23@@Z 10011ec0 f   arena.obj
 0001:00010f70       ??1nested_arena_context@internal@tbb@@QAE@XZ 10011f70 f i arena.obj
 0001:00010fd0       ?nested_arena_entry@generic_scheduler@internal@tbb@@QAEXPAVarena@23@AAUnested_arena_context@23@_N@Z 10011fd0 f   arena.obj
 0001:00011100       ?nested_arena_exit@generic_scheduler@internal@tbb@@QAEXAAUnested_arena_context@23@@Z 10012100 f   arena.obj
 0001:00011190       ??0auto_empty_task@internal@tbb@@QAE@PAVgeneric_scheduler@12@PAVtask_group_context@2@@Z 10012190 f i arena.obj
 0001:00011220       ??1auto_empty_task@internal@tbb@@QAE@XZ 10012220 f i arena.obj
 0001:00011240       ?internal_initialize@task_arena_base@internal@interface7@tbb@@IAEXXZ 10012240 f   arena.obj
 0001:00011670       ?internal_terminate@task_arena_base@internal@interface7@tbb@@IAEXXZ 10012670 f   arena.obj
 0001:00011700       ?internal_enqueue@task_arena_base@internal@interface7@tbb@@IBEXAAVtask@4@H@Z 10012700 f   arena.obj
 0001:00011730       ?execute@delegated_task@internal@interface7@tbb@@EAEPAVtask@4@XZ 10012730 f i arena.obj
 0001:00011800       ??_Gdelegated_task@internal@interface7@tbb@@EAEPAXI@Z 10012800 f i arena.obj
 0001:00011800       ??_Edelegated_task@internal@interface7@tbb@@EAEPAXI@Z 10012800 f i  CIL library: CIL module
 0001:00011840       ?internal_execute@task_arena_base@internal@interface7@tbb@@IBEXAAVdelegate_base@234@@Z 10012840 f   arena.obj
 0001:00011de0       ?execute@wait_task@internal@interface7@tbb@@EAEPAVtask@4@XZ 10012de0 f i arena.obj
 0001:00011e40       ?internal_wait@task_arena_base@internal@interface7@tbb@@IBEXXZ 10012e40 f   arena.obj
 0001:000121f0       ?internal_current_slot@task_arena_base@internal@interface7@tbb@@KAHXZ 100131f0 f   arena.obj
 0001:00012210       ?initialize@?$task_stream@$02@internal@tbb@@QAEXI@Z 10013210 f i arena.obj
 0001:000122f0       ??1?$task_stream@$02@internal@tbb@@QAE@XZ 100132f0 f i arena.obj
 0001:00012360       ?push@?$task_stream@$02@internal@tbb@@QAEXPAVtask@3@HAAVFastRandom@23@@Z 10013360 f i arena.obj
 0001:00012430       ??0?$padded@U?$queue_and_mutex@PAVtask@tbb@@Vspin_mutex@2@@internal@tbb@@$0IA@@internal@tbb@@QAE@XZ 10013430 f i arena.obj
 0001:00012490       ??1?$padded@U?$queue_and_mutex@PAVtask@tbb@@Vspin_mutex@2@@internal@tbb@@$0IA@@internal@tbb@@QAE@XZ 10013490 f i arena.obj
 0001:00012500       ?push_back@?$deque@PAVtask@tbb@@V?$tbb_allocator@PAVtask@tbb@@@2@@std@@QAEXABQAVtask@tbb@@@Z 10013500 f i arena.obj
 0001:000125a0       ?_Growmap@?$deque@PAVtask@tbb@@V?$tbb_allocator@PAVtask@tbb@@@2@@std@@IAEXI@Z 100135a0 f i arena.obj
 0001:000126f0       ?_Tidy@?$deque@PAVtask@tbb@@V?$tbb_allocator@PAVtask@tbb@@@2@@std@@IAEXXZ 100136f0 f i arena.obj
 0001:00012760       ??1?$_Deque_val@PAVtask@tbb@@V?$tbb_allocator@PAVtask@tbb@@@2@@std@@QAE@XZ 10013760 f i arena.obj
 0001:00012780       ??$advertise_new_work@$0A@@arena@internal@tbb@@QAEXXZ 10013780 f i arena.obj
 0001:00012800       ??$notify_relaxed@Vdelegated_task@internal@interface7@tbb@@@concurrent_monitor@internal@tbb@@QAEXABVdelegated_task@1interface7@2@@Z 10013800 f i arena.obj
 0001:000128c0       ??$_Uninit_copy@PAPAPAVtask@tbb@@PAPAPAV12@V?$tbb_allocator@PAPAVtask@tbb@@@2@@std@@YAPAPAPAVtask@tbb@@PAPAPAV12@00AAV?$tbb_allocator@PAPAVtask@tbb@@@2@U_Nonscalar_ptr_iterator_tag@0@@Z 100138c0 f i arena.obj
 0001:000128f0       ??$_Uninit_def_fill_n@PAPAPAVtask@tbb@@IPAPAV12@V?$tbb_allocator@PAPAVtask@tbb@@@2@PAPAV12@@std@@YAXPAPAPAVtask@tbb@@IPBQAPAV12@AAV?$tbb_allocator@PAPAVtask@tbb@@@2@0U_Nonscalar_ptr_iterator_tag@0@@Z 100138f0 f i arena.obj
 0001:00012910       ?allocate_task_pool@arena_slot@internal@tbb@@QAEXI@Z 10013910 f i scheduler.obj
 0001:00012990       ?internal_pop@mail_outbox@internal@tbb@@AAEPAUtask_proxy@23@XZ 10013990 f i scheduler.obj
 0001:00012a20       ?commit_relocated_tasks@generic_scheduler@internal@tbb@@QAEXI@Z 10013a20 f i scheduler.obj
 0001:00012a60       ?effective_reference_priority@generic_scheduler@internal@tbb@@QBEHXZ 10013a60 f i scheduler.obj
 0001:00012a90       ??1scheduler@internal@tbb@@UAE@XZ 10013a90 f   scheduler.obj
 0001:00012aa0       ??0generic_scheduler@internal@tbb@@IAE@AAVmarket@12@@Z 10013aa0 f   scheduler.obj
 0001:00012c50       ?cleanup_local_context_list@generic_scheduler@internal@tbb@@QAEXXZ 10013c50 f   scheduler.obj
 0001:00012d00       ?free_scheduler@generic_scheduler@internal@tbb@@QAEXXZ 10013d00 f   scheduler.obj
 0001:00012d90       ?allocate_task@generic_scheduler@internal@tbb@@QAEAAVtask@3@IPAV43@PAVtask_group_context@3@@Z 10013d90 f   scheduler.obj
 0001:00012e90       ?free_nonlocal_small_task@generic_scheduler@internal@tbb@@QAEXAAVtask@3@@Z 10013e90 f   scheduler.obj
 0001:00012f10       ?prepare_task_pool@generic_scheduler@internal@tbb@@QAEII@Z 10013f10 f   scheduler.obj
 0001:00013010       ?acquire_task_pool@generic_scheduler@internal@tbb@@QBEXXZ 10014010 f i scheduler.obj
 0001:00013090       ?release_task_pool@generic_scheduler@internal@tbb@@QBEXXZ 10014090 f i scheduler.obj
 0001:000130c0       ?lock_task_pool@generic_scheduler@internal@tbb@@QBEPAPAVtask@3@PAUarena_slot@23@@Z 100140c0 f i scheduler.obj
 0001:00013180       ?prepare_for_spawning@generic_scheduler@internal@tbb@@QAEPAVtask@3@PAV43@@Z 10014180 f i scheduler.obj
 0001:00013210       ?local_spawn@generic_scheduler@internal@tbb@@QAEXAAVtask@3@AAPAV43@@Z 10014210 f   scheduler.obj
 0001:00013410       ?local_spawn_root_and_wait@generic_scheduler@internal@tbb@@QAEXAAVtask@3@AAPAV43@@Z 10014410 f   scheduler.obj
 0001:000134d0       ?spawn@generic_scheduler@internal@tbb@@UAEXAAVtask@3@AAPAV43@@Z 100144d0 f   scheduler.obj
 0001:00013520       ?spawn_root_and_wait@generic_scheduler@internal@tbb@@UAEXAAVtask@3@AAPAV43@@Z 10014520 f   scheduler.obj
 0001:00013570       ?enqueue@generic_scheduler@internal@tbb@@UAEXAAVtask@3@PAX@Z 10014570 f   scheduler.obj
 0001:000135b0       ??1auto_indicator@internal@tbb@@QAE@XZ 100145b0 f i scheduler.obj
 0001:000135c0       ?winnow_task_pool@generic_scheduler@internal@tbb@@QAEPAVtask@3@XZ 100145c0 f   scheduler.obj
 0001:00013830       ?reload_tasks@generic_scheduler@internal@tbb@@QAEPAVtask@3@AAPAV43@AAPAPAV43@H@Z 10014830 f   scheduler.obj
 0001:000139b0       ?reload_tasks@generic_scheduler@internal@tbb@@QAEPAVtask@3@XZ 100149b0 f   scheduler.obj
 0001:00013a60       ?get_task@generic_scheduler@internal@tbb@@QAEPAVtask@3@XZ 10014a60 f i scheduler.obj
 0001:00013bd0       ?steal_task@generic_scheduler@internal@tbb@@QAEPAVtask@3@AAUarena_slot@23@@Z 10014bd0 f   scheduler.obj
 0001:00013cf0       ?get_mailbox_task@generic_scheduler@internal@tbb@@QAEPAVtask@3@XZ 10014cf0 f   scheduler.obj
 0001:00013d90       ?create_worker@generic_scheduler@internal@tbb@@SAPAV123@AAVmarket@23@I@Z 10014d90 f   scheduler.obj
 0001:00013e10       ?create_master@generic_scheduler@internal@tbb@@SAPAV123@PAVarena@23@@Z 10014e10 f   scheduler.obj
 0001:000141e0       ?cleanup_master@generic_scheduler@internal@tbb@@QAEXXZ 100151e0 f   scheduler.obj
 0001:00014400       ?wait_for_all@?$custom_scheduler@UDefaultSchedulerTraits@internal@tbb@@@internal@tbb@@EAEXAAVtask@3@PAV43@@Z 10015400 f i scheduler.obj
 0001:00014440       ?allocate_scheduler@?$custom_scheduler@UDefaultSchedulerTraits@internal@tbb@@@internal@tbb@@SAPAVgeneric_scheduler@23@AAVmarket@23@@Z 10015440 f i scheduler.obj
 0001:00014500       ?wait_for_all@?$custom_scheduler@UIntelSchedulerTraits@internal@tbb@@@internal@tbb@@EAEXAAVtask@3@PAV43@@Z 10015500 f i scheduler.obj
 0001:00014540       ?allocate_scheduler@?$custom_scheduler@UIntelSchedulerTraits@internal@tbb@@@internal@tbb@@SAPAVgeneric_scheduler@23@AAVmarket@23@@Z 10015540 f i scheduler.obj
 0001:00014600       ??1?$fast_reverse_vector@PAVtask@tbb@@$0BA@@internal@tbb@@QAE@XZ 10015600 f i scheduler.obj
 0001:00014640       ?push_back@?$fast_reverse_vector@PAVtask@tbb@@$0BA@@internal@tbb@@QAEXABQAVtask@3@@Z 10015640 f i scheduler.obj
 0001:000146f0       ?copy_memory@?$fast_reverse_vector@PAVtask@tbb@@$0BA@@internal@tbb@@QBEXPAPAVtask@3@@Z 100156f0 f i scheduler.obj
 0001:00014770       ??_G?$custom_scheduler@UDefaultSchedulerTraits@internal@tbb@@@internal@tbb@@UAEPAXI@Z 10015770 f i scheduler.obj
 0001:00014770       ??_E?$custom_scheduler@UIntelSchedulerTraits@internal@tbb@@@internal@tbb@@UAEPAXI@Z 10015770 f i  CIL library: CIL module
 0001:00014770       ??_Egeneric_scheduler@internal@tbb@@UAEPAXI@Z 10015770 f i  CIL library: CIL module
 0001:00014770       ??_Ggeneric_scheduler@internal@tbb@@UAEPAXI@Z 10015770 f i scheduler.obj
 0001:00014770       ??_E?$custom_scheduler@UDefaultSchedulerTraits@internal@tbb@@@internal@tbb@@UAEPAXI@Z 10015770 f i  CIL library: CIL module
 0001:00014770       ??_G?$custom_scheduler@UIntelSchedulerTraits@internal@tbb@@@internal@tbb@@UAEPAXI@Z 10015770 f i scheduler.obj
 0001:000147a0       ?local_wait_for_all@?$custom_scheduler@UDefaultSchedulerTraits@internal@tbb@@@internal@tbb@@EAEXAAVtask@3@PAV43@@Z 100157a0 f i scheduler.obj
 0001:00014d10       ?receive_or_steal_task@?$custom_scheduler@UDefaultSchedulerTraits@internal@tbb@@@internal@tbb@@UAEPAVtask@3@AAH@Z 10015d10 f i scheduler.obj
 0001:00015170       ?local_wait_for_all@?$custom_scheduler@UIntelSchedulerTraits@internal@tbb@@@internal@tbb@@EAEXAAVtask@3@PAV43@@Z 10016170 f i scheduler.obj
 0001:00015680       ?receive_or_steal_task@?$custom_scheduler@UIntelSchedulerTraits@internal@tbb@@@internal@tbb@@UAEPAVtask@3@AAH@Z 10016680 f i scheduler.obj
 0001:00015a50       ??$advertise_new_work@$00@arena@internal@tbb@@QAEXXZ 10016a50 f i scheduler.obj
 0001:00015ac0       ??$extract_task@$00@task_proxy@internal@tbb@@QAEPAVtask@2@XZ 10016ac0 f i scheduler.obj
 0001:00015af0       ?pop@?$task_stream@$02@internal@tbb@@QAEPAVtask@3@HAAI@Z 10016af0 f i scheduler.obj
 0001:00015c90       ?tally_completion_of_predecessor@?$custom_scheduler@UDefaultSchedulerTraits@internal@tbb@@@internal@tbb@@AAEXAAVtask@3@AAPAV43@@Z 10016c90 f i scheduler.obj
 0001:00015d10       ?tally_completion_of_predecessor@?$custom_scheduler@UIntelSchedulerTraits@internal@tbb@@@internal@tbb@@AAEXAAVtask@3@AAPAV43@@Z 10016d10 f i scheduler.obj
 0001:00015d60       ?begin@?$deque@PAVtask@tbb@@V?$tbb_allocator@PAVtask@tbb@@@2@@std@@QAE?AV?$_Deque_iterator@PAVtask@tbb@@V?$tbb_allocator@PAVtask@tbb@@@2@@2@XZ 10016d60 f i scheduler.obj
 0001:00015d80       ??$free_task@$0A@@generic_scheduler@internal@tbb@@QAEXAAVtask@2@@Z 10016d80 f i scheduler.obj
 0001:00015d80       ??$free_task@$05@generic_scheduler@internal@tbb@@QAEXAAVtask@2@@Z 10016d80 f i scheduler.obj
 0001:00015dc0       ?clear@observer_list@internal@tbb@@QAEXXZ 10016dc0 f   observer_proxy.obj
 0001:00015e40       ?remove_ref@observer_list@internal@tbb@@QAEXPAVobserver_proxy@23@@Z 10016e40 f   observer_proxy.obj
 0001:00015ec0       ?do_notify_entry_observers@observer_list@internal@tbb@@AAEXAAPAVobserver_proxy@23@_N@Z 10016ec0 f   observer_proxy.obj
 0001:00016030       ?do_notify_exit_observers@observer_list@internal@tbb@@AAEXPAVobserver_proxy@23@_N@Z 10017030 f   observer_proxy.obj
 0001:00016190       ?observe@task_scheduler_observer_v3@internal@tbb@@QAEX_N@Z 10017190 f   observer_proxy.obj
 0001:00016440       ?add_ref@__TBB_InitOnce@internal@tbb@@SAXXZ 10017440 f   tbb_main.obj
 0001:000164c0       _ITT_DoOneTimeInitialization 100174c0 f   tbb_main.obj
 0001:00016520       ?DoOneTimeInitializations@internal@tbb@@YAXXZ 10017520 f   tbb_main.obj
 0001:000166b0       _DllMain@12                100176b0 f   tbb_main.obj
 0001:00016760       ?itt_store_pointer_with_release_v3@internal@tbb@@YAXPAX0@Z 10017760 f   tbb_main.obj
 0001:00016790       ?itt_load_pointer_with_acquire_v3@internal@tbb@@YAPAXPBX@Z 10017790 f   tbb_main.obj
 0001:000167b0       ?call_itt_notify_v5@internal@tbb@@YAXHPAX@Z 100177b0 f   tbb_main.obj
 0001:00016820       ?itt_load_pointer_v3@internal@tbb@@YAPAXPBX@Z 10017820 f   tbb_main.obj
 0001:00016830       ?itt_set_sync_name_v3@internal@tbb@@YAXPAXPB_W@Z 10017830 f   tbb_main.obj
 0001:00016850       ?is_first_arg_preferred@control_storage@internal@tbb@@MBE_NII@Z 10017850 f i tbb_main.obj
 0001:00016870       ?active_value@control_storage@internal@tbb@@MBEIXZ 10017870 f i tbb_main.obj
 0001:00016890       ?default_value@allowed_parallelism_control@internal@tbb@@EBEIXZ 10017890 f i tbb_main.obj
 0001:000168e0       ?is_first_arg_preferred@allowed_parallelism_control@internal@tbb@@EBE_NII@Z 100178e0 f i tbb_main.obj
 0001:00016900       ?apply_active@allowed_parallelism_control@internal@tbb@@EBEXXZ 10017900 f i tbb_main.obj
 0001:00016910       ?active_value@allowed_parallelism_control@internal@tbb@@EBEIXZ 10017910 f i tbb_main.obj
 0001:00016960       ?default_value@stack_size_control@internal@tbb@@EBEIXZ 10017960 f i tbb_main.obj
 0001:00016970       ?internal_create@global_control@interface9@tbb@@AAEXXZ 10017970 f   tbb_main.obj
 0001:00016a80       ?internal_destroy@global_control@interface9@tbb@@AAEXXZ 10017a80 f   tbb_main.obj
 0001:00016c00       ?active_value@global_control@interface9@tbb@@CAIH@Z 10017c00 f   tbb_main.obj
 0001:00016c90       ?internal_grow_to_at_least@concurrent_vector_base@internal@tbb@@IAEXIIP6AXPAXI@Z@Z 10017c90 f   concurrent_vector_v2.obj
 0001:00016ce0       ?extend_segment@helper@concurrent_vector_base@internal@tbb@@CAXAAV234@@Z 10017ce0 f   concurrent_vector_v2.obj
 0001:00016d90       ?internal_capacity@concurrent_vector_base@internal@tbb@@IBEIXZ 10017d90 f   concurrent_vector_v2.obj
 0001:00016dd0       ?internal_reserve@concurrent_vector_base@internal@tbb@@IAEXIII@Z 10017dd0 f   concurrent_vector_v2.obj
 0001:00016f10       ?internal_copy@concurrent_vector_base@internal@tbb@@IAEXABV123@IP6AXPAXPBXI@Z@Z 10017f10 f   concurrent_vector_v2.obj
 0001:00017050       ?internal_assign@concurrent_vector_base@internal@tbb@@IAEXABV123@IP6AXPAXI@ZP6AX1PBXI@Z4@Z 10018050 f   concurrent_vector_v2.obj
 0001:00017230       ?internal_push_back@concurrent_vector_base@internal@tbb@@IAEPAXIAAI@Z 10018230 f   concurrent_vector_v2.obj
 0001:00017320       ?internal_grow_by@concurrent_vector_base@internal@tbb@@IAEIIIP6AXPAXI@Z@Z 10018320 f   concurrent_vector_v2.obj
 0001:00017350       ?internal_grow@concurrent_vector_base@internal@tbb@@IAEXIIIP6AXPAXI@Z@Z 10018350 f   concurrent_vector_v2.obj
 0001:00017510       ?internal_clear@concurrent_vector_base@internal@tbb@@IAEXP6AXPAXI@Z_N@Z 10018510 f   concurrent_vector_v2.obj
 0001:000175e0       ??1push_finalizer@micro_queue@internal@tbb@@QAE@XZ 100185e0 f i concurrent_queue_v2.obj
 0001:000175f0       ??1pop_finalizer@micro_queue@internal@tbb@@QAE@XZ 100185f0 f i concurrent_queue_v2.obj
 0001:00017640       ?push@micro_queue@internal@tbb@@QAEXPBXIAAVconcurrent_queue_base@23@@Z 10018640 f   concurrent_queue_v2.obj
 0001:00017760       ?pop@micro_queue@internal@tbb@@QAE_NPAXIAAVconcurrent_queue_base@23@@Z 10018760 f   concurrent_queue_v2.obj
 0001:00017890       ??0concurrent_queue_base@internal@tbb@@IAE@I@Z 10018890 f   concurrent_queue_v2.obj
 0001:00017950       ??_Econcurrent_queue_base@internal@tbb@@MAEPAXI@Z 10018950 f i  CIL library: CIL module
 0001:00017950       ??_Gconcurrent_queue_base@internal@tbb@@MAEPAXI@Z 10018950 f i concurrent_queue_v2.obj
 0001:00017980       ??1concurrent_queue_base@internal@tbb@@MAE@XZ 10018980 f   concurrent_queue_v2.obj
 0001:000179d0       ?internal_push@concurrent_queue_base@internal@tbb@@IAEXPBX@Z 100189d0 f   concurrent_queue_v2.obj
 0001:00017a70       ?internal_pop@concurrent_queue_base@internal@tbb@@IAEXPAX@Z 10018a70 f   concurrent_queue_v2.obj
 0001:00017ab0       ?internal_pop_if_present@concurrent_queue_base@internal@tbb@@IAE_NPAX@Z 10018ab0 f   concurrent_queue_v2.obj
 0001:00017b40       ?internal_push_if_not_full@concurrent_queue_base@internal@tbb@@IAE_NPBX@Z 10018b40 f   concurrent_queue_v2.obj
 0001:00017bf0       ?internal_size@concurrent_queue_base@internal@tbb@@IBEHXZ 10018bf0 f   concurrent_queue_v2.obj
 0001:00017c10       ?internal_set_capacity@concurrent_queue_base_v3@internal@tbb@@IAEXHI@Z 10018c10 f   concurrent_queue.obj
 0001:00017c10       ?internal_set_capacity@concurrent_queue_base@internal@tbb@@IAEXHI@Z 10018c10 f   concurrent_queue_v2.obj
 0001:00017c30       ??0concurrent_queue_iterator_base@internal@tbb@@IAE@ABVconcurrent_queue_base@12@@Z 10018c30 f   concurrent_queue_v2.obj
 0001:00017cd0       ?assign@concurrent_queue_iterator_base@internal@tbb@@IAEXABV123@@Z 10018cd0 f   concurrent_queue_v2.obj
 0001:00017d50       ?advance@concurrent_queue_iterator_base@internal@tbb@@IAEXXZ 10018d50 f   concurrent_queue_v2.obj
 0001:00017dc0       ??1concurrent_queue_iterator_base@internal@tbb@@IAE@XZ 10018dc0 f   concurrent_queue_v2.obj
 0001:00017de0       ?internal_itt_releasing@spin_rw_mutex@tbb@@CAXPAV12@@Z 10018de0 f   spin_rw_mutex_v2.obj
 0001:00017e00       ?internal_acquire_writer@spin_rw_mutex@tbb@@CA_NPAV12@@Z 10018e00 f   spin_rw_mutex_v2.obj
 0001:00017ea0       ?internal_release_writer@spin_rw_mutex@tbb@@CAXPAV12@@Z 10018ea0 f   spin_rw_mutex_v2.obj
 0001:00017ed0       ?internal_acquire_reader@spin_rw_mutex@tbb@@CAXPAV12@@Z 10018ed0 f   spin_rw_mutex_v2.obj
 0001:00017f60       ?internal_upgrade@spin_rw_mutex@tbb@@CA_NPAV12@@Z 10018f60 f   spin_rw_mutex_v2.obj
 0001:00018040       ?internal_downgrade@spin_rw_mutex@tbb@@CAXPAV12@@Z 10019040 f   spin_rw_mutex_v2.obj
 0001:00018070       ?internal_release_reader@spin_rw_mutex@tbb@@CAXPAV12@@Z 10019070 f   spin_rw_mutex_v2.obj
 0001:000180a0       ?internal_try_acquire_writer@spin_rw_mutex@tbb@@CA_NPAV12@@Z 100190a0 f   spin_rw_mutex_v2.obj
 0001:00018100       ?internal_try_acquire_reader@spin_rw_mutex@tbb@@CA_NPAV12@@Z 10019100 f   spin_rw_mutex_v2.obj
 0001:00018160       ?destroy@task@tbb@@QAEXAAV12@@Z 10019160 f   task_v2.obj
 0001:00018180       ?internal_release@x86_rtm_rw_mutex@internal@interface8@tbb@@AAEXAAVscoped_lock@1234@@Z 10019180 f   x86_rtm_rw_mutex.obj
 0001:00018220       ?internal_acquire_writer@x86_rtm_rw_mutex@internal@interface8@tbb@@AAEXAAVscoped_lock@1234@_N@Z 10019220 f   x86_rtm_rw_mutex.obj
 0001:000182c0       ?internal_acquire_reader@x86_rtm_rw_mutex@internal@interface8@tbb@@AAEXAAVscoped_lock@1234@_N@Z 100192c0 f   x86_rtm_rw_mutex.obj
 0001:00018360       ?internal_upgrade@x86_rtm_rw_mutex@internal@interface8@tbb@@AAE_NAAVscoped_lock@1234@@Z 10019360 f   x86_rtm_rw_mutex.obj
 0001:000183b0       ?internal_downgrade@x86_rtm_rw_mutex@internal@interface8@tbb@@AAE_NAAVscoped_lock@1234@@Z 100193b0 f   x86_rtm_rw_mutex.obj
 0001:00018410       ?internal_try_acquire_writer@x86_rtm_rw_mutex@internal@interface8@tbb@@AAE_NAAVscoped_lock@1234@@Z 10019410 f   x86_rtm_rw_mutex.obj
 0001:00018480       ?internal_construct@x86_rtm_rw_mutex@internal@interface8@tbb@@AAEXXZ 10019480 f   x86_rtm_rw_mutex.obj
 0001:000184a0       ___TBB_machine_fetchadd1   100194a0     atomic_support.obj
 0001:000184b0       ___TBB_machine_fetchstore1 100194b0     atomic_support.obj
 0001:000184bc       ___TBB_machine_cmpswp1     100194bc     atomic_support.obj
 0001:000184d0       ___TBB_machine_fetchadd2   100194d0     atomic_support.obj
 0001:000184e0       ___TBB_machine_fetchstore2 100194e0     atomic_support.obj
 0001:000184f0       ___TBB_machine_cmpswp2     100194f0     atomic_support.obj
 0001:00018504       ___TBB_machine_fetchadd4   10019504     atomic_support.obj
 0001:00018514       ___TBB_machine_fetchstore4 10019514     atomic_support.obj
 0001:00018520       ___TBB_machine_cmpswp4     10019520     atomic_support.obj
 0001:00018534       ___TBB_machine_fetchadd8   10019534     atomic_support.obj
 0001:00018554       ___TBB_machine_fetchstore8 10019554     atomic_support.obj
 0001:00018570       ___TBB_machine_cmpswp8     10019570     atomic_support.obj
 0001:00018590       ___TBB_machine_load8       10019590     atomic_support.obj
 0001:000185c4       ___TBB_machine_store8      100195c4     atomic_support.obj
 0001:000185e0       ___TBB_machine_try_lock_elided 100195e0     itsx.obj
 0001:000185f0       ___TBB_machine_unlock_elided 100195f0     itsx.obj
 0001:000185fc       ___TBB_machine_begin_transaction 100195fc     itsx.obj
 0001:00018608       ___TBB_machine_end_transaction 10019608     itsx.obj
 0001:0001860c       ___TBB_machine_transaction_conflict_abort 1001960c     itsx.obj
 0001:00018610       ___TBB_machine_is_in_transaction 10019610     itsx.obj
 0001:00018620       ___TBB_machine_trylockbyte 10019620     lock_byte.obj
 0001:0001863b       ?_Xlength_error@std@@YAXPBD@Z 1001963b f   libcpmt:xthrow.obj
 0001:0001866b       ??_U@YAPAXI@Z              1001966b f   libcpmt:newaop.obj
 0001:00018676       ??0_Init_locks@std@@QAE@XZ 10019676 f   libcpmt:xlock.obj
 0001:000186a7       ??1_Init_locks@std@@QAE@XZ 100196a7 f   libcpmt:xlock.obj
 0001:000186d0       __Mtxinit                  100196d0 f   libcpmt:xmtx.obj
 0001:000186e0       __Mtxdst                   100196e0 f   libcpmt:xmtx.obj
 0001:000186f0       @__security_check_cookie@4 100196f0 f   LIBCMT:secchk.obj
 0001:000186ff       __purecall                 100196ff f   LIBCMT:purevirt.obj
 0001:00018729       ??3@YAXPAX@Z               10019729 f   LIBCMT:delete.obj
 0001:00018734       ?name@type_info@@QBEPBDPAU__type_info_node@@@Z 10019734 f   LIBCMT:typinfo.obj
 0001:00018748       ??1type_info@@UAE@XZ       10019748 f   LIBCMT:typinfo.obj
 0001:00018758       ??_Etype_info@@UAEPAXI@Z   10019758 f i LIBCMT:typinfo.obj
 0001:00018758       ??_Gtype_info@@UAEPAXI@Z   10019758 f i LIBCMT:typinfo.obj
 0001:00018779       ??8type_info@@QBE_NABV0@@Z 10019779 f   LIBCMT:typinfo.obj
 0001:000187a0       _strncpy                   100197a0 f   LIBCMT:strncpy.obj
 0001:000188d0       _strrchr                   100198d0 f   LIBCMT:strrchr.obj
 0001:000188fd       _malloc                    100198fd f   LIBCMT:malloc.obj
 0001:00018991       __strdup                   10019991 f   LIBCMT:strdup.obj
 0001:000189e3       __wcsdup                   100199e3 f   LIBCMT:wcsdup.obj
 0001:00018a38       _free                      10019a38 f   LIBCMT:free.obj
 0001:00018a72       ??2@YAPAXI@Z               10019a72 f   LIBCMT:new.obj
 0001:00018af2       __get_errno_from_oserr     10019af2 f   LIBCMT:dosmap.obj
 0001:00018b34       __errno                    10019b34 f   LIBCMT:dosmap.obj
 0001:00018b47       ___doserrno                10019b47 f   LIBCMT:dosmap.obj
 0001:00018b5a       __dosmaperr                10019b5a f   LIBCMT:dosmap.obj
 0001:00018b7d       __endthreadex              10019b7d f   LIBCMT:threadex.obj
 0001:00018c42       __beginthreadex            10019c42 f   LIBCMT:threadex.obj
 0001:00018ce2       ___iob_func                10019ce2 f   LIBCMT:_file.obj
 0001:00018ce8       ___initstdio               10019ce8 f   LIBCMT:_file.obj
 0001:00018d99       ___endstdio                10019d99 f   LIBCMT:_file.obj
 0001:00018db9       __lock_file                10019db9 f   LIBCMT:_file.obj
 0001:00018dfa       __lock_file2               10019dfa f   LIBCMT:_file.obj
 0001:00018e2c       __unlock_file              10019e2c f   LIBCMT:_file.obj
 0001:00018e68       __unlock_file2             10019e68 f   LIBCMT:_file.obj
 0001:00018e97       _fprintf                   10019e97 f   LIBCMT:fprintf.obj
 0001:00018fa3       ___crtCorExitProcess       10019fa3 f   LIBCMT:crt0dat.obj
 0001:00018fce       ___crtExitProcess          10019fce f   LIBCMT:crt0dat.obj
 0001:00018fe6       __lockexit                 10019fe6 f   LIBCMT:crt0dat.obj
 0001:00018fef       __unlockexit               10019fef f   LIBCMT:crt0dat.obj
 0001:00018ff8       __init_pointers            10019ff8 f   LIBCMT:crt0dat.obj
 0001:0001902b       __initterm_e               1001a02b f   LIBCMT:crt0dat.obj
 0001:0001904f       __cinit                    1001a04f f   LIBCMT:crt0dat.obj
 0001:00019226       _exit                      1001a226 f   LIBCMT:crt0dat.obj
 0001:0001923c       __exit                     1001a23c f   LIBCMT:crt0dat.obj
 0001:00019252       __cexit                    1001a252 f   LIBCMT:crt0dat.obj
 0001:00019261       __amsg_exit                1001a261 f   LIBCMT:crt0dat.obj
 0001:0001927f       _abort                     1001a27f f   LIBCMT:abort.obj
 0001:000192b2       __set_abort_behavior       1001a2b2 f   LIBCMT:abort.obj
 0001:000192d3       ??0exception@std@@QAE@XZ   1001a2d3 f   LIBCMT:stdexcpt.obj
 0001:000192e4       ??0exception@std@@QAE@ABQBDH@Z 1001a2e4 f   LIBCMT:stdexcpt.obj
 0001:00019301       ?what@exception@std@@UBEPBDXZ 1001a301 f   LIBCMT:stdexcpt.obj
 0001:0001930e       ?_Copy_str@exception@std@@AAEXPBD@Z 1001a30e f   LIBCMT:stdexcpt.obj
 0001:0001934e       ?_Tidy@exception@std@@AAEXXZ 1001a34e f   LIBCMT:stdexcpt.obj
 0001:0001936c       ??0exception@std@@QAE@ABQBD@Z 1001a36c f   LIBCMT:stdexcpt.obj
 0001:00019393       ??4exception@std@@QAEAAV01@ABV01@@Z 1001a393 f   LIBCMT:stdexcpt.obj
 0001:000193c8       ??0bad_typeid@std@@QAE@PBD@Z 1001a3c8 f   LIBCMT:stdexcpt.obj
 0001:000193e6       ??1bad_typeid@std@@UAE@XZ  1001a3e6 f   LIBCMT:stdexcpt.obj
 0001:000193e6       ??1__non_rtti_object@std@@UAE@XZ 1001a3e6 f   LIBCMT:stdexcpt.obj
 0001:000193e6       ??1exception@std@@UAE@XZ   1001a3e6 f   LIBCMT:stdexcpt.obj
 0001:000193f1       ??0__non_rtti_object@std@@QAE@PBD@Z 1001a3f1 f   LIBCMT:stdexcpt.obj
 0001:0001940e       ??0exception@std@@QAE@ABV01@@Z 1001a40e f   LIBCMT:stdexcpt.obj
 0001:00019433       ??0bad_typeid@std@@QAE@ABV01@@Z 1001a433 f   LIBCMT:stdexcpt.obj
 0001:00019450       ??_Eexception@std@@UAEPAXI@Z 1001a450 f i LIBCMT:stdexcpt.obj
 0001:00019450       ??_Ebad_typeid@std@@UAEPAXI@Z 1001a450 f i LIBCMT:stdexcpt.obj
 0001:00019450       ??_Gbad_typeid@std@@UAEPAXI@Z 1001a450 f i LIBCMT:stdexcpt.obj
 0001:00019450       ??_Gexception@std@@UAEPAXI@Z 1001a450 f i LIBCMT:stdexcpt.obj
 0001:00019450       ??_E__non_rtti_object@std@@UAEPAXI@Z 1001a450 f i LIBCMT:stdexcpt.obj
 0001:00019450       ??_G__non_rtti_object@std@@UAEPAXI@Z 1001a450 f i LIBCMT:stdexcpt.obj
 0001:00019477       ??0__non_rtti_object@std@@QAE@ABV01@@Z 1001a477 f   LIBCMT:stdexcpt.obj
 0001:00019494       __get_sys_err_msg          1001a494 f i LIBCMT:strerror.obj
 0001:000194bc       _strerror                  1001a4bc f   LIBCMT:strerror.obj
 0001:00019526       _fputs                     1001a526 f   LIBCMT:fputs.obj
 0001:0001962c       __flush                    1001a62c f   LIBCMT:fflush.obj
 0001:00019694       __fflush_nolock            1001a694 f   LIBCMT:fflush.obj
 0001:000197b6       _fflush                    1001a7b6 f   LIBCMT:fflush.obj
 0001:00019809       __flushall                 1001a809 f   LIBCMT:fflush.obj
 0001:00019812       __snprintf                 1001a812 f   LIBCMT:snprintf.obj
 0001:000198be       __getenv_helper_nolock     1001a8be f   LIBCMT:getenv.obj
 0001:00019945       _getenv                    1001a945 f   LIBCMT:getenv.obj
 0001:000199bf       ??1bad_exception@std@@UAE@XZ 1001a9bf f i LIBCMT:excptptr.obj
 0001:000199ca       ??_Gbad_exception@std@@UAEPAXI@Z 1001a9ca f i LIBCMT:excptptr.obj
 0001:000199ca       ??_Ebad_exception@std@@UAEPAXI@Z 1001a9ca f i LIBCMT:excptptr.obj
 0001:000199f1       ?_Incref_nz@_Ref_count_base@tr1@std@@QAE_NXZ 1001a9f1 f i LIBCMT:excptptr.obj
 0001:00019a18       ?_Get_deleter@_Ref_count_base@tr1@std@@UBEPAXABVtype_info@@@Z 1001aa18 f i LIBCMT:excptptr.obj
 0001:00019a1d       ?_CallCopyCtor@__ExceptionPtr@@ABEXPAX0IQBU_s_CatchableType@@@Z 1001aa1d f   LIBCMT:excptptr.obj
 0001:00019a95       ??0__ExceptionPtr@@AAE@PBUEHExceptionRecord@@_N@Z 1001aa95 f   LIBCMT:excptptr.obj
 0001:00019bcf       ??1__ExceptionPtr@@QAE@XZ  1001abcf f   LIBCMT:excptptr.obj
 0001:00019c33       ?_RethrowException@__ExceptionPtr@@QBEXXZ 1001ac33 f   LIBCMT:excptptr.obj
 0001:00019d2a       ??0bad_exception@std@@QAE@ABV01@@Z 1001ad2a f i LIBCMT:excptptr.obj
 0001:00019d47       ?_Destroy@?$_Ref_count@V__ExceptionPtr@@@tr1@std@@EAEXXZ 1001ad47 f i LIBCMT:excptptr.obj
 0001:00019d61       ?_Delete_this@?$_Ref_count@V__ExceptionPtr@@@tr1@std@@EAEXXZ 1001ad61 f i LIBCMT:excptptr.obj
 0001:00019d6d       ?_Get_deleter@?$_Ref_count_del_alloc@V__ExceptionPtr@@P6AXPAV1@@ZV?$_DebugMallocator@H@@@tr1@std@@UBEPAXABVtype_info@@@Z 1001ad6d f i LIBCMT:excptptr.obj
 0001:00019d93       ?_Destroy@?$_Ref_count_del_alloc@V__ExceptionPtr@@P6AXPAV1@@ZV?$_DebugMallocator@H@@@tr1@std@@EAEXXZ 1001ad93 f i LIBCMT:excptptr.obj
 0001:00019d9b       ?_Decref@_Ref_count_base@tr1@std@@QAEXXZ 1001ad9b f i LIBCMT:excptptr.obj
 0001:00019dc8       ?_Reset0@?$_Ptr_base@V__ExceptionPtr@@@tr1@std@@QAEXPAV__ExceptionPtr@@PAV_Ref_count_base@23@@Z 1001adc8 f i LIBCMT:excptptr.obj
 0001:00019dec       ??_E?$_Ref_count_del_alloc@V__ExceptionPtr@@P6AXPAV1@@ZV?$_DebugMallocator@H@@@tr1@std@@UAEPAXI@Z 1001adec f i LIBCMT:excptptr.obj
 0001:00019dec       ??_E_Ref_count_base@tr1@std@@UAEPAXI@Z 1001adec f i LIBCMT:excptptr.obj
 0001:00019dec       ??_G_Ref_count_base@tr1@std@@UAEPAXI@Z 1001adec f i LIBCMT:excptptr.obj
 0001:00019dec       ??_G?$_Ref_count@V__ExceptionPtr@@@tr1@std@@UAEPAXI@Z 1001adec f i LIBCMT:excptptr.obj
 0001:00019dec       ??_E?$_Ref_count@V__ExceptionPtr@@@tr1@std@@UAEPAXI@Z 1001adec f i LIBCMT:excptptr.obj
 0001:00019dec       ??_G?$_Ref_count_del_alloc@V__ExceptionPtr@@P6AXPAV1@@ZV?$_DebugMallocator@H@@@tr1@std@@UAEPAXI@Z 1001adec f i LIBCMT:excptptr.obj
 0001:00019e0e       ?_DeleteExceptionPtr@@YAXQAV__ExceptionPtr@@@Z 1001ae0e f   LIBCMT:excptptr.obj
 0001:00019e21       ?__ExceptionPtrCreate@@YAXPAX@Z 1001ae21 f   LIBCMT:excptptr.obj
 0001:00019e36       ?__ExceptionPtrRethrow@@YAXPBX@Z 1001ae36 f   LIBCMT:excptptr.obj
 0001:00019e46       ??1?$shared_ptr@V__ExceptionPtr@@@tr1@std@@QAE@XZ 1001ae46 f i LIBCMT:excptptr.obj
 0001:00019e53       ??$_Resetp@V__ExceptionPtr@@@?$shared_ptr@V__ExceptionPtr@@@tr1@std@@AAEXPAV__ExceptionPtr@@@Z 1001ae53 f i LIBCMT:excptptr.obj
 0001:00019ebe       ??$_Resetp@V__ExceptionPtr@@P6AXPAV1@@ZV?$_DebugMallocator@H@@@?$shared_ptr@V__ExceptionPtr@@@tr1@std@@AAEXPAV__ExceptionPtr@@P6AX0@ZV?$_DebugMallocator@H@@@Z 1001aebe f i LIBCMT:excptptr.obj
 0001:00019f3f       ?_Delete_this@?$_Ref_count_del_alloc@V__ExceptionPtr@@P6AXPAV1@@ZV?$_DebugMallocator@H@@@tr1@std@@EAEXXZ 1001af3f f i LIBCMT:excptptr.obj
 0001:00019f54       ??_G?$shared_ptr@V__ExceptionPtr@@@tr1@std@@QAEPAXI@Z 1001af54 f i LIBCMT:excptptr.obj
 0001:00019f7c       ?_Assign_rv@?$_Ptr_base@V__ExceptionPtr@@@tr1@std@@QAEX$$QAV123@@Z 1001af7c f i LIBCMT:excptptr.obj
 0001:00019fa2       ??$reset@V__ExceptionPtr@@@?$shared_ptr@V__ExceptionPtr@@@tr1@std@@QAEXPAV__ExceptionPtr@@@Z 1001afa2 f i LIBCMT:excptptr.obj
 0001:00019fdb       ??$_Reset@V__ExceptionPtr@@@?$_Ptr_base@V__ExceptionPtr@@@tr1@std@@QAEXABV012@@Z 1001afdb f i LIBCMT:excptptr.obj
 0001:0001a00c       ?__ExceptionPtrDestroy@@YAXPAX@Z 1001b00c f   LIBCMT:excptptr.obj
 0001:0001a01d       ??$reset@V__ExceptionPtr@@P6AXPAV1@@ZV?$_DebugMallocator@H@@@?$shared_ptr@V__ExceptionPtr@@@tr1@std@@QAEXPAV__ExceptionPtr@@P6AX0@ZV?$_DebugMallocator@H@@@Z 1001b01d f i LIBCMT:excptptr.obj
 0001:0001a05e       ?_BadAllocException@__ExceptionPtr@@SA?AV?$shared_ptr@V__ExceptionPtr@@@tr1@std@@XZ 1001b05e f   LIBCMT:excptptr.obj
 0001:0001a083       ?__ExceptionPtrCopy@@YAXPAXPBX@Z 1001b083 f   LIBCMT:excptptr.obj
 0001:0001a0b4       ??4?$shared_ptr@V__ExceptionPtr@@@tr1@std@@QAEAAV012@$$QAV012@@Z 1001b0b4 f i LIBCMT:excptptr.obj
 0001:0001a0ef       ?_CurrentException@__ExceptionPtr@@SA?AV?$shared_ptr@V__ExceptionPtr@@@tr1@std@@XZ 1001b0ef f   LIBCMT:excptptr.obj
 0001:0001a1fc       ?_CopyException@__ExceptionPtr@@SA?AV?$shared_ptr@V__ExceptionPtr@@@tr1@std@@PBXPBU_s_ThrowInfo@@_N@Z 1001b1fc f   LIBCMT:excptptr.obj
 0001:0001a350       ?__ExceptionPtrCurrentException@@YAXPAX@Z 1001b350 f   LIBCMT:excptptr.obj
 0001:0001a38e       ?__ExceptionPtrCopyException@@YAXPAXPBX1@Z 1001b38e f   LIBCMT:excptptr.obj
 0001:0001a3d1       ?_InitBadAllocException@__ExceptionPtr@@CA?AV?$shared_ptr@V__ExceptionPtr@@@tr1@std@@XZ 1001b3d1 f   LIBCMT:excptptr.obj
 0001:0001a430       ___RTtypeid                1001b430 f   LIBCMT:rtti.obj
 0001:0001a4ad       ?__ArrayUnwind@@YGXPAXIHP6EX0@Z@Z 1001b4ad f   LIBCMT:ehvecdtr.obj
 0001:0001a50b       ??_M@YGXPAXIHP6EX0@Z@Z     1001b50b f   LIBCMT:ehvecdtr.obj
 0001:0001a56e       ??_L@YGXPAXIHP6EX0@Z1@Z    1001b56e f   LIBCMT:ehvecctr.obj
[...]
 0001:0002bbc8       __ehhandler$?_Copy_exception@_Exception_ptr@std@@SA?AV12@PAXPBX@Z 1002cbc8 f    CIL library: CIL module
 0001:0002bbf0       __unwindfunclet$?_Current_exception@_Exception_ptr@std@@SA?AV12@XZ$0 1002cbf0 f    CIL library: CIL module
 0001:0002bc09       __ehhandler$?_Current_exception@_Exception_ptr@std@@SA?AV12@XZ 1002cc09 f    CIL library: CIL module
 0001:0002bc30       __unwindfunclet$?execute@delegated_task@internal@interface7@tbb@@EAEPAVtask@4@XZ$0 1002cc30 f    CIL library: CIL module
 0001:0002bc38       __ehhandler$?execute@delegated_task@internal@interface7@tbb@@EAEPAVtask@4@XZ 1002cc38 f    CIL library: CIL module
 0001:0002bc60       __unwindfunclet$?throw_self@tbb_exception_ptr@internal@tbb@@QAEXXZ$1 1002cc60 f    CIL library: CIL module
 0001:0002bc68       __ehhandler$?throw_self@tbb_exception_ptr@internal@tbb@@QAEXXZ 1002cc68 f    CIL library: CIL module
 0001:0002bc90       __unwindfunclet$??$copy_exception@Vcaptured_exception@tbb@@@std@@YA?AV_Exception_ptr@0@Vcaptured_exception@tbb@@@Z$0 1002cc90 f    CIL library: CIL module
 0001:0002bc98       __ehhandler$??$copy_exception@Vcaptured_exception@tbb@@@std@@YA?AV_Exception_ptr@0@Vcaptured_exception@tbb@@@Z 1002cc98 f    CIL library: CIL module
 0001:0002bcc0       __unwindfunclet$??_Gstage_task@internal@tbb@@UAEPAXI@Z$0 1002ccc0 f    CIL library: CIL module
 0001:0002bcc8       __ehhandler$??_Gstage_task@internal@tbb@@UAEPAXI@Z 1002ccc8 f    CIL library: CIL module
 0001:0002bcf0       __unwindfunclet$?pop@?$task_stream@$02@internal@tbb@@QAEPAVtask@3@HAAI@Z$0 1002ccf0 f    CIL library: CIL module
 0001:0002bcf8       __ehhandler$?pop@?$task_stream@$02@internal@tbb@@QAEPAVtask@3@HAAI@Z 1002ccf8 f    CIL library: CIL module
 0001:0002bd20       __unwindfunclet$?winnow_task_pool@generic_scheduler@internal@tbb@@QAEPAVtask@3@XZ$0 1002cd20 f    CIL library: CIL module
 0001:0002bd28       __ehhandler$?winnow_task_pool@generic_scheduler@internal@tbb@@QAEPAVtask@3@XZ 1002cd28 f    CIL library: CIL module
 0001:0002bd50       __unwindfunclet$?push@micro_queue@internal@tbb@@QAEXPBXIAAVconcurrent_queue_base@23@@Z$0 1002cd50 f    CIL library: CIL module
 0001:0002bd58       __ehhandler$?push@micro_queue@internal@tbb@@QAEXPBXIAAVconcurrent_queue_base@23@@Z 1002cd58 f    CIL library: CIL module
 0001:0002bd80       __unwindfunclet$?internal_destroy@global_control@interface9@tbb@@AAEXXZ$0 1002cd80 f    CIL library: CIL module
 0001:0002bd88       __ehhandler$?internal_destroy@global_control@interface9@tbb@@AAEXXZ 1002cd88 f    CIL library: CIL module
 0001:0002bdb0       __unwindfunclet$??0generic_scheduler@internal@tbb@@IAE@AAVmarket@12@@Z$0 1002cdb0 f    CIL library: CIL module
 0001:0002bdb8       __ehhandler$??0generic_scheduler@internal@tbb@@IAE@AAVmarket@12@@Z 1002cdb8 f    CIL library: CIL module
 0001:0002bde0       __unwindfunclet$?internal_create@global_control@interface9@tbb@@AAEXXZ$0 1002cde0 f    CIL library: CIL module
 0001:0002bde0       __unwindfunclet$?push@?$task_stream@$02@internal@tbb@@QAEXPAVtask@3@HAAVFastRandom@23@@Z$0 1002cde0 f    CIL library: CIL module
 0001:0002bde8       __ehhandler$?push@?$task_stream@$02@internal@tbb@@QAEXPAVtask@3@HAAVFastRandom@23@@Z 1002cde8 f    CIL library: CIL module
 0001:0002bde8       __ehhandler$?internal_create@global_control@interface9@tbb@@AAEXXZ 1002cde8 f    CIL library: CIL module
 0001:0002be10       __unwindfunclet$?initialize@?$task_stream@$02@internal@tbb@@QAEXI@Z$0 1002ce10 f    CIL library: CIL module
 0001:0002be1b       __ehhandler$?initialize@?$task_stream@$02@internal@tbb@@QAEXI@Z 1002ce1b f    CIL library: CIL module
 0001:0002be40       __unwindfunclet$?allocate@tbb_exception_ptr@internal@tbb@@SAPAV123@XZ$0 1002ce40 f    CIL library: CIL module
 0001:0002be40       __unwindfunclet$?allocate@tbb_exception_ptr@internal@tbb@@SAPAV123@ABVtbb_exception@3@@Z$0 1002ce40 f    CIL library: CIL module
 0001:0002be48       __unwindfunclet$?allocate@tbb_exception_ptr@internal@tbb@@SAPAV123@XZ$1 1002ce48 f    CIL library: CIL module
 0001:0002be48       __unwindfunclet$?allocate@tbb_exception_ptr@internal@tbb@@SAPAV123@ABVtbb_exception@3@@Z$1 1002ce48 f    CIL library: CIL module
 0001:0002be59       __ehhandler$?allocate@tbb_exception_ptr@internal@tbb@@SAPAV123@XZ 1002ce59 f    CIL library: CIL module
 0001:0002be59       __ehhandler$?allocate@tbb_exception_ptr@internal@tbb@@SAPAV123@ABVtbb_exception@3@@Z 1002ce59 f    CIL library: CIL module
 0001:0002be80       __unwindfunclet$?lock_read@reader_writer_lock@interface5@tbb@@QAEXXZ$0 1002ce80 f    CIL library: CIL module
 0001:0002be88       __ehhandler$?lock_read@reader_writer_lock@interface5@tbb@@QAEXXZ 1002ce88 f    CIL library: CIL module
 0001:0002beb0       __unwindfunclet$?return_item@input_buffer@internal@tbb@@QAE_NAAUtask_info@23@_N@Z$0 1002ceb0 f    CIL library: CIL module
 0001:0002beb8       __ehhandler$?return_item@input_buffer@internal@tbb@@QAE_NAAUtask_info@23@_N@Z 1002ceb8 f    CIL library: CIL module
 0001:0002bee0       __unwindfunclet$?put_token@input_buffer@internal@tbb@@QAE_NAAUtask_info@23@_N@Z$0 1002cee0 f    CIL library: CIL module
 0001:0002bee8       __ehhandler$?put_token@input_buffer@internal@tbb@@QAE_NAAUtask_info@23@_N@Z 1002cee8 f    CIL library: CIL module
 0001:0002bf10       __unwindfunclet$?internal_compact@concurrent_vector_base_v3@internal@tbb@@IAEPAXIPAXP6AX0I@ZP6AX0PBXI@Z@Z$2 1002cf10 f    CIL library: CIL module
 0001:0002bf18       __ehhandler$?internal_compact@concurrent_vector_base_v3@internal@tbb@@IAEPAXIPAXP6AX0I@ZP6AX0PBXI@Z@Z 1002cf18 f    CIL library: CIL module
 0001:0002bf40       __unwindfunclet$?internal_clear@concurrent_vector_base_v3@internal@tbb@@IAEIP6AXPAXI@Z@Z$0 1002cf40 f    CIL library: CIL module
 0001:0002bf48       __ehhandler$?internal_clear@concurrent_vector_base_v3@internal@tbb@@IAEIP6AXPAXI@Z@Z 1002cf48 f    CIL library: CIL module
 0001:0002bf70       __unwindfunclet$?enable_segment@helper@concurrent_vector_base_v3@internal@tbb@@SAIAAV234@II_N@Z$0 1002cf70 f    CIL library: CIL module
 0001:0002bf78       __ehhandler$?enable_segment@helper@concurrent_vector_base_v3@internal@tbb@@SAIAAV234@II_N@Z 1002cf78 f    CIL library: CIL module
 0001:0002bfa0       __ehhandler$?assign@micro_queue@internal@tbb@@QAEAAU123@ABU123@AAVconcurrent_queue_base_v3@23@W4copy_specifics@423@@Z 1002cfa0 f    CIL library: CIL module
 0001:0002bfc0       __ehhandler$?push@micro_queue@internal@tbb@@QAEXPBXIAAVconcurrent_queue_base_v3@23@W4copy_specifics@423@@Z 1002cfc0 f    CIL library: CIL module
 0001:0002bfe0       __unwindfunclet$?pop@micro_queue@internal@tbb@@QAE_NPAXIAAVconcurrent_queue_base@23@@Z$0 1002cfe0 f    CIL library: CIL module
 0001:0002bfe8       __ehhandler$?pop@micro_queue@internal@tbb@@QAE_NPAXIAAVconcurrent_queue_base@23@@Z 1002cfe8 f    CIL library: CIL module
 0001:0002c010       __unwindfunclet$?do_notify_entry_observers@observer_list@internal@tbb@@AAEXAAPAVobserver_proxy@23@_N@Z$0 1002d010 f    CIL library: CIL module
 0001:0002c010       __unwindfunclet$?do_notify_exit_observers@observer_list@internal@tbb@@AAEXPAVobserver_proxy@23@_N@Z$0 1002d010 f    CIL library: CIL module
 0001:0002c018       __ehhandler$?do_notify_entry_observers@observer_list@internal@tbb@@AAEXAAPAVobserver_proxy@23@_N@Z 1002d018 f    CIL library: CIL module
 0001:0002c018       __ehhandler$?do_notify_exit_observers@observer_list@internal@tbb@@AAEXPAVobserver_proxy@23@_N@Z 1002d018 f    CIL library: CIL module
 0001:0002c040       __unwindfunclet$?allocate_scheduler@?$custom_scheduler@UIntelSchedulerTraits@internal@tbb@@@internal@tbb@@SAPAVgeneric_scheduler@23@AAVmarket@23@@Z$0 1002d040 f    CIL library: CIL module
 0001:0002c040       __unwindfunclet$?allocate@captured_exception@tbb@@SAPAV12@PBD0@Z$0 1002d040 f    CIL library: CIL module
 0001:0002c040       __unwindfunclet$?allocate_scheduler@?$custom_scheduler@UDefaultSchedulerTraits@internal@tbb@@@internal@tbb@@SAPAVgeneric_scheduler@23@AAVmarket@23@@Z$0 1002d040 f    CIL library: CIL module
 0001:0002c051       __ehhandler$?allocate_scheduler@?$custom_scheduler@UIntelSchedulerTraits@internal@tbb@@@internal@tbb@@SAPAVgeneric_scheduler@23@AAVmarket@23@@Z 1002d051 f    CIL library: CIL module
 0001:0002c051       __ehhandler$?allocate_scheduler@?$custom_scheduler@UDefaultSchedulerTraits@internal@tbb@@@internal@tbb@@SAPAVgeneric_scheduler@23@AAVmarket@23@@Z 1002d051 f    CIL library: CIL module
 0001:0002c051       __ehhandler$?allocate@captured_exception@tbb@@SAPAV12@PBD0@Z 1002d051 f    CIL library: CIL module
 0001:0002c070       __unwindfunclet$??0private_server@rml@internal@tbb@@QAE@AAVtbb_client@123@@Z$0 1002d070 f    CIL library: CIL module
 0001:0002c08a       __unwindfunclet$??0private_server@rml@internal@tbb@@QAE@AAVtbb_client@123@@Z$57 1002d08a f    CIL library: CIL module
 0001:0002c095       __ehhandler$??0private_server@rml@internal@tbb@@QAE@AAVtbb_client@123@@Z 1002d095 f    CIL library: CIL module
 0001:0002c0b0       __unwindfunclet$?add_filter@pipeline@tbb@@QAEXAAVfilter@2@@Z$0 1002d0b0 f    CIL library: CIL module
 0001:0002c0bb       __unwindfunclet$?add_filter@pipeline@tbb@@QAEXAAVfilter@2@@Z$1 1002d0bb f    CIL library: CIL module
 0001:0002c0c6       __unwindfunclet$?add_filter@pipeline@tbb@@QAEXAAVfilter@2@@Z$2 1002d0c6 f    CIL library: CIL module
 0001:0002c0d1       __unwindfunclet$?add_filter@pipeline@tbb@@QAEXAAVfilter@2@@Z$3 1002d0d1 f    CIL library: CIL module
 0001:0002c0dc       __ehhandler$?add_filter@pipeline@tbb@@QAEXAAVfilter@2@@Z 1002d0dc f    CIL library: CIL module
 0001:0002c100       __unwindfunclet$?internal_grow@concurrent_vector_base_v3@internal@tbb@@IAEXIIIP6AXPAXPBXI@Z1@Z$0 1002d100 f    CIL library: CIL module
 0001:0002c108       __ehhandler$?internal_grow@concurrent_vector_base_v3@internal@tbb@@IAEXIIIP6AXPAXPBXI@Z1@Z 1002d108 f    CIL library: CIL module
 0001:0002c130       __unwindfunclet$?pop@micro_queue@internal@tbb@@QAE_NPAXIAAVconcurrent_queue_base_v3@23@@Z$0 1002d130 f    CIL library: CIL module
 0001:0002c138       __ehhandler$?pop@micro_queue@internal@tbb@@QAE_NPAXIAAVconcurrent_queue_base_v3@23@@Z 1002d138 f    CIL library: CIL module
 0001:0002c160       __unwindfunclet$?reload_tasks@generic_scheduler@internal@tbb@@QAEPAVtask@3@AAPAV43@AAPAPAV43@H@Z$0 1002d160 f    CIL library: CIL module
 0001:0002c16a       __ehhandler$?reload_tasks@generic_scheduler@internal@tbb@@QAEPAVtask@3@AAPAV43@AAPAPAV43@H@Z 1002d16a f    CIL library: CIL module
 0001:0002c190       __unwindfunclet$?local_spawn@generic_scheduler@internal@tbb@@QAEXAAVtask@3@AAPAV43@@Z$0 1002d190 f    CIL library: CIL module
 0001:0002c19a       __ehhandler$?local_spawn@generic_scheduler@internal@tbb@@QAEXAAVtask@3@AAPAV43@@Z 1002d19a f    CIL library: CIL module
 0001:0002c1c0       __unwindfunclet$??0arena@internal@tbb@@QAE@AAVmarket@12@I@Z$0 1002d1c0 f    CIL library: CIL module
 0001:0002c1c8       __ehhandler$??0arena@internal@tbb@@QAE@AAVmarket@12@I@Z 1002d1c8 f    CIL library: CIL module
 0001:0002c1f0       __unwindfunclet$?internal_resize@concurrent_vector_base_v3@internal@tbb@@IAEXIIIPBXP6AXPAXI@ZP6AX10I@Z@Z$0 1002d1f0 f    CIL library: CIL module
 0001:0002c1f8       __unwindfunclet$?internal_resize@concurrent_vector_base_v3@internal@tbb@@IAEXIIIPBXP6AXPAXI@ZP6AX10I@Z@Z$1 1002d1f8 f    CIL library: CIL module
 0001:0002c200       __ehhandler$?internal_resize@concurrent_vector_base_v3@internal@tbb@@IAEXIIIPBXP6AXPAXI@ZP6AX10I@Z@Z 1002d200 f    CIL library: CIL module
 0001:0002c220       __unwindfunclet$?internal_pop@concurrent_queue_base_v3@internal@tbb@@IAEXPAX@Z$3 1002d220 f    CIL library: CIL module
 0001:0002c228       __ehhandler$?internal_pop@concurrent_queue_base_v3@internal@tbb@@IAEXPAX@Z 1002d228 f    CIL library: CIL module
 0001:0002c250       __unwindfunclet$?internal_insert_item@concurrent_queue_base_v3@internal@tbb@@IAEXPBXW4copy_specifics@123@@Z$3 1002d250 f    CIL library: CIL module
 0001:0002c258       __ehhandler$?internal_insert_item@concurrent_queue_base_v3@internal@tbb@@IAEXPBXW4copy_specifics@123@@Z 1002d258 f    CIL library: CIL module
 0001:0002c280       __unwindfunclet$?local_spawn_root_and_wait@generic_scheduler@internal@tbb@@QAEXAAVtask@3@AAPAV43@@Z$0 1002d280 f    CIL library: CIL module
 0001:0002c288       __ehhandler$?local_spawn_root_and_wait@generic_scheduler@internal@tbb@@QAEXAAVtask@3@AAPAV43@@Z 1002d288 f    CIL library: CIL module
 0001:0002c2b0       __ehhandler$??1?$task_stream@$02@internal@tbb@@QAE@XZ 1002d2b0 f    CIL library: CIL module
 0001:0002c2b0       __ehhandler$?free_arena@arena@internal@tbb@@QAEXXZ 1002d2b0 f    CIL library: CIL module
 0001:0002c2d0       __unwindfunclet$?allocate_arena@arena@internal@tbb@@SAAAV123@AAVmarket@23@I@Z$0 1002d2d0 f    CIL library: CIL module
 0001:0002c2e1       __ehhandler$?allocate_arena@arena@internal@tbb@@SAAAV123@AAVmarket@23@I@Z 1002d2e1 f    CIL library: CIL module
 0001:0002c300       __unwindfunclet$?try_destroy_arena@market@internal@tbb@@QAEXPAVarena@23@I@Z$0 1002d300 f    CIL library: CIL module
 0001:0002c308       __ehhandler$?try_destroy_arena@market@internal@tbb@@QAEXPAVarena@23@I@Z 1002d308 f    CIL library: CIL module
 0001:0002c330       __unwindfunclet$?create_rml_server@governor@internal@tbb@@CAPAVtbb_server@rml@23@AAVtbb_client@523@@Z$0 1002d330 f    CIL library: CIL module
 0001:0002c341       __ehhandler$?create_rml_server@governor@internal@tbb@@CAPAVtbb_server@rml@23@AAVtbb_client@523@@Z 1002d341 f    CIL library: CIL module
 0001:0002c360       __unwindfunclet$??$AllocateExceptionContainer@Vcaptured_exception@tbb@@@internal@tbb@@YAPAVtbb_exception_ptr@01@ABVcaptured_exception@1@@Z$0 1002d360 f    CIL library: CIL module
 0001:0002c371       __ehhandler$??$AllocateExceptionContainer@Vcaptured_exception@tbb@@@internal@tbb@@YAPAVtbb_exception_ptr@01@ABVcaptured_exception@1@@Z 1002d371 f    CIL library: CIL module
 0001:0002c390       __unwindfunclet$?cleanup_master@generic_scheduler@internal@tbb@@QAEXXZ$0 1002d390 f    CIL library: CIL module
 0001:0002c398       __ehhandler$?cleanup_master@generic_scheduler@internal@tbb@@QAEXXZ 1002d398 f    CIL library: CIL module
 0001:0002c3c0       __unwindfunclet$?global_market@market@internal@tbb@@CAAAV123@II_N0@Z$0 1002d3c0 f    CIL library: CIL module
 0001:0002c3c8       __unwindfunclet$?global_market@market@internal@tbb@@CAAAV123@II_N0@Z$1 1002d3c8 f    CIL library: CIL module
 0001:0002c3d9       __ehhandler$?global_market@market@internal@tbb@@CAAAV123@II_N0@Z 1002d3d9 f    CIL library: CIL module
 0001:0002c400       __unwindfunclet$?create_master@generic_scheduler@internal@tbb@@SAPAV123@PAVarena@23@@Z$2 1002d400 f    CIL library: CIL module
 0001:0002c408       __unwindfunclet$?create_master@generic_scheduler@internal@tbb@@SAPAV123@PAVarena@23@@Z$3 1002d408 f    CIL library: CIL module
 0001:0002c419       __unwindfunclet$?create_master@generic_scheduler@internal@tbb@@SAPAV123@PAVarena@23@@Z$1 1002d419 f    CIL library: CIL module
 0001:0002c421       __ehhandler$?create_master@generic_scheduler@internal@tbb@@SAPAV123@PAVarena@23@@Z 1002d421 f    CIL library: CIL module
 0001:0002c440       __unwindfunclet$?internal_initialize@task_arena_base@internal@interface7@tbb@@IAEXXZ$1 1002d440 f    CIL library: CIL module
 0001:0002c448       __unwindfunclet$?internal_initialize@task_arena_base@internal@interface7@tbb@@IAEXXZ$2 1002d448 f    CIL library: CIL module
 0001:0002c459       __ehhandler$?internal_initialize@task_arena_base@internal@interface7@tbb@@IAEXXZ 1002d459 f    CIL library: CIL module
 0001:0002c480       __unwindfunclet$?local_wait_for_all@?$custom_scheduler@UIntelSchedulerTraits@internal@tbb@@@internal@tbb@@EAEXAAVtask@3@PAV43@@Z$7 1002d480 f    CIL library: CIL module
 0001:0002c488       __ehhandler$?local_wait_for_all@?$custom_scheduler@UIntelSchedulerTraits@internal@tbb@@@internal@tbb@@EAEXAAVtask@3@PAV43@@Z 1002d488 f    CIL library: CIL module
 0001:0002c4b0       __unwindfunclet$?local_wait_for_all@?$custom_scheduler@UDefaultSchedulerTraits@internal@tbb@@@internal@tbb@@EAEXAAVtask@3@PAV43@@Z$7 1002d4b0 f    CIL library: CIL module
 0001:0002c4b8       __ehhandler$?local_wait_for_all@?$custom_scheduler@UDefaultSchedulerTraits@internal@tbb@@@internal@tbb@@EAEXAAVtask@3@PAV43@@Z 1002d4b8 f    CIL library: CIL module
 0001:0002c4e0       __unwindfunclet$?internal_wait@task_arena_base@internal@interface7@tbb@@IBEXXZ$0 1002d4e0 f    CIL library: CIL module
 0001:0002c4ea       __unwindfunclet$?internal_wait@task_arena_base@internal@interface7@tbb@@IBEXXZ$1 1002d4ea f    CIL library: CIL module
 0001:0002c4f2       __ehhandler$?internal_wait@task_arena_base@internal@interface7@tbb@@IBEXXZ 1002d4f2 f    CIL library: CIL module
 0001:0002c510       __ehhandler$?register_pending_exception@task_group_context@tbb@@QAEXXZ 1002d510 f    CIL library: CIL module
 0001:0002c530       __unwindfunclet$?run@pipeline@tbb@@QAEXIAAVtask_group_context@2@@Z$0 1002d530 f    CIL library: CIL module
 0001:0002c538       __ehhandler$?run@pipeline@tbb@@QAEXIAAVtask_group_context@2@@Z 1002d538 f    CIL library: CIL module
 0001:0002c560       __unwindfunclet$?internal_execute@task_arena_base@internal@interface7@tbb@@IBEXAAVdelegate_base@234@@Z$5 1002d560 f    CIL library: CIL module
 0001:0002c568       __unwindfunclet$?internal_execute@task_arena_base@internal@interface7@tbb@@IBEXAAVdelegate_base@234@@Z$6 1002d568 f    CIL library: CIL module
 0001:0002c573       __unwindfunclet$?internal_execute@task_arena_base@internal@interface7@tbb@@IBEXAAVdelegate_base@234@@Z$7 1002d573 f    CIL library: CIL module
 0001:0002c57e       __unwindfunclet$?internal_execute@task_arena_base@internal@interface7@tbb@@IBEXAAVdelegate_base@234@@Z$9 1002d57e f    CIL library: CIL module
 0001:0002c58b       __unwindfunclet$?internal_execute@task_arena_base@internal@interface7@tbb@@IBEXAAVdelegate_base@234@@Z$11 1002d58b f    CIL library: CIL module
 0001:0002c596       __unwindfunclet$?internal_execute@task_arena_base@internal@interface7@tbb@@IBEXAAVdelegate_base@234@@Z$2 1002d596 f    CIL library: CIL module
 0001:0002c5a1       __unwindfunclet$?internal_execute@task_arena_base@internal@interface7@tbb@@IBEXAAVdelegate_base@234@@Z$3 1002d5a1 f    CIL library: CIL module
 0001:0002c5ae       __unwindfunclet$?internal_execute@task_arena_base@internal@interface7@tbb@@IBEXAAVdelegate_base@234@@Z$4 1002d5ae f    CIL library: CIL module
 0001:0002c5b9       __ehhandler$?internal_execute@task_arena_base@internal@interface7@tbb@@IBEXAAVdelegate_base@234@@Z 1002d5b9 f    CIL library: CIL module
 0001:0002c5f0       __unwindfunclet$??$note_done@Vstage_task@internal@tbb@@@input_buffer@internal@tbb@@QAEXKAAVstage_task@12@@Z$0 1002d5f0 f    CIL library: CIL module
 0001:0002c5f8       __ehhandler$??$note_done@Vstage_task@internal@tbb@@@input_buffer@internal@tbb@@QAEXKAAVstage_task@12@@Z 1002d5f8 f    CIL library: CIL module
 0001:0002c620       __unwindfunclet$?run@pipeline@tbb@@QAEXI@Z$0 1002d620 f    CIL library: CIL module
 0001:0002c62b       __ehhandler$?run@pipeline@tbb@@QAEXI@Z 1002d62b f    CIL library: CIL module
 0001:0002c660       ??__Estatic_init_dl_data@internal@tbb@@YAXXZ 1002d660 f    CIL library: CIL module
 0001:0002c690       ??__Ethe_dummy_context@internal@tbb@@YAXXZ 1002d690 f    CIL library: CIL module
 0001:0002c69c       ??__Einitlocks@std@@YAXXZ  1002d69c f   libcpmt:xlock.obj
 0001:0002c6b2       ??__E?m_badAllocExceptionPtr@__ExceptionPtr@@0V?$shared_ptr@V__ExceptionPtr@@@tr1@std@@A@@YAXXZ 1002d6b2 f   LIBCMT:excptptr.obj
 0001:0002c6d0       ??__Fthe_dummy_context@internal@tbb@@YAXXZ 1002d6d0 f    CIL library: CIL module
 0001:0002c6da       ??__Finitlocks@std@@YAXXZ  1002d6da f   libcpmt:xlock.obj
 0001:0002c6e4       ??__Fnomem@?5???2@YAPAXI@Z@YAXXZ 1002d6e4 f   LIBCMT:new.obj
 0001:0002c6f8       ??__F?m_badAllocExceptionPtr@__ExceptionPtr@@0V?$shared_ptr@V__ExceptionPtr@@@tr1@std@@A@@YAXXZ 1002d6f8 f   LIBCMT:excptptr.obj
