 tbb

 Timestamp is 682ede06 (Thu May 22 16:19:18 2025)

 Preferred load address is 10000000

 Start         Length     Name                   Class
 0001:00000000 0002b91aH .text                   CODE
 0001:0002b920 00000c19H .text$x                 CODE
 0001:0002c540 00000054H .text$yc                CODE
 0001:0002c5a0 0000002eH .text$yd                CODE
 0002:00000000 0000016cH .idata$5                DATA
 0002:0000016c 00000004H .CRT$XCA                DATA
 0002:00000170 0000000cH .CRT$XCU                DATA
 0002:0000017c 00000004H .CRT$XCZ                DATA
 0002:00000180 00000004H .CRT$XIA                DATA
 0002:00000184 00000010H .CRT$XIC                DATA
 0002:00000194 00000004H .CRT$XIZ                DATA
 0002:00000198 00000004H .CRT$XPA                DATA
 0002:0000019c 00000004H .CRT$XPX                DATA
 0002:000001a0 00000004H .CRT$XPXA               DATA
 0002:000001a4 00000004H .CRT$XPZ                DATA
 0002:000001a8 00000004H .CRT$XTA                DATA
 0002:000001ac 00000004H .CRT$XTZ                DATA
 0002:000001b0 00004a48H .rdata                  DATA
 0002:00004bf8 00000051H .rdata$debug            DATA
 0002:00004c4c 000011d0H .rdata$r                DATA
 0002:00005e20 0000010cH .rdata$sxdata           DATA
 0002:00005f2c 00000004H .rtc$IAA                DATA
 0002:00005f30 00000004H .rtc$IZZ                DATA
 0002:00005f34 00000004H .rtc$TAA                DATA
 0002:00005f38 00000004H .rtc$TZZ                DATA
 0002:00005f40 000017ecH .xdata$x                DATA
 0002:0000772c 00000014H .idata$2                DATA
 0002:00007740 00000014H .idata$3                DATA
 0002:00007754 0000016cH .idata$4                DATA
 0002:000078c0 00000694H .idata$6                DATA
 0002:00007f60 00003bf1H .edata                  DATA
 0003:00000000 00002d08H .data                   DATA
 0003:00002d20 000033e4H .bss                    DATA
 0004:00000000 00000058H .rsrc$01                DATA
 0004:00000060 000003d8H .rsrc$02                DATA

  Address         Publics by Value              Rva+Base       Lib:Object

 0000:00000000       __except_list              00000000     <absolute>
 0000:00000043       ___safe_se_handler_count   00000043     <absolute>
 0000:00000000       ___ImageBase               10000000     <linker-defined>
 0001:00000000       ?internal_grow_predicate@hash_map_segment_base@internal@tbb@@QBE_NXZ 10001000 f   concurrent_hash_map.obj
 0001:00000020       ?__TBB_LockByte@@YAEAAE@Z  10001020 f i concurrent_queue.obj
 0001:00000070       ??1scoped_lock@spin_mutex@tbb@@QAE@XZ 10001070 f i concurrent_queue.obj
 0001:00000080       ??1binary_semaphore@internal@tbb@@QAE@XZ 10001080 f i concurrent_queue.obj
 0001:00000090       ??1thread_context@concurrent_monitor@internal@tbb@@QAE@XZ 10001090 f i concurrent_queue.obj
 0001:000000c0       ?commit_wait@concurrent_monitor@internal@tbb@@QAE_NAAVthread_context@123@@Z 100010c0 f i concurrent_queue.obj
 0001:00000150       ??1micro_queue_pop_finalizer@internal@tbb@@QAE@XZ 10001150 f i concurrent_queue.obj
 0001:000001a0       ?push@micro_queue@internal@tbb@@QAEXPBXIAAVconcurrent_queue_base_v3@23@W4copy_specifics@423@@Z 100011a0 f   concurrent_queue.obj
 0001:000003b0       ?pop@micro_queue@internal@tbb@@QAE_NPAXIAAVconcurrent_queue_base_v3@23@@Z 100013b0 f   concurrent_queue.obj
 0001:00000550       ?assign@micro_queue@internal@tbb@@QAEAAU123@ABU123@AAVconcurrent_queue_base_v3@23@W4copy_specifics@423@@Z 10001550 f   concurrent_queue.obj
 0001:00000680       ?make_copy@micro_queue@internal@tbb@@QAEPAUpage@concurrent_queue_base_v3@23@AAV523@PBU4523@IIAAIW4copy_specifics@523@@Z 10001680 f   concurrent_queue.obj
 0001:000006f0       ?make_invalid@micro_queue@internal@tbb@@QAEXI@Z 100016f0 f   concurrent_queue.obj
 0001:00000740       ??0concurrent_queue_base_v3@internal@tbb@@IAE@I@Z 10001740 f   concurrent_queue.obj
 0001:00000840       ??_Gconcurrent_queue_base_v3@internal@tbb@@MAEPAXI@Z 10001840 f i concurrent_queue.obj
 0001:00000840       ??_Econcurrent_queue_base_v3@internal@tbb@@MAEPAXI@Z 10001840 f i  CIL library: CIL module
 0001:00000870       ??1concurrent_queue_base_v3@internal@tbb@@MAE@XZ 10001870 f   concurrent_queue.obj
 0001:00000890       ?internal_push@concurrent_queue_base_v3@internal@tbb@@IAEXPBX@Z 10001890 f   concurrent_queue.obj
 0001:000008b0       ?internal_push_move@concurrent_queue_base_v8@internal@tbb@@IAEXPBX@Z 100018b0 f   concurrent_queue.obj
 0001:000008d0       ?internal_insert_item@concurrent_queue_base_v3@internal@tbb@@IAEXPBXW4copy_specifics@123@@Z 100018d0 f   concurrent_queue.obj
 0001:00000b50       ?internal_pop@concurrent_queue_base_v3@internal@tbb@@IAEXPAX@Z 10001b50 f   concurrent_queue.obj
 0001:00000e10       ?internal_abort@concurrent_queue_base_v3@internal@tbb@@IAEXXZ 10001e10 f   concurrent_queue.obj
 0001:00000e30       ?internal_pop_if_present@concurrent_queue_base_v3@internal@tbb@@IAE_NPAX@Z 10001e30 f   concurrent_queue.obj
 0001:00000eb0       ?internal_push_if_not_full@concurrent_queue_base_v3@internal@tbb@@IAE_NPBX@Z 10001eb0 f   concurrent_queue.obj
 0001:00000ed0       ?internal_push_move_if_not_full@concurrent_queue_base_v8@internal@tbb@@IAE_NPBX@Z 10001ed0 f   concurrent_queue.obj
 0001:00000ef0       ?internal_insert_if_not_full@concurrent_queue_base_v3@internal@tbb@@IAE_NPBXW4copy_specifics@123@@Z 10001ef0 f   concurrent_queue.obj
 0001:00000f80       ?internal_size@concurrent_queue_base_v3@internal@tbb@@IBEHXZ 10001f80 f   concurrent_queue.obj
 0001:00000fa0       ?internal_empty@concurrent_queue_base_v3@internal@tbb@@IBE_NXZ 10001fa0 f   concurrent_queue.obj
 0001:00000fe0       ?internal_set_capacity@concurrent_queue_base_v3@internal@tbb@@IAEXHI@Z 10001fe0 f   concurrent_queue.obj
 0001:00000fe0       ?internal_set_capacity@concurrent_queue_base@internal@tbb@@IAEXHI@Z 10001fe0 f   concurrent_queue_v2.obj
 0001:00001000       ?internal_finish_clear@concurrent_queue_base_v3@internal@tbb@@IAEXXZ 10002000 f   concurrent_queue.obj
 0001:00001050       ?internal_throw_exception@concurrent_queue_base_v3@internal@tbb@@IBEXXZ 10002050 f   concurrent_queue.obj
 0001:00001070       ?internal_assign@concurrent_queue_base_v3@internal@tbb@@IAEXABV123@W4copy_specifics@123@@Z 10002070 f   concurrent_queue.obj
 0001:000010f0       ?assign@concurrent_queue_base_v3@internal@tbb@@IAEXABV123@@Z 100020f0 f   concurrent_queue.obj
 0001:00001110       ?move_content@concurrent_queue_base_v8@internal@tbb@@IAEXAAV123@@Z 10002110 f   concurrent_queue.obj
 0001:00001130       ?initialize@concurrent_queue_iterator_base_v3@internal@tbb@@AAEXABVconcurrent_queue_base_v3@23@I@Z 10002130 f   concurrent_queue.obj
 0001:00001210       ??0concurrent_queue_iterator_base_v3@internal@tbb@@IAE@ABVconcurrent_queue_base_v3@12@@Z 10002210 f   concurrent_queue.obj
 0001:00001230       ??0concurrent_queue_iterator_base_v3@internal@tbb@@IAE@ABVconcurrent_queue_base_v3@12@I@Z 10002230 f   concurrent_queue.obj
 0001:00001250       ?assign@concurrent_queue_iterator_base_v3@internal@tbb@@IAEXABV123@@Z 10002250 f   concurrent_queue.obj
 0001:000012d0       ?advance@concurrent_queue_iterator_base_v3@internal@tbb@@IAEXXZ 100022d0 f   concurrent_queue.obj
 0001:00001360       ??1concurrent_queue_iterator_base_v3@internal@tbb@@IAE@XZ 10002360 f   concurrent_queue.obj
 0001:00001380       ??$spin_wait_until_eq@U?$atomic@I@tbb@@I@internal@tbb@@YAXADU?$atomic@I@1@I@Z 10002380 f i concurrent_queue.obj
 0001:000013c0       ??$spin_wait_while_eq@U?$atomic@I@tbb@@I@internal@tbb@@YAXADU?$atomic@I@1@I@Z 100023c0 f i concurrent_queue.obj
 0001:000013c0       ??$spin_wait_while_eq@U?$atomic@PAVsegment_t@concurrent_vector_base_v3@internal@tbb@@@tbb@@PAVsegment_t@concurrent_vector_base_v3@internal@2@@internal@tbb@@YAXADU?$atomic@PAVsegment_t@concurrent_vector_base_v3@internal@tbb@@@1@PAVsegment_t@concurrent_vector_base_v3@01@@Z 100023c0 f i concurrent_vector.obj
 0001:00001400       ??$notify_relaxed@Upredicate_leq@internal@tbb@@@concurrent_monitor@internal@tbb@@QAEXABUpredicate_leq@12@@Z 10002400 f i concurrent_queue.obj
 0001:000014c0       ?acquire_segment@helper@concurrent_vector_base_v3@internal@tbb@@SAAAVsegment_t@234@AAV234@II_N@Z 100024c0 f i concurrent_vector.obj
 0001:00001550       ??1helper@concurrent_vector_base_v3@internal@tbb@@QAE@XZ 10002550 f i concurrent_vector.obj
 0001:00001570       ?extend_segment_table@helper@concurrent_vector_base_v3@internal@tbb@@SAXAAV234@I@Z 10002570 f   concurrent_vector.obj
 0001:00001710       ?enable_segment@helper@concurrent_vector_base_v3@internal@tbb@@SAIAAV234@II_N@Z 10002710 f   concurrent_vector.obj
 0001:000018f0       ?cleanup@helper@concurrent_vector_base_v3@internal@tbb@@QAEXXZ 100028f0 f   concurrent_vector.obj
 0001:00001b20       ??1concurrent_vector_base_v3@internal@tbb@@IAE@XZ 10002b20 f   concurrent_vector.obj
 0001:00001b40       ?internal_capacity@concurrent_vector_base_v3@internal@tbb@@IBEIXZ 10002b40 f   concurrent_vector.obj
 0001:00001b80       ?internal_throw_exception@concurrent_vector_base_v3@internal@tbb@@IBEXI@Z 10002b80 f   concurrent_vector.obj
 0001:00001c20       ?internal_reserve@concurrent_vector_base_v3@internal@tbb@@IAEXIII@Z 10002c20 f   concurrent_vector.obj
 0001:00001d10       ?internal_copy@concurrent_vector_base_v3@internal@tbb@@IAEXABV123@IP6AXPAXPBXI@Z@Z 10002d10 f   concurrent_vector.obj
 0001:00001e10       ?internal_assign@concurrent_vector_base_v3@internal@tbb@@IAEXABV123@IP6AXPAXI@ZP6AX1PBXI@Z4@Z 10002e10 f   concurrent_vector.obj
 0001:00002060       ?internal_push_back@concurrent_vector_base_v3@internal@tbb@@IAEPAXIAAI@Z 10003060 f   concurrent_vector.obj
 0001:000020e0       ?internal_grow_to_at_least@concurrent_vector_base_v3@internal@tbb@@IAEXIIP6AXPAXPBXI@Z1@Z 100030e0 f   concurrent_vector.obj
 0001:000020f0       ?internal_grow_to_at_least_with_result@concurrent_vector_base_v3@internal@tbb@@IAEIIIP6AXPAXPBXI@Z1@Z 100030f0 f   concurrent_vector.obj
 0001:00002220       ?internal_grow_by@concurrent_vector_base_v3@internal@tbb@@IAEIIIP6AXPAXPBXI@Z1@Z 10003220 f   concurrent_vector.obj
 0001:00002250       ?internal_grow@concurrent_vector_base_v3@internal@tbb@@IAEXIIIP6AXPAXPBXI@Z1@Z 10003250 f   concurrent_vector.obj
 0001:000024b0       ?internal_resize@concurrent_vector_base_v3@internal@tbb@@IAEXIIIPBXP6AXPAXI@ZP6AX10I@Z@Z 100034b0 f   concurrent_vector.obj
 0001:000025f0       ?internal_clear@concurrent_vector_base_v3@internal@tbb@@IAEIP6AXPAXI@Z@Z 100035f0 f   concurrent_vector.obj
 0001:000026c0       ?internal_compact@concurrent_vector_base_v3@internal@tbb@@IAEPAXIPAXP6AX0I@ZP6AX0PBXI@Z@Z 100036c0 f   concurrent_vector.obj
 0001:00002a30       ?internal_swap@concurrent_vector_base_v3@internal@tbb@@IAEXAAV123@@Z 10003a30 f   concurrent_vector.obj
 0001:00002ad0       ??$spin_wait_while@Usegment_not_used_predicate@helper@concurrent_vector_base_v3@internal@tbb@@@internal@tbb@@YAXUsegment_not_used_predicate@helper@concurrent_vector_base_v3@01@@Z 10003ad0 f i concurrent_vector.obj
 0001:00002b20       ??$apply@Uinit_body@helper@concurrent_vector_base_v3@internal@tbb@@@helper@concurrent_vector_base_v3@internal@tbb@@QAEIABUinit_body@0123@@Z 10003b20 f i concurrent_vector.obj
 0001:00002bf0       ??$apply@Usafe_init_body@helper@concurrent_vector_base_v3@internal@tbb@@@helper@concurrent_vector_base_v3@internal@tbb@@QAEIABUsafe_init_body@0123@@Z 10003bf0 f i concurrent_vector.obj
 0001:00002d40       ??$apply@Udestroy_body@helper@concurrent_vector_base_v3@internal@tbb@@@helper@concurrent_vector_base_v3@internal@tbb@@QAEIABUdestroy_body@0123@@Z 10003d40 f i concurrent_vector.obj
 0001:00002e30       ??$_Uninit_fill_n@PAVsegment_t@concurrent_vector_base_v3@internal@tbb@@IV1234@@std@@YAXPAVsegment_t@concurrent_vector_base_v3@internal@tbb@@IABV1234@U_Nonscalar_ptr_iterator_tag@0@@Z 10003e30 f i concurrent_vector.obj
 0001:00002e50       ?apply_active@stack_size_control@internal@tbb@@EBEXXZ 10003e50 f   tbb_main.obj
 0001:00002e50       ?internal_destroy@reader_writer_lock@interface5@tbb@@AAEXXZ 10003e50 f   reader_writer_lock.obj
 0001:00002e50       ??3@YAXPAX0@Z              10003e50 f   concurrent_queue.obj
 0001:00002f60       ?dynamic_load@internal@tbb@@YAPAUHINSTANCE__@@PBDQBUdynamic_link_descriptor@12@I@Z 10003f60 f   dynamic_link.obj
 0001:00003080       ?dynamic_link@internal@tbb@@YA_NPBDQBUdynamic_link_descriptor@12@IPAPAUHINSTANCE__@@H@Z 10004080 f   dynamic_link.obj
 0001:00003140       ??$atomic_do_once@P6AXXZ@internal@tbb@@YAXABQ6AXXZAAU?$atomic@W4do_once_state@internal@tbb@@@1@@Z 10004140 f i dynamic_link.obj
 0001:000083a0       ___itt_fini_ittlib         100093a0 f   itt_notify.obj
 0001:00008420       ___itt_init_ittlib         10009420 f   itt_notify.obj
 0001:000086b0       ?initialize_handler_pointers@internal@tbb@@YAXXZ 100096b0 f   cache_aligned_allocator.obj
 0001:00008890       ?NFS_GetLineSize@internal@tbb@@YAIXZ 10009890 f   cache_aligned_allocator.obj
 0001:000088a0       ?NFS_Allocate@internal@tbb@@YAPAXIIPAX@Z 100098a0 f   cache_aligned_allocator.obj
 0001:00008910       ?NFS_Free@internal@tbb@@YAXPAX@Z 10009910 f   cache_aligned_allocator.obj
 0001:00008980       ?is_malloc_used_v3@internal@tbb@@YA_NXZ 10009980 f   cache_aligned_allocator.obj
 0001:000089b0       ??0task_group_context@tbb@@QAE@W4kind_type@01@I@Z 100099b0 f i pipeline.obj
 0001:00008a00       ??1task@tbb@@UAE@XZ        10009a00 f i pipeline.obj
 0001:00008a10       ??_Gtask@tbb@@UAEPAXI@Z    10009a10 f i pipeline.obj
 0001:00008a10       ??_Gpipeline_root_task@internal@tbb@@UAEPAXI@Z 10009a10 f i pipeline.obj
 0001:00008a10       ??_Gempty_task@tbb@@UAEPAXI@Z 10009a10 f i arena.obj
 0001:00008a10       ??_Epipeline_root_task@internal@tbb@@UAEPAXI@Z 10009a10 f i  CIL library: CIL module
 0001:00008a10       ??_Eempty_task@tbb@@UAEPAXI@Z 10009a10 f i  CIL library: CIL module
 0001:00008a10       ??_Ewait_task@internal@interface7@tbb@@UAEPAXI@Z 10009a10 f i  CIL library: CIL module
 0001:00008a10       ??_Etask@tbb@@UAEPAXI@Z    10009a10 f i  CIL library: CIL module
 0001:00008a10       ??_Gwait_task@internal@interface7@tbb@@UAEPAXI@Z 10009a10 f i arena.obj
 0001:00008a40       ??2@YAPAXIABVallocate_child_proxy@internal@tbb@@@Z 10009a40 f i pipeline.obj
 0001:00008aa0       ??_Gfilter@tbb@@UAEPAXI@Z  10009aa0 f i pipeline.obj
 0001:00008aa0       ??_Efilter@tbb@@UAEPAXI@Z  10009aa0 f i  CIL library: CIL module
 0001:00008ae0       ??0input_buffer@internal@tbb@@QAE@_N0@Z 10009ae0 f i pipeline.obj
 0001:00008b40       ?put_token@input_buffer@internal@tbb@@QAE_NAAUtask_info@23@_N@Z 10009b40 f i pipeline.obj
 0001:00008c70       ?return_item@input_buffer@internal@tbb@@QAE_NAAUtask_info@23@_N@Z 10009c70 f i pipeline.obj
 0001:00008d30       ?grow@input_buffer@internal@tbb@@AAEXK@Z 10009d30 f   pipeline.obj
 0001:00008e40       ??0stage_task@internal@tbb@@QAE@AAVpipeline@2@@Z 10009e40 f i pipeline.obj
 0001:00008e70       ?spawn_stage_task@stage_task@internal@tbb@@QAEXABUtask_info@23@@Z 10009e70 f i pipeline.obj
 0001:00008f00       ??_Estage_task@internal@tbb@@UAEPAXI@Z 10009f00 f i  CIL library: CIL module
 0001:00008f00       ??_Gstage_task@internal@tbb@@UAEPAXI@Z 10009f00 f i pipeline.obj
 0001:00008f90       ?execute@stage_task@internal@tbb@@UAEPAVtask@3@XZ 10009f90 f   pipeline.obj
 0001:000092e0       ?execute@pipeline_root_task@internal@tbb@@EAEPAVtask@3@XZ 1000a2e0 f i pipeline.obj
 0001:00009440       ??0pipeline_root_task@internal@tbb@@QAE@AAVpipeline@2@@Z 1000a440 f i pipeline.obj
 0001:00009490       ??1pipeline_cleaner@internal@tbb@@QAE@XZ 1000a490 f i pipeline.obj
 0001:000094c0       ?clear_filters@pipeline@tbb@@AAEXXZ 1000a4c0 f   pipeline.obj
 0001:00009550       ??0pipeline@tbb@@QAE@XZ    1000a550 f   pipeline.obj
 0001:00009570       ??_Gpipeline@tbb@@UAEPAXI@Z 1000a570 f i pipeline.obj
 0001:00009570       ??_Epipeline@tbb@@UAEPAXI@Z 1000a570 f i  CIL library: CIL module
 0001:000095a0       ??1pipeline@tbb@@UAE@XZ    1000a5a0 f   pipeline.obj
 0001:000095b0       ?clear@pipeline@tbb@@QAEXXZ 1000a5b0 f   pipeline.obj
 0001:00009650       ??_Ginput_buffer@internal@tbb@@QAEPAXI@Z 1000a650 f i pipeline.obj
 0001:000096a0       ?add_filter@pipeline@tbb@@QAEXAAVfilter@2@@Z 1000a6a0 f   pipeline.obj
 0001:00009870       ?remove_filter@pipeline@tbb@@AAEXAAVfilter@2@@Z 1000a870 f   pipeline.obj
 0001:000098d0       ?run@pipeline@tbb@@QAEXIAAVtask_group_context@2@@Z 1000a8d0 f   pipeline.obj
 0001:000099e0       ?run@pipeline@tbb@@QAEXI@Z 1000a9e0 f   pipeline.obj
 0001:00009ae0       ??1filter@tbb@@UAE@XZ      1000aae0 f   pipeline.obj
 0001:00009b10       ?set_end_of_input@filter@tbb@@IAEXXZ 1000ab10 f   pipeline.obj
 0001:00009b30       ?process_item@thread_bound_filter@tbb@@QAE?AW4result_type@12@XZ 1000ab30 f   pipeline.obj
 0001:00009b40       ?try_process_item@thread_bound_filter@tbb@@QAE?AW4result_type@12@XZ 1000ab40 f   pipeline.obj
 0001:00009b50       ?internal_process_item@thread_bound_filter@tbb@@AAE?AW4result_type@12@_N@Z 1000ab50 f   pipeline.obj
 0001:00009d20       ??$note_done@Vstage_task@internal@tbb@@@input_buffer@internal@tbb@@QAEXKAAVstage_task@12@@Z 1000ad20 f i pipeline.obj
 0001:00009df0       ?acquire@scoped_lock@queuing_mutex@tbb@@QAEXAAV23@@Z 1000adf0 f   queuing_mutex.obj
 0001:00009e50       ?try_acquire@scoped_lock@queuing_mutex@tbb@@QAE_NAAV23@@Z 1000ae50 f   queuing_mutex.obj
 0001:00009ea0       ?release@scoped_lock@queuing_mutex@tbb@@QAEXXZ 1000aea0 f   queuing_mutex.obj
 0001:00009ef0       ?internal_construct@queuing_mutex@tbb@@QAEXXZ 1000aef0 f   queuing_mutex.obj
 0001:00009f10       ?wait_for_release_of_internal_lock@scoped_lock@queuing_rw_mutex@tbb@@AAEXXZ 1000af10 f i queuing_rw_mutex.obj
 0001:00009f50       ?acquire@scoped_lock@queuing_rw_mutex@tbb@@QAEXAAV23@_N@Z 1000af50 f   queuing_rw_mutex.obj
 0001:0000a070       ?try_acquire@scoped_lock@queuing_rw_mutex@tbb@@QAE_NAAV23@_N@Z 1000b070 f   queuing_rw_mutex.obj
 0001:0000a0d0       ?release@scoped_lock@queuing_rw_mutex@tbb@@QAEXXZ 1000b0d0 f   queuing_rw_mutex.obj
 0001:0000a310       ?downgrade_to_reader@scoped_lock@queuing_rw_mutex@tbb@@QAE_NXZ 1000b310 f   queuing_rw_mutex.obj
 0001:0000a380       ?upgrade_to_writer@scoped_lock@queuing_rw_mutex@tbb@@QAE_NXZ 1000b380 f   queuing_rw_mutex.obj
 0001:0000a6f0       ?internal_construct@queuing_rw_mutex@tbb@@QAEXXZ 1000b6f0 f   queuing_rw_mutex.obj
 0001:0000a710       ??$spin_wait_while_eq@EH@internal@tbb@@YAXADEH@Z 1000b710 f i queuing_rw_mutex.obj
 0001:0000a750       ??$spin_wait_until_eq@EH@internal@tbb@@YAXADEH@Z 1000b750 f i queuing_rw_mutex.obj
 0001:0000a790       ??$spin_wait_while_eq@PAVscoped_lock@queuing_rw_mutex@tbb@@PAV123@@internal@tbb@@YAXADSAVscoped_lock@queuing_rw_mutex@1@PAV231@@Z 1000b790 f i queuing_rw_mutex.obj
 0001:0000a7d0       ??$spin_wait_while_eq@PAVscoped_lock@queuing_mutex@tbb@@PAV123@@internal@tbb@@YAXADSAVscoped_lock@queuing_mutex@1@PAV231@@Z 1000b7d0 f i queuing_mutex.obj
 0001:0000a7d0       ??$spin_wait_while_eq@PAXPAX@internal@tbb@@YAXADSAXPAX@Z 1000b7d0 f i concurrent_vector_v2.obj
 0001:0000a7d0       ??$spin_wait_while_eq@PAVscoped_lock@queuing_rw_mutex@tbb@@PAX@internal@tbb@@YAXADSAVscoped_lock@queuing_rw_mutex@1@PAX@Z 1000b7d0 f i queuing_rw_mutex.obj
 0001:0000a7d0       ??$spin_wait_while_eq@IK@internal@tbb@@YAXADIK@Z 1000b7d0 f i queuing_mutex.obj
 0001:0000a7d0       ??$spin_wait_while_eq@PAVtask_group_context@tbb@@PAV12@@internal@tbb@@YAXADSAVtask_group_context@1@PAV21@@Z 1000b7d0 f i arena.obj
 0001:0000a7d0       ??$spin_wait_while_eq@PAVscoped_lock@reader_writer_lock@interface5@tbb@@PAV1234@@internal@tbb@@YAXADSAVscoped_lock@reader_writer_lock@interface5@1@PAV2341@@Z 1000b7d0 f i reader_writer_lock.obj
 0001:0000a810       ??1scoped_lock_read@reader_writer_lock@interface5@tbb@@QAE@XZ 1000b810 f i reader_writer_lock.obj
 0001:0000a840       ?fetch_and_or@interface5@tbb@@YAIAAU?$atomic@I@2@I@Z 1000b840 f i reader_writer_lock.obj
 0001:0000a8a0       ?fetch_and_and@interface5@tbb@@YAIAAU?$atomic@I@2@I@Z 1000b8a0 f i reader_writer_lock.obj
 0001:0000a900       ?internal_construct@reader_writer_lock@interface5@tbb@@AAEXXZ 1000b900 f   reader_writer_lock.obj
 0001:0000a920       ?lock@reader_writer_lock@interface5@tbb@@QAEXXZ 1000b920 f   reader_writer_lock.obj
 0001:0000a9a0       ?try_lock@reader_writer_lock@interface5@tbb@@QAE_NXZ 1000b9a0 f   reader_writer_lock.obj
 0001:0000aa00       ?start_write@reader_writer_lock@interface5@tbb@@AAE_NPAVscoped_lock@123@@Z 1000ba00 f   reader_writer_lock.obj
 0001:0000ab10       ?set_next_writer@reader_writer_lock@interface5@tbb@@AAEXPAVscoped_lock@123@@Z 1000bb10 f   reader_writer_lock.obj
 0001:0000ab80       ?lock_read@reader_writer_lock@interface5@tbb@@QAEXXZ 1000bb80 f   reader_writer_lock.obj
 0001:0000ac50       ?try_lock_read@reader_writer_lock@interface5@tbb@@QAE_NXZ 1000bc50 f   reader_writer_lock.obj
 0001:0000aca0       ?start_read@reader_writer_lock@interface5@tbb@@AAEXPAVscoped_lock_read@123@@Z 1000bca0 f   reader_writer_lock.obj
 0001:0000ad70       ?unlock@reader_writer_lock@interface5@tbb@@QAEXXZ 1000bd70 f   reader_writer_lock.obj
 0001:0000add0       ?end_write@reader_writer_lock@interface5@tbb@@AAEXPAVscoped_lock@123@@Z 1000bdd0 f   reader_writer_lock.obj
 0001:0000ae80       ?internal_construct@scoped_lock@reader_writer_lock@interface5@tbb@@AAEXAAV234@@Z 1000be80 f   reader_writer_lock.obj
 0001:0000aee0       ?internal_construct@scoped_lock_read@reader_writer_lock@interface5@tbb@@AAEXAAV234@@Z 1000bee0 f   reader_writer_lock.obj
 0001:0000af40       ?internal_destroy@scoped_lock@reader_writer_lock@interface5@tbb@@AAEXXZ 1000bf40 f   reader_writer_lock.obj
 0001:0000af60       ?internal_destroy@scoped_lock_read@reader_writer_lock@interface5@tbb@@AAEXXZ 1000bf60 f   reader_writer_lock.obj
 0001:0000af90       ??$spin_wait_while_eq@U?$atomic@W4status_t@reader_writer_lock@interface5@tbb@@@tbb@@W4status_t@reader_writer_lock@interface5@2@@internal@tbb@@YAXADU?$atomic@W4status_t@reader_writer_lock@interface5@tbb@@@1@W4status_t@reader_writer_lock@interface5@1@@Z 1000bf90 f i reader_writer_lock.obj
 0001:0000afd0       ??$spin_wait_until_and@U?$atomic@I@tbb@@I@interface5@tbb@@YAXADU?$atomic@I@1@I@Z 1000bfd0 f i reader_writer_lock.obj
 0001:0000b010       ??$spin_wait_while_geq@U?$atomic@I@tbb@@I@interface5@tbb@@YAXADU?$atomic@I@1@I@Z 1000c010 f i reader_writer_lock.obj
 0001:0000b050       ?internal_acquire_writer@spin_rw_mutex_v3@tbb@@AAE_NXZ 1000c050 f   spin_rw_mutex.obj
 0001:0000b0f0       ?internal_release_writer@spin_rw_mutex_v3@tbb@@AAEXXZ 1000c0f0 f   spin_rw_mutex.obj
 0001:0000b110       ?internal_acquire_reader@spin_rw_mutex_v3@tbb@@AAEXXZ 1000c110 f   spin_rw_mutex.obj
 0001:0000b180       ?internal_upgrade@spin_rw_mutex_v3@tbb@@AAE_NXZ 1000c180 f   spin_rw_mutex.obj
 0001:0000b260       ?internal_downgrade@spin_rw_mutex_v3@tbb@@AAEXXZ 1000c260 f   spin_rw_mutex.obj
 0001:0000b280       ?internal_release_reader@spin_rw_mutex_v3@tbb@@AAEXXZ 1000c280 f   spin_rw_mutex.obj
 0001:0000b2a0       ?internal_try_acquire_writer@spin_rw_mutex_v3@tbb@@AAE_NXZ 1000c2a0 f   spin_rw_mutex.obj
 0001:0000b300       ?internal_try_acquire_reader@spin_rw_mutex_v3@tbb@@AAE_NXZ 1000c300 f   spin_rw_mutex.obj
 0001:0000b340       ?internal_construct@spin_rw_mutex_v3@tbb@@AAEXXZ 1000c340 f   spin_rw_mutex.obj
 0001:0000b360       ?internal_acquire@scoped_lock@spin_mutex@tbb@@AAEXAAV23@@Z 1000c360 f   spin_mutex.obj
 0001:0000b3a0       ?internal_release@scoped_lock@spin_mutex@tbb@@AAEXXZ 1000c3a0 f   spin_mutex.obj
 0001:0000b3d0       ?internal_try_acquire@scoped_lock@spin_mutex@tbb@@AAE_NAAV23@@Z 1000c3d0 f   spin_mutex.obj
 0001:0000b410       ?internal_construct@spin_mutex@tbb@@QAEXXZ 1000c410 f   spin_mutex.obj
 0001:0000b430       ?internal_construct@critical_section_v4@internal@tbb@@QAEXXZ 1000c430 f   critical_section.obj
 0001:0000b450       ?internal_acquire@scoped_lock@mutex@tbb@@AAEXAAV23@@Z 1000c450 f   mutex.obj
 0001:0000b4a0       ?internal_release@scoped_lock@mutex@tbb@@AAEXXZ 1000c4a0 f   mutex.obj
 0001:0000b4d0       ?internal_try_acquire@scoped_lock@mutex@tbb@@AAE_NAAV23@@Z 1000c4d0 f   mutex.obj
 0001:0000b500       ?internal_construct@mutex@tbb@@AAEXXZ 1000c500 f   mutex.obj
 0001:0000b540       ?internal_acquire@scoped_lock@recursive_mutex@tbb@@AAEXAAV23@@Z 1000c540 f   recursive_mutex.obj
 0001:0000b570       ?internal_release@scoped_lock@recursive_mutex@tbb@@AAEXXZ 1000c570 f   recursive_mutex.obj
 0001:0000b590       ?internal_try_acquire@scoped_lock@recursive_mutex@tbb@@AAE_NAAV23@@Z 1000c590 f   recursive_mutex.obj
 0001:0000b5c0       ?internal_construct@recursive_mutex@tbb@@AAEXXZ 1000c5c0 f   recursive_mutex.obj
 0001:0000b600       ?internal_destroy@mutex@tbb@@AAEXXZ 1000c600 f   mutex.obj
 0001:0000b600       ?internal_destroy@recursive_mutex@tbb@@AAEXXZ 1000c600 f   recursive_mutex.obj
 0001:0000b620       ?init_condvar_using_event@internal@tbb@@YGXPAUcondition_variable_using_event@1interface5@2@@Z 1000c620 f   condition_variable.obj
 0001:0000b660       ?sleep_condition_variable_cs_using_event@internal@tbb@@YGHPAUcondition_variable_using_event@1interface5@2@PAU_RTL_CRITICAL_SECTION@@K@Z 1000c660 f   condition_variable.obj
 0001:0000b740       ?wake_condition_variable_using_event@internal@tbb@@YGXPAUcondition_variable_using_event@1interface5@2@@Z 1000c740 f   condition_variable.obj
 0001:0000b780       ?wake_all_condition_variable_using_event@internal@tbb@@YGXPAUcondition_variable_using_event@1interface5@2@@Z 1000c780 f   condition_variable.obj
 0001:0000b7c0       ?destroy_condvar_using_event@internal@tbb@@YGXPAUcondition_variable_using_event@1interface5@2@@Z 1000c7c0 f   condition_variable.obj
 0001:0000b810       ?init_condvar_module@internal@tbb@@YAXXZ 1000c810 f   condition_variable.obj
 0001:0000b900       ?internal_initialize_condition_variable@internal@interface5@tbb@@YAXAATcondvar_impl_t@123@@Z 1000c900 f   condition_variable.obj
 0001:0000b930       ?internal_destroy_condition_variable@internal@interface5@tbb@@YAXAATcondvar_impl_t@123@@Z 1000c930 f   condition_variable.obj
 0001:0000b940       ?internal_condition_variable_notify_one@internal@interface5@tbb@@YAXAATcondvar_impl_t@123@@Z 1000c940 f   condition_variable.obj
 0001:0000b950       ?internal_condition_variable_notify_all@internal@interface5@tbb@@YAXAATcondvar_impl_t@123@@Z 1000c950 f   condition_variable.obj
 0001:0000b960       ?internal_condition_variable_wait@internal@interface5@tbb@@YA_NAATcondvar_impl_t@123@PAVmutex@3@PBVinterval_t@tick_count@3@@Z 1000c960 f   condition_variable.obj
 0001:0000b9d0       ??$spin_wait_until_eq@HH@internal@tbb@@YAXADHH@Z 1000c9d0 f i condition_variable.obj
 0001:0000ba10       ?hardware_concurrency@tbb_thread_v3@internal@tbb@@SAIXZ 1000ca10 f i tbb_thread.obj
 0001:0000ba10       ?default_num_threads@task_scheduler_init@tbb@@SAHXZ 1000ca10 f i governor.obj
 0001:0000ba10       ?default_num_threads@governor@internal@tbb@@SAIXZ 1000ca10 f i tbb_thread.obj
 0001:0000ba50       ?allocate_closure_v3@internal@tbb@@YAPAXI@Z 1000ca50 f   tbb_thread.obj
 0001:0000ba50       ?allocate_via_handler_v3@internal@tbb@@YAPAXI@Z 1000ca50 f   cache_aligned_allocator.obj
 0001:0000ba90       ?deallocate_via_handler_v3@internal@tbb@@YAXPAX@Z 1000ca90 f   cache_aligned_allocator.obj
 0001:0000ba90       ?free_closure_v3@internal@tbb@@YAXPAX@Z 1000ca90 f   tbb_thread.obj
 0001:0000bab0       ?join@tbb_thread_v3@internal@tbb@@QAEXXZ 1000cab0 f   tbb_thread.obj
 0001:0000bb30       ?detach@tbb_thread_v3@internal@tbb@@QAEXXZ 1000cb30 f   tbb_thread.obj
 0001:0000bb70       ?internal_start@tbb_thread_v3@internal@tbb@@AAEXP6GIPAX@Z0@Z 1000cb70 f   tbb_thread.obj
 0001:0000bbd0       ?thread_get_id_v3@internal@tbb@@YA?AVid@tbb_thread_v3@12@XZ 1000cbd0 f   tbb_thread.obj
 0001:0000bbf0       ?move_v3@internal@tbb@@YAXAAVtbb_thread_v3@12@0@Z 1000cbf0 f   tbb_thread.obj
 0001:0000bc40       ?thread_sleep_v3@internal@tbb@@YAXABVinterval_t@tick_count@2@@Z 1000cc40 f   tbb_thread.obj
 0001:0000bd10       ?init@thread_context@concurrent_monitor@internal@tbb@@AAEXXZ 1000cd10 f   concurrent_monitor.obj
 0001:0000bd30       ?prepare_wait@concurrent_monitor@internal@tbb@@QAEXAAVthread_context@123@I@Z 1000cd30 f   concurrent_monitor.obj
 0001:0000bda0       ?cancel_wait@concurrent_monitor@internal@tbb@@QAEXAAVthread_context@123@@Z 1000cda0 f   concurrent_monitor.obj
 0001:0000bdf0       ?notify_all_relaxed@concurrent_monitor@internal@tbb@@QAEXXZ 1000cdf0 f   concurrent_monitor.obj
 0001:0000be90       ?abort_all_relaxed@concurrent_monitor@internal@tbb@@QAEXXZ 1000ce90 f   concurrent_monitor.obj
 0001:0000bf30       ?launch@thread_monitor@internal@rml@@SAPAXP6GIPAX@Z0IPBI@Z 1000cf30 f i private_server.obj
 0001:0000bff0       ?request_close_connection@private_server@rml@internal@tbb@@UAEX_N@Z 1000cff0 f i private_server.obj
 0001:0000c050       ?yield@private_server@rml@internal@tbb@@UAEXXZ 1000d050 f i private_server.obj
 0001:0000c050       ?thread_yield_v3@internal@tbb@@YAXXZ 1000d050 f i tbb_thread.obj
 0001:0000c060       ?default_concurrency@private_server@rml@internal@tbb@@UBEIXZ 1000d060 f i private_server.obj
 0001:0000c0a0       ?independent_thread_number_changed@private_server@rml@internal@tbb@@UAEXH@Z 1000d0a0 f i private_server.obj
 0001:0000c0a0       ?inject_token@pipeline@tbb@@AAEXAAVtask@2@@Z 1000d0a0 f i pipeline.obj
 0001:0000c0a0       ?finalize@filter@tbb@@UAEXPAX@Z 1000d0a0 f i pipeline.obj
 0001:0000c0a0       ?destroy_condvar_noop@internal@tbb@@YGXPAU_RTL_CONDITION_VARIABLE@@@Z 1000d0a0 f i condition_variable.obj
 0001:0000c0a0       ?register_master@private_server@rml@internal@tbb@@UAEXAAPAX@Z 1000d0a0 f i private_server.obj
 0001:0000c0a0       ?note_affinity@task@tbb@@UAEXG@Z 1000d0a0 f i task.obj
 0001:0000c0a0       ?unregister_master@private_server@rml@internal@tbb@@UAEXPAX@Z 1000d0a0 f i private_server.obj
 0001:0000c0b0       ?thread_routine@private_worker@rml@internal@tbb@@CGIPAX@Z 1000d0b0 f   private_server.obj
 0001:0000c100       ?start_shutdown@private_worker@rml@internal@tbb@@AAEXXZ 1000d100 f   private_server.obj
 0001:0000c1a0       ?run@private_worker@rml@internal@tbb@@AAEXXZ 1000d1a0 f   private_server.obj
 0001:0000c340       ??0private_server@rml@internal@tbb@@QAE@AAVtbb_client@123@@Z 1000d340 f   private_server.obj
 0001:0000c4e0       ??_Eprivate_server@rml@internal@tbb@@EAEPAXI@Z 1000d4e0 f i  CIL library: CIL module
 0001:0000c4e0       ??_Gprivate_server@rml@internal@tbb@@EAEPAXI@Z 1000d4e0 f i private_server.obj
 0001:0000c510       ??1private_server@rml@internal@tbb@@EAE@XZ 1000d510 f   private_server.obj
 0001:0000c560       ?wake_some@private_server@rml@internal@tbb@@AAEXH@Z 1000d560 f   private_server.obj
 0001:0000c6a0       ?adjust_job_count_estimate@private_server@rml@internal@tbb@@UAEXH@Z 1000d6a0 f   private_server.obj
 0001:0000c6d0       ?open@tbb_factory@rml@internal@tbb@@QAE?AW4status_type@factory@2@XZ 1000d6d0 f   rml_tbb.obj
 0001:0000c800       ?set_assertion_handler@tbb@@YAP6AXPBDH00@ZP6AX0H00@Z@Z 1000d800 f   tbb_misc.obj
 0001:0000c820       ?assertion_failure@tbb@@YAXPBDH00@Z 1000d820 f   tbb_misc.obj
 0001:0000c8a0       ?runtime_warning@internal@tbb@@YAXPBDZZ 1000d8a0 f   tbb_misc.obj
 0001:0000c910       ??0bad_alloc@std@@QAE@XZ   1000d910 f i tbb_misc.obj
 0001:0000c940       ??1bad_alloc@std@@UAE@XZ   1000d940 f i tbb_misc.obj
 0001:0000c940       ??1bad_last_alloc@tbb@@UAE@XZ 1000d940 f i tbb_misc.obj
 0001:0000c950       ??_Ebad_last_alloc@tbb@@UAEPAXI@Z 1000d950 f i  CIL library: CIL module
 0001:0000c950       ??_Gbad_alloc@std@@UAEPAXI@Z 1000d950 f i tbb_misc.obj
 0001:0000c950       ??_Gbad_last_alloc@tbb@@UAEPAXI@Z 1000d950 f i tbb_misc.obj
 0001:0000c950       ??_Ebad_alloc@std@@UAEPAXI@Z 1000d950 f i  CIL library: CIL module
 0001:0000c980       ??1length_error@std@@UAE@XZ 1000d980 f i tbb_misc.obj
 0001:0000c980       ??1improper_lock@tbb@@UAE@XZ 1000d980 f i tbb_misc.obj
 0001:0000c980       ??1runtime_error@std@@UAE@XZ 1000d980 f i tbb_misc.obj
 0001:0000c980       ??1user_abort@tbb@@UAE@XZ  1000d980 f i tbb_misc.obj
 0001:0000c980       ??1invalid_argument@std@@UAE@XZ 1000d980 f i tbb_misc.obj
 0001:0000c980       ??1range_error@std@@UAE@XZ 1000d980 f i tbb_misc.obj
 0001:0000c980       ??1missing_wait@tbb@@UAE@XZ 1000d980 f i tbb_misc.obj
 0001:0000c980       ??1invalid_multiple_scheduling@tbb@@UAE@XZ 1000d980 f i tbb_misc.obj
 0001:0000c980       ??1out_of_range@std@@UAE@XZ 1000d980 f i tbb_misc.obj
 0001:0000c990       ??_Euser_abort@tbb@@UAEPAXI@Z 1000d990 f i  CIL library: CIL module
 0001:0000c990       ??_Glength_error@std@@UAEPAXI@Z 1000d990 f i tbb_misc.obj
 0001:0000c990       ??_Grange_error@std@@UAEPAXI@Z 1000d990 f i tbb_misc.obj
 0001:0000c990       ??_Eimproper_lock@tbb@@UAEPAXI@Z 1000d990 f i  CIL library: CIL module
 0001:0000c990       ??_Emissing_wait@tbb@@UAEPAXI@Z 1000d990 f i  CIL library: CIL module
 0001:0000c990       ??_Elogic_error@std@@UAEPAXI@Z 1000d990 f i  CIL library: CIL module
 0001:0000c990       ??_Eruntime_error@std@@UAEPAXI@Z 1000d990 f i  CIL library: CIL module
 0001:0000c990       ??_Einvalid_argument@std@@UAEPAXI@Z 1000d990 f i  CIL library: CIL module
 0001:0000c990       ??_Einvalid_multiple_scheduling@tbb@@UAEPAXI@Z 1000d990 f i  CIL library: CIL module
 0001:0000c990       ??_Gmissing_wait@tbb@@UAEPAXI@Z 1000d990 f i tbb_misc.obj
 0001:0000c990       ??_Gruntime_error@std@@UAEPAXI@Z 1000d990 f i tbb_misc.obj
 0001:0000c990       ??_Ginvalid_multiple_scheduling@tbb@@UAEPAXI@Z 1000d990 f i tbb_misc.obj
 0001:0000c990       ??_Ginvalid_argument@std@@UAEPAXI@Z 1000d990 f i tbb_misc.obj
 0001:0000c990       ??_Glogic_error@std@@UAEPAXI@Z 1000d990 f i tbb_misc.obj
 0001:0000c990       ??_Guser_abort@tbb@@UAEPAXI@Z 1000d990 f i tbb_misc.obj
 0001:0000c990       ??_Elength_error@std@@UAEPAXI@Z 1000d990 f i  CIL library: CIL module
 0001:0000c990       ??_Eout_of_range@std@@UAEPAXI@Z 1000d990 f i  CIL library: CIL module
 0001:0000c990       ??_Gout_of_range@std@@UAEPAXI@Z 1000d990 f i tbb_misc.obj
 0001:0000c990       ??_Gimproper_lock@tbb@@UAEPAXI@Z 1000d990 f i tbb_misc.obj
 0001:0000c990       ??_Erange_error@std@@UAEPAXI@Z 1000d990 f i  CIL library: CIL module
 0001:0000c9c0       ??0runtime_error@std@@QAE@ABV01@@Z 1000d9c0 f i tbb_misc.obj
 0001:0000c9e0       ?what@bad_last_alloc@tbb@@UBEPBDXZ 1000d9e0 f   tbb_misc.obj
 0001:0000c9f0       ?what@improper_lock@tbb@@UBEPBDXZ 1000d9f0 f   tbb_misc.obj
 0001:0000ca00       ?what@user_abort@tbb@@UBEPBDXZ 1000da00 f   tbb_misc.obj
 0001:0000ca10       ?what@invalid_multiple_scheduling@tbb@@UBEPBDXZ 1000da10 f   tbb_misc.obj
 0001:0000ca20       ?what@missing_wait@tbb@@UBEPBDXZ 1000da20 f   tbb_misc.obj
 0001:0000ca30       ?handle_perror@internal@tbb@@YAXHPBD@Z 1000da30 f   tbb_misc.obj
 0001:0000cab0       ?handle_win_error@internal@tbb@@YAXH@Z 1000dab0 f   tbb_misc.obj
 0001:0000cb20       ?throw_bad_last_alloc_exception_v4@internal@tbb@@YAXXZ 1000db20 f   tbb_misc.obj
 0001:0000cb60       ?throw_exception_v4@internal@tbb@@YAXW4exception_id@12@@Z 1000db60 f   tbb_misc.obj
 0001:0000cf10       ??0bad_alloc@std@@QAE@ABV01@@Z 1000df10 f i tbb_misc.obj
 0001:0000cf30       ??0bad_last_alloc@tbb@@QAE@ABV01@@Z 1000df30 f i tbb_misc.obj
 0001:0000cf50       ??0invalid_argument@std@@QAE@ABV01@@Z 1000df50 f i tbb_misc.obj
 0001:0000cf70       ??0logic_error@std@@QAE@ABV01@@Z 1000df70 f i tbb_misc.obj
 0001:0000cf90       ??0out_of_range@std@@QAE@ABV01@@Z 1000df90 f i tbb_misc.obj
 0001:0000cfb0       ??0range_error@std@@QAE@ABV01@@Z 1000dfb0 f i tbb_misc.obj
 0001:0000cfd0       ??0missing_wait@tbb@@QAE@ABV01@@Z 1000dfd0 f i tbb_misc.obj
 0001:0000cff0       ??0invalid_multiple_scheduling@tbb@@QAE@ABV01@@Z 1000dff0 f i tbb_misc.obj
 0001:0000d010       ??0improper_lock@tbb@@QAE@ABV01@@Z 1000e010 f i tbb_misc.obj
 0001:0000d030       ??0length_error@std@@QAE@ABV01@@Z 1000e030 f i tbb_misc.obj
 0001:0000d050       ??0user_abort@tbb@@QAE@ABV01@@Z 1000e050 f i tbb_misc.obj
 0001:0000d070       ?PrintExtraVersionInfo@internal@tbb@@YAXPBD0ZZ 1000e070 f   tbb_misc.obj
 0001:0000d0f0       ?PrintRMLVersionInfo@internal@tbb@@YAXPAXPBD@Z 1000e0f0 f   tbb_misc.obj
 0001:0000d110       _TBB_runtime_interface_version 1000e110 f   tbb_misc.obj
 0001:0000d120       ___TBB_machine_store8_slow 1000e120 f   tbb_misc.obj
 0001:0000d3d0       ?FindProcessorGroupIndex@internal@tbb@@YAHH@Z 1000e3d0 f   tbb_misc_ex.obj
 0001:0000d480       ?local_scheduler_weak@governor@internal@tbb@@SAPAVgeneric_scheduler@23@XZ 1000e480 f i task.obj
 0001:0000d4d0       ?allocate@allocate_root_proxy@internal@tbb@@SAAAVtask@3@I@Z 1000e4d0 f   task.obj
 0001:0000d550       ?free@allocate_root_proxy@internal@tbb@@SAXAAVtask@3@@Z 1000e550 f   task.obj
 0001:0000d5d0       ?allocate@allocate_root_with_context_proxy@internal@tbb@@QBEAAVtask@3@I@Z 1000e5d0 f   task.obj
 0001:0000d6c0       ?free@allocate_child_proxy@internal@tbb@@QBEXAAVtask@3@@Z 1000e6c0 f   task.obj
 0001:0000d6c0       ?free@allocate_root_with_context_proxy@internal@tbb@@QBEXAAVtask@3@@Z 1000e6c0 f   task.obj
 0001:0000d740       ?allocate@allocate_continuation_proxy@internal@tbb@@QBEAAVtask@3@I@Z 1000e740 f   task.obj
 0001:0000d7b0       ?free@allocate_continuation_proxy@internal@tbb@@QBEXAAVtask@3@@Z 1000e7b0 f   task.obj
 0001:0000d830       ?allocate@allocate_child_proxy@internal@tbb@@QBEAAVtask@3@I@Z 1000e830 f   task.obj
 0001:0000d8a0       ?allocate@allocate_additional_child_of_proxy@internal@tbb@@QBEAAVtask@3@I@Z 1000e8a0 f   task.obj
 0001:0000d920       ?free@allocate_additional_child_of_proxy@internal@tbb@@QBEXAAVtask@3@@Z 1000e920 f   task.obj
 0001:0000d9d0       ?get_initial_auto_partitioner_divisor@internal@tbb@@YAIXZ 1000e9d0 f   task.obj
 0001:0000da20       ?resize@affinity_partitioner_base_v3@internal@tbb@@AAEXI@Z 1000ea20 f   task.obj
 0001:0000dac0       ?internal_set_ref_count@task@tbb@@AAEXH@Z 1000eac0 f   task.obj
 0001:0000daf0       ?internal_decrement_ref_count@task@tbb@@AAEHXZ 1000eaf0 f   task.obj
 0001:0000db30       ?self@task@tbb@@SAAAV12@XZ 1000eb30 f   task.obj
 0001:0000db90       ?is_owned_by_current_thread@task@tbb@@QBE_NXZ 1000eb90 f   task.obj
 0001:0000dba0       ?destroy@task_base@internal@interface5@tbb@@SAXAAVtask@4@@Z 1000eba0 f   task.obj
 0001:0000dc70       ?spawn_and_wait_for_all@task@tbb@@QAEXAAVtask_list@2@@Z 1000ec70 f   task.obj
 0001:0000dce0       ?change_group@task@tbb@@QAEXAAVtask_group_context@2@@Z 1000ece0 f   task.obj
 0001:0000dda0       ?get_env@cpu_ctl_env@internal@tbb@@QAEXXZ 1000eda0 f i task_group_context.obj
 0001:0000ddc0       ??1_Exception_ptr@std@@QAE@XZ 1000edc0 f i task_group_context.obj
 0001:0000ddd0       ?_Current_exception@_Exception_ptr@std@@SA?AV12@XZ 1000edd0 f i task_group_context.obj
 0001:0000de40       ?_Copy_exception@_Exception_ptr@std@@SA?AV12@PAXPBX@Z 1000ee40 f i task_group_context.obj
 0001:0000ded0       ?current_exception@std@@YA?AV_Exception_ptr@1@XZ 1000eed0 f i task_group_context.obj
 0001:0000def0       ??0captured_exception@tbb@@QAE@ABV01@@Z 1000eef0 f i task_group_context.obj
 0001:0000df30       ?throw_self@captured_exception@tbb@@UAEXXZ 1000ef30 f i task_group_context.obj
 0001:0000df70       ??_Ecaptured_exception@tbb@@UAEPAXI@Z 1000ef70 f i  CIL library: CIL module
 0001:0000df70       ??_Gcaptured_exception@tbb@@UAEPAXI@Z 1000ef70 f i task_group_context.obj
 0001:0000dfc0       ??0tbb_exception@tbb@@QAE@ABV01@@Z 1000efc0 f i task_group_context.obj
 0001:0000dfe0       ??_Etbb_exception@tbb@@UAEPAXI@Z 1000efe0 f i  CIL library: CIL module
 0001:0000dfe0       ??_Gtbb_exception@tbb@@UAEPAXI@Z 1000efe0 f i task_group_context.obj
 0001:0000e010       ??1captured_exception@tbb@@UAE@XZ 1000f010 f   task_group_context.obj
 0001:0000e050       ?set@captured_exception@tbb@@QAEXPBD0@Z 1000f050 f   task_group_context.obj
 0001:0000e110       ?clear@captured_exception@tbb@@QAEXXZ 1000f110 f   task_group_context.obj
 0001:0000e140       ?move@captured_exception@tbb@@UAEPAV12@XZ 1000f140 f   task_group_context.obj
 0001:0000e1b0       ?destroy@captured_exception@tbb@@UAEXXZ 1000f1b0 f   task_group_context.obj
 0001:0000e200       ?allocate@captured_exception@tbb@@SAPAV12@PBD0@Z 1000f200 f   task_group_context.obj
 0001:0000e290       ?name@captured_exception@tbb@@UBEPBDXZ 1000f290 f   task_group_context.obj
 0001:0000e2a0       ?what@captured_exception@tbb@@UBEPBDXZ 1000f2a0 f   task_group_context.obj
 0001:0000e2b0       ?allocate@tbb_exception_ptr@internal@tbb@@SAPAV123@ABVtbb_exception@3@@Z 1000f2b0 f   task_group_context.obj
 0001:0000e2b0       ?allocate@tbb_exception_ptr@internal@tbb@@SAPAV123@XZ 1000f2b0 f   task_group_context.obj
 0001:0000e350       ?allocate@tbb_exception_ptr@internal@tbb@@SAPAV123@AAVcaptured_exception@3@@Z 1000f350 f   task_group_context.obj
 0001:0000e370       ??1task_group_context@tbb@@QAE@XZ 1000f370 f   task_group_context.obj
 0001:0000e540       ?init@task_group_context@tbb@@IAEXXZ 1000f540 f   task_group_context.obj
 0001:0000e580       ?register_with@task_group_context@tbb@@QAEXPAVgeneric_scheduler@internal@2@@Z 1000f580 f   task_group_context.obj
 0001:0000e630       ?bind_to@task_group_context@tbb@@QAEXPAVgeneric_scheduler@internal@2@@Z 1000f630 f   task_group_context.obj
 0001:0000e720       ?cancel_group_execution@task_group_context@tbb@@QAE_NXZ 1000f720 f   task_group_context.obj
 0001:0000e760       ?is_group_execution_cancelled@task_group_context@tbb@@QBE_NXZ 1000f760 f   task_group_context.obj
 0001:0000e770       ?reset@task_group_context@tbb@@QAEXXZ 1000f770 f   task_group_context.obj
 0001:0000e7b0       ?capture_fp_settings@task_group_context@tbb@@QAEXXZ 1000f7b0 f   task_group_context.obj
 0001:0000e7d0       ?register_pending_exception@task_group_context@tbb@@QAEXXZ 1000f7d0 f   task_group_context.obj
 0001:0000e910       ?set_priority@task_group_context@tbb@@QAEXW4priority_t@2@@Z 1000f910 f   task_group_context.obj
 0001:0000e990       ?priority@task_group_context@tbb@@QBE?AW4priority_t@2@XZ 1000f990 f   task_group_context.obj
 0001:0000e9a0       ??$copy_exception@Vcaptured_exception@tbb@@@std@@YA?AV_Exception_ptr@0@Vcaptured_exception@tbb@@@Z 1000f9a0 f i task_group_context.obj
 0001:0000ea30       ??$AllocateExceptionContainer@Vcaptured_exception@tbb@@@internal@tbb@@YAPAVtbb_exception_ptr@01@ABVcaptured_exception@1@@Z 1000fa30 f i task_group_context.obj
 0001:0000eae0       ??$propagate_task_group_state@I@market@internal@tbb@@QAE_NPQtask_group_context@2@IAAV32@I@Z 1000fae0 f i task_group_context.obj
 0001:0000eba0       ??$propagate_task_group_state@H@market@internal@tbb@@QAE_NPQtask_group_context@2@HAAV32@H@Z 1000fba0 f i task_group_context.obj
 0001:0000ec60       ??$propagate_task_group_state@I@generic_scheduler@internal@tbb@@QAEXPQtask_group_context@2@IAAV32@I@Z 1000fc60 f i task_group_context.obj
 0001:0000ece0       ??$propagate_task_group_state@H@generic_scheduler@internal@tbb@@QAEXPQtask_group_context@2@HAAV32@H@Z 1000fce0 f i task_group_context.obj
 0001:0000ed70       ?initialize_cilk_interop@internal@tbb@@YA_NXZ 1000fd70 f   governor.obj
 0001:0000ee20       ?release_resources@governor@internal@tbb@@CAXXZ 1000fe20 f   governor.obj
 0001:0000ee90       ?create_rml_server@governor@internal@tbb@@CAPAVtbb_server@rml@23@AAVtbb_client@523@@Z 1000fe90 f   governor.obj
 0001:0000ef50       ?assume_scheduler@governor@internal@tbb@@SAXPAVgeneric_scheduler@23@@Z 1000ff50 f   governor.obj
 0001:0000ef90       ?is_set@governor@internal@tbb@@SA_NPAVgeneric_scheduler@23@@Z 1000ff90 f   governor.obj
 0001:0000efd0       ?init_scheduler@governor@internal@tbb@@SAPAVgeneric_scheduler@23@HI_N@Z 1000ffd0 f   governor.obj
 0001:0000f130       ?print_version_info@governor@internal@tbb@@SAXXZ 10010130 f   governor.obj
 0001:0000f190       ?stack_op_handler@governor@internal@tbb@@SAHW4__cilk_tbb_stack_op@@PAX@Z 10010190 f   governor.obj
 0001:0000f240       ?initialize@task_scheduler_init@tbb@@QAEXH@Z 10010240 f   governor.obj
 0001:0000f260       ?initialize@task_scheduler_init@tbb@@QAEXHI@Z 10010260 f   governor.obj
 0001:0000f3c0       ?terminate@task_scheduler_init@tbb@@QAEXXZ 100103c0 f   governor.obj
 0001:0000f470       ??$atomic_do_once@P6A_NXZ@internal@tbb@@YAXABQ6A_NXZAAU?$atomic@W4do_once_state@internal@tbb@@@1@@Z 10010470 f i governor.obj
 0001:0000f500       ?prolonged_pause@internal@tbb@@YAXXZ 10010500 f i market.obj
 0001:0000f560       ??1scoped_lock@spin_rw_mutex_v3@tbb@@QAE@XZ 10010560 f i market.obj
 0001:0000f590       ?version@market@internal@tbb@@EBEIXZ 10010590 f i market.obj
 0001:0000f590       ?version@private_server@rml@internal@tbb@@UBEIXZ 10010590 f i private_server.obj
 0001:0000f590       ?execute@empty_task@tbb@@EAEPAVtask@2@XZ 10010590 f i arena.obj
 0001:0000f5a0       ?max_job_count@market@internal@tbb@@EBEIXZ 100105a0 f i market.obj
 0001:0000f5b0       ?min_stack_size@market@internal@tbb@@EBEIXZ 100105b0 f i market.obj
 0001:0000f5c0       ?policy@market@internal@tbb@@EBE?AW4policy_type@client@rml@@XZ 100105c0 f i market.obj
 0001:0000f5d0       ??0market@internal@tbb@@AAE@III@Z 100105d0 f   market.obj
 0001:0000f6d0       ?global_market@market@internal@tbb@@CAAAV123@II_N0@Z 100106d0 f   market.obj
 0001:0000f950       ?set_active_num_workers@market@internal@tbb@@SAXI@Z 10010950 f   market.obj
 0001:0000fa30       ?create_arena@market@internal@tbb@@SAPAVarena@23@HI_N@Z 10010a30 f   market.obj
 0001:0000fac0       ?try_destroy_arena@market@internal@tbb@@QAEXPAVarena@23@I@Z 10010ac0 f   market.obj
 0001:0000fc30       ?arena_in_need@market@internal@tbb@@AAEPAVarena@23@PAV423@@Z 10010c30 f   market.obj
 0001:0000fcd0       ?update_allotment@market@internal@tbb@@AAEXH@Z 10010cd0 f   market.obj
 0001:0000fdc0       ?adjust_demand@market@internal@tbb@@QAEXAAVarena@23@H@Z 10010dc0 f   market.obj
 0001:0000ffc0       ?process@market@internal@tbb@@EAEXAAVjob@rml@@@Z 10010fc0 f   market.obj
 0001:00010010       ?cleanup@market@internal@tbb@@EAEXAAVjob@rml@@@Z 10011010 f   market.obj
 0001:000100f0       ?acknowledge_close_connection@market@internal@tbb@@EAEXXZ 100110f0 f   market.obj
 0001:00010120       ?create_one_job@market@internal@tbb@@EAEPAVjob@rml@@XZ 10011120 f   market.obj
 0001:00010170       ?update_arena_top_priority@market@internal@tbb@@AAEXAAVarena@23@H@Z 10011170 f   market.obj
 0001:00010240       ?lower_arena_priority@market@internal@tbb@@QAE_NAAVarena@23@HI@Z 10011240 f   market.obj
 0001:00010300       ?update_arena_priority@market@internal@tbb@@QAE_NAAVarena@23@H@Z 10011300 f   market.obj
 0001:00010430       ?set_env@cpu_ctl_env@internal@tbb@@QBEXXZ 10011430 f i arena.obj
 0001:00010450       ?throw_self@tbb_exception_ptr@internal@tbb@@QAEXXZ 10011450 f i arena.obj
 0001:000104c0       ??1cpu_ctl_env_helper@internal@tbb@@QAE@XZ 100114c0 f i arena.obj
 0001:000104e0       ?set_env@cpu_ctl_env_helper@internal@tbb@@QAEXPBVtask_group_context@3@@Z 100114e0 f i arena.obj
 0001:00010510       ?restore_default@cpu_ctl_env_helper@internal@tbb@@QAEXXZ 10011510 f i arena.obj
 0001:00010540       ?process@arena@internal@tbb@@QAEXAAVgeneric_scheduler@23@@Z 10011540 f   arena.obj
 0001:00010710       ??0arena@internal@tbb@@QAE@AAVmarket@12@I@Z 10011710 f   arena.obj
 0001:00010850       ??1?$padded@Uarena_base@internal@tbb@@$0IA@@internal@tbb@@QAE@XZ 10011850 f i arena.obj
 0001:00010870       ??0arena_base@internal@tbb@@QAE@XZ 10011870 f i arena.obj
 0001:000108e0       ?allocate_arena@arena@internal@tbb@@SAAAV123@AAVmarket@23@I@Z 100118e0 f   arena.obj
 0001:000109e0       ?free_arena@arena@internal@tbb@@QAEXXZ 100119e0 f   arena.obj
 0001:00010b60       ?may_have_tasks@arena@internal@tbb@@QAE_NPAVgeneric_scheduler@23@AA_N1@Z 10011b60 f i arena.obj
 0001:00010bb0       ?orphan_offloaded_tasks@arena@internal@tbb@@QAEXAAVgeneric_scheduler@23@@Z 10011bb0 f   arena.obj
 0001:00010c00       ?is_out_of_work@arena@internal@tbb@@QAE_NXZ 10011c00 f   arena.obj
 0001:00010ee0       ?enqueue_task@arena@internal@tbb@@QAEXAAVtask@3@HAAVFastRandom@23@@Z 10011ee0 f   arena.obj
 0001:00010f90       ??1nested_arena_context@internal@tbb@@QAE@XZ 10011f90 f i arena.obj
 0001:00010ff0       ?nested_arena_entry@generic_scheduler@internal@tbb@@QAEXPAVarena@23@AAUnested_arena_context@23@_N@Z 10011ff0 f   arena.obj
 0001:00011120       ?nested_arena_exit@generic_scheduler@internal@tbb@@QAEXAAUnested_arena_context@23@@Z 10012120 f   arena.obj
 0001:000111b0       ??0auto_empty_task@internal@tbb@@QAE@PAVgeneric_scheduler@12@PAVtask_group_context@2@@Z 100121b0 f i arena.obj
 0001:00011240       ??1auto_empty_task@internal@tbb@@QAE@XZ 10012240 f i arena.obj
 0001:00011260       ?internal_initialize@task_arena_base@internal@interface7@tbb@@IAEXXZ 10012260 f   arena.obj
 0001:00011690       ?internal_terminate@task_arena_base@internal@interface7@tbb@@IAEXXZ 10012690 f   arena.obj
 0001:00011720       ?internal_enqueue@task_arena_base@internal@interface7@tbb@@IBEXAAVtask@4@H@Z 10012720 f   arena.obj
 0001:00011750       ?execute@delegated_task@internal@interface7@tbb@@EAEPAVtask@4@XZ 10012750 f i arena.obj
 0001:00011820       ??_Gdelegated_task@internal@interface7@tbb@@EAEPAXI@Z 10012820 f i arena.obj
 0001:00011820       ??_Edelegated_task@internal@interface7@tbb@@EAEPAXI@Z 10012820 f i  CIL library: CIL module
 0001:00011860       ?internal_execute@task_arena_base@internal@interface7@tbb@@IBEXAAVdelegate_base@234@@Z 10012860 f   arena.obj
 0001:00011e00       ?execute@wait_task@internal@interface7@tbb@@EAEPAVtask@4@XZ 10012e00 f i arena.obj
 0001:00011e60       ?internal_wait@task_arena_base@internal@interface7@tbb@@IBEXXZ 10012e60 f   arena.obj
 0001:00012210       ?internal_current_slot@task_arena_base@internal@interface7@tbb@@KAHXZ 10013210 f   arena.obj
 0001:00012230       ?initialize@?$task_stream@$02@internal@tbb@@QAEXI@Z 10013230 f i arena.obj
 0001:00012310       ??1?$task_stream@$02@internal@tbb@@QAE@XZ 10013310 f i arena.obj
 0001:00012380       ?push@?$task_stream@$02@internal@tbb@@QAEXPAVtask@3@HAAVFastRandom@23@@Z 10013380 f i arena.obj
 0001:00012450       ??0?$padded@U?$queue_and_mutex@PAVtask@tbb@@Vspin_mutex@2@@internal@tbb@@$0IA@@internal@tbb@@QAE@XZ 10013450 f i arena.obj
 0001:000124b0       ??1?$padded@U?$queue_and_mutex@PAVtask@tbb@@Vspin_mutex@2@@internal@tbb@@$0IA@@internal@tbb@@QAE@XZ 100134b0 f i arena.obj
 0001:00012520       ?push_back@?$deque@PAVtask@tbb@@V?$tbb_allocator@PAVtask@tbb@@@2@@std@@QAEXABQAVtask@tbb@@@Z 10013520 f i arena.obj
 0001:000125c0       ?_Growmap@?$deque@PAVtask@tbb@@V?$tbb_allocator@PAVtask@tbb@@@2@@std@@IAEXI@Z 100135c0 f i arena.obj
 0001:00012710       ?_Tidy@?$deque@PAVtask@tbb@@V?$tbb_allocator@PAVtask@tbb@@@2@@std@@IAEXXZ 10013710 f i arena.obj
 0001:00012780       ??1?$_Deque_val@PAVtask@tbb@@V?$tbb_allocator@PAVtask@tbb@@@2@@std@@QAE@XZ 10013780 f i arena.obj
 0001:000127a0       ??$advertise_new_work@$0A@@arena@internal@tbb@@QAEXXZ 100137a0 f i arena.obj
 0001:00012820       ??$notify_relaxed@Vdelegated_task@internal@interface7@tbb@@@concurrent_monitor@internal@tbb@@QAEXABVdelegated_task@1interface7@2@@Z 10013820 f i arena.obj
 0001:000128e0       ??$_Uninit_copy@PAPAPAVtask@tbb@@PAPAPAV12@V?$tbb_allocator@PAPAVtask@tbb@@@2@@std@@YAPAPAPAVtask@tbb@@PAPAPAV12@00AAV?$tbb_allocator@PAPAVtask@tbb@@@2@U_Nonscalar_ptr_iterator_tag@0@@Z 100138e0 f i arena.obj
 0001:00012910       ??$_Uninit_def_fill_n@PAPAPAVtask@tbb@@IPAPAV12@V?$tbb_allocator@PAPAVtask@tbb@@@2@PAPAV12@@std@@YAXPAPAPAVtask@tbb@@IPBQAPAV12@AAV?$tbb_allocator@PAPAVtask@tbb@@@2@0U_Nonscalar_ptr_iterator_tag@0@@Z 10013910 f i arena.obj
 0001:00012930       ?allocate_task_pool@arena_slot@internal@tbb@@QAEXI@Z 10013930 f i scheduler.obj
 0001:000129b0       ?internal_pop@mail_outbox@internal@tbb@@AAEPAUtask_proxy@23@XZ 100139b0 f i scheduler.obj
 0001:00012a40       ?commit_relocated_tasks@generic_scheduler@internal@tbb@@QAEXI@Z 10013a40 f i scheduler.obj
 0001:00012a80       ?effective_reference_priority@generic_scheduler@internal@tbb@@QBEHXZ 10013a80 f i scheduler.obj
 0001:00012ab0       ??1scheduler@internal@tbb@@UAE@XZ 10013ab0 f   scheduler.obj
 0001:00012ac0       ??0generic_scheduler@internal@tbb@@IAE@AAVmarket@12@@Z 10013ac0 f   scheduler.obj
 0001:00012c70       ??_Ggeneric_scheduler@internal@tbb@@UAEPAXI@Z 10013c70 f i scheduler.obj
 0001:00012c70       ??_E?$custom_scheduler@UDefaultSchedulerTraits@internal@tbb@@@internal@tbb@@UAEPAXI@Z 10013c70 f i  CIL library: CIL module
 0001:00012c70       ??_G?$custom_scheduler@UIntelSchedulerTraits@internal@tbb@@@internal@tbb@@UAEPAXI@Z 10013c70 f i scheduler.obj
 0001:00012c70       ??_G?$custom_scheduler@UDefaultSchedulerTraits@internal@tbb@@@internal@tbb@@UAEPAXI@Z 10013c70 f i scheduler.obj
 0001:00012c70       ??_Egeneric_scheduler@internal@tbb@@UAEPAXI@Z 10013c70 f i  CIL library: CIL module
 0001:00012c70       ??_E?$custom_scheduler@UIntelSchedulerTraits@internal@tbb@@@internal@tbb@@UAEPAXI@Z 10013c70 f i  CIL library: CIL module
 0001:00012ca0       ?cleanup_local_context_list@generic_scheduler@internal@tbb@@QAEXXZ 10013ca0 f   scheduler.obj
 0001:00012d50       ?free_scheduler@generic_scheduler@internal@tbb@@QAEXXZ 10013d50 f   scheduler.obj
 0001:00012de0       ?allocate_task@generic_scheduler@internal@tbb@@QAEAAVtask@3@IPAV43@PAVtask_group_context@3@@Z 10013de0 f   scheduler.obj
 0001:00012ee0       ?free_nonlocal_small_task@generic_scheduler@internal@tbb@@QAEXAAVtask@3@@Z 10013ee0 f   scheduler.obj
 0001:00012f60       ?prepare_task_pool@generic_scheduler@internal@tbb@@QAEII@Z 10013f60 f   scheduler.obj
 0001:00013060       ?acquire_task_pool@generic_scheduler@internal@tbb@@QBEXXZ 10014060 f i scheduler.obj
 0001:000130e0       ?release_task_pool@generic_scheduler@internal@tbb@@QBEXXZ 100140e0 f i scheduler.obj
 0001:00013110       ?lock_task_pool@generic_scheduler@internal@tbb@@QBEPAPAVtask@3@PAUarena_slot@23@@Z 10014110 f i scheduler.obj
 0001:000131d0       ?prepare_for_spawning@generic_scheduler@internal@tbb@@QAEPAVtask@3@PAV43@@Z 100141d0 f i scheduler.obj
 0001:00013260       ?local_spawn@generic_scheduler@internal@tbb@@QAEXAAVtask@3@AAPAV43@@Z 10014260 f   scheduler.obj
 0001:00013460       ?local_spawn_root_and_wait@generic_scheduler@internal@tbb@@QAEXAAVtask@3@AAPAV43@@Z 10014460 f   scheduler.obj
 0001:00013520       ?spawn@generic_scheduler@internal@tbb@@UAEXAAVtask@3@AAPAV43@@Z 10014520 f   scheduler.obj
 0001:00013570       ?spawn_root_and_wait@generic_scheduler@internal@tbb@@UAEXAAVtask@3@AAPAV43@@Z 10014570 f   scheduler.obj
 0001:000135c0       ?enqueue@generic_scheduler@internal@tbb@@UAEXAAVtask@3@PAX@Z 100145c0 f   scheduler.obj
 0001:00013600       ??1auto_indicator@internal@tbb@@QAE@XZ 10014600 f i scheduler.obj
 0001:00013610       ?winnow_task_pool@generic_scheduler@internal@tbb@@QAEPAVtask@3@XZ 10014610 f   scheduler.obj
 0001:00013880       ?reload_tasks@generic_scheduler@internal@tbb@@QAEPAVtask@3@AAPAV43@AAPAPAV43@H@Z 10014880 f   scheduler.obj
 0001:00013a00       ?reload_tasks@generic_scheduler@internal@tbb@@QAEPAVtask@3@XZ 10014a00 f   scheduler.obj
 0001:00013ab0       ?get_task@generic_scheduler@internal@tbb@@QAEPAVtask@3@XZ 10014ab0 f i scheduler.obj
 0001:00013c20       ?steal_task@generic_scheduler@internal@tbb@@QAEPAVtask@3@AAUarena_slot@23@@Z 10014c20 f   scheduler.obj
 0001:00013d40       ?get_mailbox_task@generic_scheduler@internal@tbb@@QAEPAVtask@3@XZ 10014d40 f   scheduler.obj
 0001:00013de0       ?create_worker@generic_scheduler@internal@tbb@@SAPAV123@AAVmarket@23@I@Z 10014de0 f   scheduler.obj
 0001:00013e60       ?create_master@generic_scheduler@internal@tbb@@SAPAV123@PAVarena@23@@Z 10014e60 f   scheduler.obj
 0001:00014230       ?cleanup_master@generic_scheduler@internal@tbb@@QAEXXZ 10015230 f   scheduler.obj
 0001:00014450       ?wait_for_all@?$custom_scheduler@UDefaultSchedulerTraits@internal@tbb@@@internal@tbb@@EAEXAAVtask@3@PAV43@@Z 10015450 f i scheduler.obj
 0001:00014490       ?allocate_scheduler@?$custom_scheduler@UDefaultSchedulerTraits@internal@tbb@@@internal@tbb@@SAPAVgeneric_scheduler@23@AAVmarket@23@@Z 10015490 f i scheduler.obj
 0001:00014550       ?wait_for_all@?$custom_scheduler@UIntelSchedulerTraits@internal@tbb@@@internal@tbb@@EAEXAAVtask@3@PAV43@@Z 10015550 f i scheduler.obj
 0001:00014590       ?allocate_scheduler@?$custom_scheduler@UIntelSchedulerTraits@internal@tbb@@@internal@tbb@@SAPAVgeneric_scheduler@23@AAVmarket@23@@Z 10015590 f i scheduler.obj
 0001:00014650       ??1?$fast_reverse_vector@PAVtask@tbb@@$0BA@@internal@tbb@@QAE@XZ 10015650 f i scheduler.obj
 0001:00014690       ?push_back@?$fast_reverse_vector@PAVtask@tbb@@$0BA@@internal@tbb@@QAEXABQAVtask@3@@Z 10015690 f i scheduler.obj
 0001:00014740       ?copy_memory@?$fast_reverse_vector@PAVtask@tbb@@$0BA@@internal@tbb@@QBEXPAPAVtask@3@@Z 10015740 f i scheduler.obj
 0001:000147c0       ?local_wait_for_all@?$custom_scheduler@UDefaultSchedulerTraits@internal@tbb@@@internal@tbb@@EAEXAAVtask@3@PAV43@@Z 100157c0 f i scheduler.obj
 0001:00014d30       ?receive_or_steal_task@?$custom_scheduler@UDefaultSchedulerTraits@internal@tbb@@@internal@tbb@@UAEPAVtask@3@AAH@Z 10015d30 f i scheduler.obj
 0001:00015190       ?local_wait_for_all@?$custom_scheduler@UIntelSchedulerTraits@internal@tbb@@@internal@tbb@@EAEXAAVtask@3@PAV43@@Z 10016190 f i scheduler.obj
 0001:000156a0       ?receive_or_steal_task@?$custom_scheduler@UIntelSchedulerTraits@internal@tbb@@@internal@tbb@@UAEPAVtask@3@AAH@Z 100166a0 f i scheduler.obj
 0001:00015a70       ??$advertise_new_work@$00@arena@internal@tbb@@QAEXXZ 10016a70 f i scheduler.obj
 0001:00015ae0       ??$extract_task@$00@task_proxy@internal@tbb@@QAEPAVtask@2@XZ 10016ae0 f i scheduler.obj
 0001:00015b10       ?pop@?$task_stream@$02@internal@tbb@@QAEPAVtask@3@HAAI@Z 10016b10 f i scheduler.obj
 0001:00015c40       ?tally_completion_of_predecessor@?$custom_scheduler@UDefaultSchedulerTraits@internal@tbb@@@internal@tbb@@AAEXAAVtask@3@AAPAV43@@Z 10016c40 f i scheduler.obj
 0001:00015cc0       ?tally_completion_of_predecessor@?$custom_scheduler@UIntelSchedulerTraits@internal@tbb@@@internal@tbb@@AAEXAAVtask@3@AAPAV43@@Z 10016cc0 f i scheduler.obj
 0001:00015d10       ?begin@?$deque@PAVtask@tbb@@V?$tbb_allocator@PAVtask@tbb@@@2@@std@@QAE?AV?$_Deque_iterator@PAVtask@tbb@@V?$tbb_allocator@PAVtask@tbb@@@2@@2@XZ 10016d10 f i scheduler.obj
 0001:00015d30       ??$free_task@$05@generic_scheduler@internal@tbb@@QAEXAAVtask@2@@Z 10016d30 f i scheduler.obj
 0001:00015d30       ??$free_task@$0A@@generic_scheduler@internal@tbb@@QAEXAAVtask@2@@Z 10016d30 f i scheduler.obj
 0001:00015d70       ?clear@observer_list@internal@tbb@@QAEXXZ 10016d70 f   observer_proxy.obj
 0001:00015df0       ?remove_ref@observer_list@internal@tbb@@QAEXPAVobserver_proxy@23@@Z 10016df0 f   observer_proxy.obj
 0001:00015e70       ?do_notify_entry_observers@observer_list@internal@tbb@@AAEXAAPAVobserver_proxy@23@_N@Z 10016e70 f   observer_proxy.obj
 0001:00015fe0       ?do_notify_exit_observers@observer_list@internal@tbb@@AAEXPAVobserver_proxy@23@_N@Z 10016fe0 f   observer_proxy.obj
 0001:00016140       ?observe@task_scheduler_observer_v3@internal@tbb@@QAEX_N@Z 10017140 f   observer_proxy.obj
 0001:000163f0       ?add_ref@__TBB_InitOnce@internal@tbb@@SAXXZ 100173f0 f   tbb_main.obj
 0001:00016470       _ITT_DoOneTimeInitialization 10017470 f   tbb_main.obj
 0001:000164d0       ?DoOneTimeInitializations@internal@tbb@@YAXXZ 100174d0 f   tbb_main.obj
 0001:00016660       _DllMain@12                10017660 f   tbb_main.obj
 0001:00016710       ?itt_store_pointer_with_release_v3@internal@tbb@@YAXPAX0@Z 10017710 f   tbb_main.obj
 0001:00016740       ?itt_load_pointer_with_acquire_v3@internal@tbb@@YAPAXPBX@Z 10017740 f   tbb_main.obj
 0001:00016760       ?call_itt_notify_v5@internal@tbb@@YAXHPAX@Z 10017760 f   tbb_main.obj
 0001:000167d0       ?itt_load_pointer_v3@internal@tbb@@YAPAXPBX@Z 100177d0 f   tbb_main.obj
 0001:000167e0       ?itt_set_sync_name_v3@internal@tbb@@YAXPAXPB_W@Z 100177e0 f   tbb_main.obj
 0001:00016800       ?is_first_arg_preferred@control_storage@internal@tbb@@MBE_NII@Z 10017800 f i tbb_main.obj
 0001:00016820       ?active_value@control_storage@internal@tbb@@MBEIXZ 10017820 f i tbb_main.obj
 0001:00016840       ?default_value@allowed_parallelism_control@internal@tbb@@EBEIXZ 10017840 f i tbb_main.obj
 0001:00016890       ?is_first_arg_preferred@allowed_parallelism_control@internal@tbb@@EBE_NII@Z 10017890 f i tbb_main.obj
 0001:000168b0       ?apply_active@allowed_parallelism_control@internal@tbb@@EBEXXZ 100178b0 f i tbb_main.obj
 0001:000168c0       ?active_value@allowed_parallelism_control@internal@tbb@@EBEIXZ 100178c0 f i tbb_main.obj
 0001:00016910       ?default_value@stack_size_control@internal@tbb@@EBEIXZ 10017910 f i tbb_main.obj
 0001:00016920       ?internal_create@global_control@interface9@tbb@@AAEXXZ 10017920 f   tbb_main.obj
 0001:00016a30       ?internal_destroy@global_control@interface9@tbb@@AAEXXZ 10017a30 f   tbb_main.obj
 0001:00016bb0       ?active_value@global_control@interface9@tbb@@CAIH@Z 10017bb0 f   tbb_main.obj
 0001:00016c40       ?internal_grow_to_at_least@concurrent_vector_base@internal@tbb@@IAEXIIP6AXPAXI@Z@Z 10017c40 f   concurrent_vector_v2.obj
 0001:00016c90       ?extend_segment@helper@concurrent_vector_base@internal@tbb@@CAXAAV234@@Z 10017c90 f   concurrent_vector_v2.obj
 0001:00016d40       ?internal_capacity@concurrent_vector_base@internal@tbb@@IBEIXZ 10017d40 f   concurrent_vector_v2.obj
 0001:00016d80       ?internal_reserve@concurrent_vector_base@internal@tbb@@IAEXIII@Z 10017d80 f   concurrent_vector_v2.obj
 0001:00016ec0       ?internal_copy@concurrent_vector_base@internal@tbb@@IAEXABV123@IP6AXPAXPBXI@Z@Z 10017ec0 f   concurrent_vector_v2.obj
 0001:00017000       ?internal_assign@concurrent_vector_base@internal@tbb@@IAEXABV123@IP6AXPAXI@ZP6AX1PBXI@Z4@Z 10018000 f   concurrent_vector_v2.obj
 0001:000171e0       ?internal_push_back@concurrent_vector_base@internal@tbb@@IAEPAXIAAI@Z 100181e0 f   concurrent_vector_v2.obj
 0001:000172d0       ?internal_grow_by@concurrent_vector_base@internal@tbb@@IAEIIIP6AXPAXI@Z@Z 100182d0 f   concurrent_vector_v2.obj
 0001:00017300       ?internal_grow@concurrent_vector_base@internal@tbb@@IAEXIIIP6AXPAXI@Z@Z 10018300 f   concurrent_vector_v2.obj
 0001:000174c0       ?internal_clear@concurrent_vector_base@internal@tbb@@IAEXP6AXPAXI@Z_N@Z 100184c0 f   concurrent_vector_v2.obj
 0001:00017590       ??1push_finalizer@micro_queue@internal@tbb@@QAE@XZ 10018590 f i concurrent_queue_v2.obj
 0001:000175a0       ??1pop_finalizer@micro_queue@internal@tbb@@QAE@XZ 100185a0 f i concurrent_queue_v2.obj
 0001:000175f0       ?push@micro_queue@internal@tbb@@QAEXPBXIAAVconcurrent_queue_base@23@@Z 100185f0 f   concurrent_queue_v2.obj
 0001:00017710       ?pop@micro_queue@internal@tbb@@QAE_NPAXIAAVconcurrent_queue_base@23@@Z 10018710 f   concurrent_queue_v2.obj
 0001:00017840       ??0concurrent_queue_base@internal@tbb@@IAE@I@Z 10018840 f   concurrent_queue_v2.obj
 0001:00017900       ??_Gconcurrent_queue_base@internal@tbb@@MAEPAXI@Z 10018900 f i concurrent_queue_v2.obj
 0001:00017900       ??_Econcurrent_queue_base@internal@tbb@@MAEPAXI@Z 10018900 f i  CIL library: CIL module
 0001:00017930       ??1concurrent_queue_base@internal@tbb@@MAE@XZ 10018930 f   concurrent_queue_v2.obj
 0001:00017980       ?internal_push@concurrent_queue_base@internal@tbb@@IAEXPBX@Z 10018980 f   concurrent_queue_v2.obj
 0001:00017a20       ?internal_pop@concurrent_queue_base@internal@tbb@@IAEXPAX@Z 10018a20 f   concurrent_queue_v2.obj
 0001:00017a60       ?internal_pop_if_present@concurrent_queue_base@internal@tbb@@IAE_NPAX@Z 10018a60 f   concurrent_queue_v2.obj
 0001:00017af0       ?internal_push_if_not_full@concurrent_queue_base@internal@tbb@@IAE_NPBX@Z 10018af0 f   concurrent_queue_v2.obj
 0001:00017ba0       ?internal_size@concurrent_queue_base@internal@tbb@@IBEHXZ 10018ba0 f   concurrent_queue_v2.obj
 0001:00017bc0       ??0concurrent_queue_iterator_base@internal@tbb@@IAE@ABVconcurrent_queue_base@12@@Z 10018bc0 f   concurrent_queue_v2.obj
 0001:00017c60       ?assign@concurrent_queue_iterator_base@internal@tbb@@IAEXABV123@@Z 10018c60 f   concurrent_queue_v2.obj
 0001:00017ce0       ?advance@concurrent_queue_iterator_base@internal@tbb@@IAEXXZ 10018ce0 f   concurrent_queue_v2.obj
 0001:00017d50       ??1concurrent_queue_iterator_base@internal@tbb@@IAE@XZ 10018d50 f   concurrent_queue_v2.obj
 0001:00017d70       ?internal_itt_releasing@spin_rw_mutex@tbb@@CAXPAV12@@Z 10018d70 f   spin_rw_mutex_v2.obj
 0001:00017d90       ?internal_acquire_writer@spin_rw_mutex@tbb@@CA_NPAV12@@Z 10018d90 f   spin_rw_mutex_v2.obj
 0001:00017e30       ?internal_release_writer@spin_rw_mutex@tbb@@CAXPAV12@@Z 10018e30 f   spin_rw_mutex_v2.obj
 0001:00017e60       ?internal_acquire_reader@spin_rw_mutex@tbb@@CAXPAV12@@Z 10018e60 f   spin_rw_mutex_v2.obj
 0001:00017ef0       ?internal_upgrade@spin_rw_mutex@tbb@@CA_NPAV12@@Z 10018ef0 f   spin_rw_mutex_v2.obj
 0001:00017fd0       ?internal_downgrade@spin_rw_mutex@tbb@@CAXPAV12@@Z 10018fd0 f   spin_rw_mutex_v2.obj
 0001:00018000       ?internal_release_reader@spin_rw_mutex@tbb@@CAXPAV12@@Z 10019000 f   spin_rw_mutex_v2.obj
 0001:00018030       ?internal_try_acquire_writer@spin_rw_mutex@tbb@@CA_NPAV12@@Z 10019030 f   spin_rw_mutex_v2.obj
 0001:00018090       ?internal_try_acquire_reader@spin_rw_mutex@tbb@@CA_NPAV12@@Z 10019090 f   spin_rw_mutex_v2.obj
 0001:000180f0       ?destroy@task@tbb@@QAEXAAV12@@Z 100190f0 f   task_v2.obj
 0001:00018110       ?internal_release@x86_rtm_rw_mutex@internal@interface8@tbb@@AAEXAAVscoped_lock@1234@@Z 10019110 f   x86_rtm_rw_mutex.obj
 0001:000181b0       ?internal_acquire_writer@x86_rtm_rw_mutex@internal@interface8@tbb@@AAEXAAVscoped_lock@1234@_N@Z 100191b0 f   x86_rtm_rw_mutex.obj
 0001:00018250       ?internal_acquire_reader@x86_rtm_rw_mutex@internal@interface8@tbb@@AAEXAAVscoped_lock@1234@_N@Z 10019250 f   x86_rtm_rw_mutex.obj
 0001:000182f0       ?internal_upgrade@x86_rtm_rw_mutex@internal@interface8@tbb@@AAE_NAAVscoped_lock@1234@@Z 100192f0 f   x86_rtm_rw_mutex.obj
 0001:00018340       ?internal_downgrade@x86_rtm_rw_mutex@internal@interface8@tbb@@AAE_NAAVscoped_lock@1234@@Z 10019340 f   x86_rtm_rw_mutex.obj
 0001:000183a0       ?internal_try_acquire_writer@x86_rtm_rw_mutex@internal@interface8@tbb@@AAE_NAAVscoped_lock@1234@@Z 100193a0 f   x86_rtm_rw_mutex.obj
 0001:00018410       ?internal_construct@x86_rtm_rw_mutex@internal@interface8@tbb@@AAEXXZ 10019410 f   x86_rtm_rw_mutex.obj
 0001:00018430       ___TBB_machine_fetchadd1   10019430     atomic_support.obj
 0001:00018440       ___TBB_machine_fetchstore1 10019440     atomic_support.obj
 0001:0001844c       ___TBB_machine_cmpswp1     1001944c     atomic_support.obj
 0001:00018460       ___TBB_machine_fetchadd2   10019460     atomic_support.obj
 0001:00018470       ___TBB_machine_fetchstore2 10019470     atomic_support.obj
 0001:00018480       ___TBB_machine_cmpswp2     10019480     atomic_support.obj
 0001:00018494       ___TBB_machine_fetchadd4   10019494     atomic_support.obj
 0001:000184a4       ___TBB_machine_fetchstore4 100194a4     atomic_support.obj
 0001:000184b0       ___TBB_machine_cmpswp4     100194b0     atomic_support.obj
 0001:000184c4       ___TBB_machine_fetchadd8   100194c4     atomic_support.obj
 0001:000184e4       ___TBB_machine_fetchstore8 100194e4     atomic_support.obj
 0001:00018500       ___TBB_machine_cmpswp8     10019500     atomic_support.obj
 0001:00018520       ___TBB_machine_load8       10019520     atomic_support.obj
 0001:00018554       ___TBB_machine_store8      10019554     atomic_support.obj
 0001:00018570       ___TBB_machine_try_lock_elided 10019570     itsx.obj
 0001:00018580       ___TBB_machine_unlock_elided 10019580     itsx.obj
 0001:0001858c       ___TBB_machine_begin_transaction 1001958c     itsx.obj
 0001:00018598       ___TBB_machine_end_transaction 10019598     itsx.obj
 0001:0001859c       ___TBB_machine_transaction_conflict_abort 1001959c     itsx.obj
 0001:000185a0       ___TBB_machine_is_in_transaction 100195a0     itsx.obj
 0001:000185b0       ___TBB_machine_trylockbyte 100195b0     lock_byte.obj
 0001:000185cb       ?_Xlength_error@std@@YAXPBD@Z 100195cb f   libcpmt:xthrow.obj
 0001:000185fb       ??_U@YAPAXI@Z              100195fb f   libcpmt:newaop.obj
 0001:00018606       @__security_check_cookie@4 10019606 f   LIBCMT:secchk.obj
 0001:00018615       __purecall                 10019615 f   LIBCMT:purevirt.obj
 0001:0001863f       ??3@YAXPAX@Z               1001963f f   LIBCMT:delete.obj
 0001:0001864a       ?name@type_info@@QBEPBDPAU__type_info_node@@@Z 1001964a f   LIBCMT:typinfo.obj
 0001:0001865e       ??1type_info@@UAE@XZ       1001965e f   LIBCMT:typinfo.obj
 0001:0001866e       ??_Etype_info@@UAEPAXI@Z   1001966e f i LIBCMT:typinfo.obj
 0001:0001866e       ??_Gtype_info@@UAEPAXI@Z   1001966e f i LIBCMT:typinfo.obj
 0001:0001868f       ??8type_info@@QBE_NABV0@@Z 1001968f f   LIBCMT:typinfo.obj
 0001:000186b0       _strncpy                   100196b0 f   LIBCMT:strncpy.obj
 0001:000187e0       _strrchr                   100197e0 f   LIBCMT:strrchr.obj
 0001:0001880d       _malloc                    1001980d f   LIBCMT:malloc.obj
 0001:000188a1       __strdup                   100198a1 f   LIBCMT:strdup.obj
 0001:000188f3       __wcsdup                   100198f3 f   LIBCMT:wcsdup.obj
 0001:00018948       _free                      10019948 f   LIBCMT:free.obj
 0001:00018982       ??2@YAPAXI@Z               10019982 f   LIBCMT:new.obj
 0001:00018a02       __get_errno_from_oserr     10019a02 f   LIBCMT:dosmap.obj
 0001:00018a44       __errno                    10019a44 f   LIBCMT:dosmap.obj
 0001:00018a57       ___doserrno                10019a57 f   LIBCMT:dosmap.obj
 0001:00018a6a       __dosmaperr                10019a6a f   LIBCMT:dosmap.obj
 0001:00018a8d       __endthreadex              10019a8d f   LIBCMT:threadex.obj
 0001:00018b52       __beginthreadex            10019b52 f   LIBCMT:threadex.obj
 0001:00018bf2       ___iob_func                10019bf2 f   LIBCMT:_file.obj
 0001:00018bf8       ___initstdio               10019bf8 f   LIBCMT:_file.obj
 0001:00018ca9       ___endstdio                10019ca9 f   LIBCMT:_file.obj
 0001:00018cc9       __lock_file                10019cc9 f   LIBCMT:_file.obj
 0001:00018d0a       __lock_file2               10019d0a f   LIBCMT:_file.obj
 0001:00018d3c       __unlock_file              10019d3c f   LIBCMT:_file.obj
 0001:00018d78       __unlock_file2             10019d78 f   LIBCMT:_file.obj
 0001:00018da7       _fprintf                   10019da7 f   LIBCMT:fprintf.obj
 0001:00018eb3       ___crtCorExitProcess       10019eb3 f   LIBCMT:crt0dat.obj
 0001:00018ede       ___crtExitProcess          10019ede f   LIBCMT:crt0dat.obj
 0001:00018ef6       __lockexit                 10019ef6 f   LIBCMT:crt0dat.obj
 0001:00018eff       __unlockexit               10019eff f   LIBCMT:crt0dat.obj
 0001:00018f08       __init_pointers            10019f08 f   LIBCMT:crt0dat.obj
 0001:00018f3b       __initterm_e               10019f3b f   LIBCMT:crt0dat.obj
 0001:00018f5f       __cinit                    10019f5f f   LIBCMT:crt0dat.obj
 0001:00019136       _exit                      1001a136 f   LIBCMT:crt0dat.obj
 0001:0001914c       __exit                     1001a14c f   LIBCMT:crt0dat.obj
 0001:00019162       __cexit                    1001a162 f   LIBCMT:crt0dat.obj
 0001:00019171       __amsg_exit                1001a171 f   LIBCMT:crt0dat.obj
 0001:0001918f       _abort                     1001a18f f   LIBCMT:abort.obj
 0001:000191c2       __set_abort_behavior       1001a1c2 f   LIBCMT:abort.obj
 0001:000191e3       ??0exception@std@@QAE@XZ   1001a1e3 f   LIBCMT:stdexcpt.obj
 0001:000191f4       ??0exception@std@@QAE@ABQBDH@Z 1001a1f4 f   LIBCMT:stdexcpt.obj
 0001:00019211       ?what@exception@std@@UBEPBDXZ 1001a211 f   LIBCMT:stdexcpt.obj
 0001:0001921e       ?_Copy_str@exception@std@@AAEXPBD@Z 1001a21e f   LIBCMT:stdexcpt.obj
 0001:0001925e       ?_Tidy@exception@std@@AAEXXZ 1001a25e f   LIBCMT:stdexcpt.obj
 0001:0001927c       ??0exception@std@@QAE@ABQBD@Z 1001a27c f   LIBCMT:stdexcpt.obj
 0001:000192a3       ??4exception@std@@QAEAAV01@ABV01@@Z 1001a2a3 f   LIBCMT:stdexcpt.obj
 0001:000192d8       ??1bad_typeid@std@@UAE@XZ  1001a2d8 f   LIBCMT:stdexcpt.obj
 0001:000192d8       ??1__non_rtti_object@std@@UAE@XZ 1001a2d8 f   LIBCMT:stdexcpt.obj
 0001:000192d8       ??1exception@std@@UAE@XZ   1001a2d8 f   LIBCMT:stdexcpt.obj
 0001:000192e3       ??0bad_typeid@std@@QAE@PBD@Z 1001a2e3 f   LIBCMT:stdexcpt.obj
 0001:00019301       ??0__non_rtti_object@std@@QAE@PBD@Z 1001a301 f   LIBCMT:stdexcpt.obj
 0001:0001931e       ??0exception@std@@QAE@ABV01@@Z 1001a31e f   LIBCMT:stdexcpt.obj
 0001:00019343       ??_G__non_rtti_object@std@@UAEPAXI@Z 1001a343 f i LIBCMT:stdexcpt.obj
 0001:00019343       ??_Gexception@std@@UAEPAXI@Z 1001a343 f i LIBCMT:stdexcpt.obj
 0001:00019343       ??_Eexception@std@@UAEPAXI@Z 1001a343 f i LIBCMT:stdexcpt.obj
 0001:00019343       ??_Gbad_typeid@std@@UAEPAXI@Z 1001a343 f i LIBCMT:stdexcpt.obj
 0001:00019343       ??_Ebad_typeid@std@@UAEPAXI@Z 1001a343 f i LIBCMT:stdexcpt.obj
 0001:00019343       ??_E__non_rtti_object@std@@UAEPAXI@Z 1001a343 f i LIBCMT:stdexcpt.obj
 0001:0001936a       ??0bad_typeid@std@@QAE@ABV01@@Z 1001a36a f   LIBCMT:stdexcpt.obj
 0001:00019387       ??0__non_rtti_object@std@@QAE@ABV01@@Z 1001a387 f   LIBCMT:stdexcpt.obj
 0001:000193a4       __get_sys_err_msg          1001a3a4 f i LIBCMT:strerror.obj
 0001:000193cc       _strerror                  1001a3cc f   LIBCMT:strerror.obj
 0001:00019436       _fputs                     1001a436 f   LIBCMT:fputs.obj
 0001:0001953c       __flush                    1001a53c f   LIBCMT:fflush.obj
 0001:000195a4       __fflush_nolock            1001a5a4 f   LIBCMT:fflush.obj
 0001:000196c6       _fflush                    1001a6c6 f   LIBCMT:fflush.obj
 0001:00019719       __flushall                 1001a719 f   LIBCMT:fflush.obj
 0001:00019722       __snprintf                 1001a722 f   LIBCMT:snprintf.obj
 0001:000197ce       __getenv_helper_nolock     1001a7ce f   LIBCMT:getenv.obj
 0001:00019855       _getenv                    1001a855 f   LIBCMT:getenv.obj
 0001:000198cf       ??1bad_exception@std@@UAE@XZ 1001a8cf f i LIBCMT:excptptr.obj
 0001:000198da       ??_Ebad_exception@std@@UAEPAXI@Z 1001a8da f i LIBCMT:excptptr.obj
 0001:000198da       ??_Gbad_exception@std@@UAEPAXI@Z 1001a8da f i LIBCMT:excptptr.obj
 0001:00019901       ?_Incref_nz@_Ref_count_base@tr1@std@@QAE_NXZ 1001a901 f i LIBCMT:excptptr.obj
 0001:00019928       ?_Get_deleter@_Ref_count_base@tr1@std@@UBEPAXABVtype_info@@@Z 1001a928 f i LIBCMT:excptptr.obj
 0001:0001992d       ?_CallCopyCtor@__ExceptionPtr@@ABEXPAX0IQBU_s_CatchableType@@@Z 1001a92d f   LIBCMT:excptptr.obj
 0001:000199a5       ??0__ExceptionPtr@@AAE@PBUEHExceptionRecord@@_N@Z 1001a9a5 f   LIBCMT:excptptr.obj
 0001:00019adf       ??1__ExceptionPtr@@QAE@XZ  1001aadf f   LIBCMT:excptptr.obj
 0001:00019b43       ?_RethrowException@__ExceptionPtr@@QBEXXZ 1001ab43 f   LIBCMT:excptptr.obj
 0001:00019c3a       ??0bad_exception@std@@QAE@ABV01@@Z 1001ac3a f i LIBCMT:excptptr.obj
 0001:00019c57       ?_Destroy@?$_Ref_count@V__ExceptionPtr@@@tr1@std@@EAEXXZ 1001ac57 f i LIBCMT:excptptr.obj
 0001:00019c71       ?_Delete_this@?$_Ref_count@V__ExceptionPtr@@@tr1@std@@EAEXXZ 1001ac71 f i LIBCMT:excptptr.obj
 0001:00019c7d       ?_Get_deleter@?$_Ref_count_del_alloc@V__ExceptionPtr@@P6AXPAV1@@ZV?$_DebugMallocator@H@@@tr1@std@@UBEPAXABVtype_info@@@Z 1001ac7d f i LIBCMT:excptptr.obj
 0001:00019ca3       ?_Destroy@?$_Ref_count_del_alloc@V__ExceptionPtr@@P6AXPAV1@@ZV?$_DebugMallocator@H@@@tr1@std@@EAEXXZ 1001aca3 f i LIBCMT:excptptr.obj
 0001:00019cab       ?_Decref@_Ref_count_base@tr1@std@@QAEXXZ 1001acab f i LIBCMT:excptptr.obj
 0001:00019cd8       ?_Reset0@?$_Ptr_base@V__ExceptionPtr@@@tr1@std@@QAEXPAV__ExceptionPtr@@PAV_Ref_count_base@23@@Z 1001acd8 f i LIBCMT:excptptr.obj
 0001:00019cfc       ??_G_Ref_count_base@tr1@std@@UAEPAXI@Z 1001acfc f i LIBCMT:excptptr.obj
 0001:00019cfc       ??_E?$_Ref_count_del_alloc@V__ExceptionPtr@@P6AXPAV1@@ZV?$_DebugMallocator@H@@@tr1@std@@UAEPAXI@Z 1001acfc f i LIBCMT:excptptr.obj
 0001:00019cfc       ??_E?$_Ref_count@V__ExceptionPtr@@@tr1@std@@UAEPAXI@Z 1001acfc f i LIBCMT:excptptr.obj
 0001:00019cfc       ??_G?$_Ref_count_del_alloc@V__ExceptionPtr@@P6AXPAV1@@ZV?$_DebugMallocator@H@@@tr1@std@@UAEPAXI@Z 1001acfc f i LIBCMT:excptptr.obj
 0001:00019cfc       ??_E_Ref_count_base@tr1@std@@UAEPAXI@Z 1001acfc f i LIBCMT:excptptr.obj
 0001:00019cfc       ??_G?$_Ref_count@V__ExceptionPtr@@@tr1@std@@UAEPAXI@Z 1001acfc f i LIBCMT:excptptr.obj
 0001:00019d1e       ?_DeleteExceptionPtr@@YAXQAV__ExceptionPtr@@@Z 1001ad1e f   LIBCMT:excptptr.obj
 0001:00019d31       ?__ExceptionPtrCreate@@YAXPAX@Z 1001ad31 f   LIBCMT:excptptr.obj
 0001:00019d46       ?__ExceptionPtrRethrow@@YAXPBX@Z 1001ad46 f   LIBCMT:excptptr.obj
 0001:00019d56       ??1?$shared_ptr@V__ExceptionPtr@@@tr1@std@@QAE@XZ 1001ad56 f i LIBCMT:excptptr.obj
 0001:00019d63       ??$_Resetp@V__ExceptionPtr@@@?$shared_ptr@V__ExceptionPtr@@@tr1@std@@AAEXPAV__ExceptionPtr@@@Z 1001ad63 f i LIBCMT:excptptr.obj
 0001:00019dce       ??$_Resetp@V__ExceptionPtr@@P6AXPAV1@@ZV?$_DebugMallocator@H@@@?$shared_ptr@V__ExceptionPtr@@@tr1@std@@AAEXPAV__ExceptionPtr@@P6AX0@ZV?$_DebugMallocator@H@@@Z 1001adce f i LIBCMT:excptptr.obj
 0001:00019e4f       ?_Delete_this@?$_Ref_count_del_alloc@V__ExceptionPtr@@P6AXPAV1@@ZV?$_DebugMallocator@H@@@tr1@std@@EAEXXZ 1001ae4f f i LIBCMT:excptptr.obj
 0001:00019e64       ??_G?$shared_ptr@V__ExceptionPtr@@@tr1@std@@QAEPAXI@Z 1001ae64 f i LIBCMT:excptptr.obj
 0001:00019e8c       ?_Assign_rv@?$_Ptr_base@V__ExceptionPtr@@@tr1@std@@QAEX$$QAV123@@Z 1001ae8c f i LIBCMT:excptptr.obj
 0001:00019eb2       ??$reset@V__ExceptionPtr@@@?$shared_ptr@V__ExceptionPtr@@@tr1@std@@QAEXPAV__ExceptionPtr@@@Z 1001aeb2 f i LIBCMT:excptptr.obj
 0001:00019eeb       ??$_Reset@V__ExceptionPtr@@@?$_Ptr_base@V__ExceptionPtr@@@tr1@std@@QAEXABV012@@Z 1001aeeb f i LIBCMT:excptptr.obj
 0001:00019f1c       ?__ExceptionPtrDestroy@@YAXPAX@Z 1001af1c f   LIBCMT:excptptr.obj
 0001:00019f2d       ??$reset@V__ExceptionPtr@@P6AXPAV1@@ZV?$_DebugMallocator@H@@@?$shared_ptr@V__ExceptionPtr@@@tr1@std@@QAEXPAV__ExceptionPtr@@P6AX0@ZV?$_DebugMallocator@H@@@Z 1001af2d f i LIBCMT:excptptr.obj
 0001:00019f6e       ?_BadAllocException@__ExceptionPtr@@SA?AV?$shared_ptr@V__ExceptionPtr@@@tr1@std@@XZ 1001af6e f   LIBCMT:excptptr.obj
 0001:00019f93       ?__ExceptionPtrCopy@@YAXPAXPBX@Z 1001af93 f   LIBCMT:excptptr.obj
 0001:00019fc4       ??4?$shared_ptr@V__ExceptionPtr@@@tr1@std@@QAEAAV012@$$QAV012@@Z 1001afc4 f i LIBCMT:excptptr.obj
 0001:00019fff       ?_CurrentException@__ExceptionPtr@@SA?AV?$shared_ptr@V__ExceptionPtr@@@tr1@std@@XZ 1001afff f   LIBCMT:excptptr.obj
 0001:0001a10c       ?_CopyException@__ExceptionPtr@@SA?AV?$shared_ptr@V__ExceptionPtr@@@tr1@std@@PBXPBU_s_ThrowInfo@@_N@Z 1001b10c f   LIBCMT:excptptr.obj
 0001:0001a260       ?__ExceptionPtrCurrentException@@YAXPAX@Z 1001b260 f   LIBCMT:excptptr.obj
 0001:0001a29e       ?__ExceptionPtrCopyException@@YAXPAXPBX1@Z 1001b29e f   LIBCMT:excptptr.obj
 0001:0001a2e1       ?_InitBadAllocException@__ExceptionPtr@@CA?AV?$shared_ptr@V__ExceptionPtr@@@tr1@std@@XZ 1001b2e1 f   LIBCMT:excptptr.obj
 0001:0001a340       ___RTtypeid                1001b340 f   LIBCMT:rtti.obj
 0001:0001a3bd       ?__ArrayUnwind@@YGXPAXIHP6EX0@Z@Z 1001b3bd f   LIBCMT:ehvecdtr.obj
 0001:0001a41b       ??_M@YGXPAXIHP6EX0@Z@Z     1001b41b f   LIBCMT:ehvecdtr.obj
 0001:0001a47e       ??_L@YGXPAXIHP6EX0@Z1@Z    1001b47e f   LIBCMT:ehvecctr.obj
 0001:0001a4e3       ??_V@YAXPAX@Z              1001b4e3 f   LIBCMT:delete2.obj
 0001:0001a4f0       _memmove                   1001b4f0 f   LIBCMT:memmove.obj
 0001:0001a907       ___onexitinit              1001b907 f   LIBCMT:onexit.obj
 0001:0001a938       __onexit                   1001b938 f   LIBCMT:onexit.obj
[...]
 0001:0002baa8       __ehhandler$??1?$padded@U?$queue_and_mutex@PAVtask@tbb@@Vspin_mutex@2@@internal@tbb@@$0IA@@internal@tbb@@QAE@XZ 1002caa8 f    CIL library: CIL module
 0001:0002bad0       __unwindfunclet$?_Copy_exception@_Exception_ptr@std@@SA?AV12@PAXPBX@Z$0 1002cad0 f    CIL library: CIL module
 0001:0002bad8       __ehhandler$?_Copy_exception@_Exception_ptr@std@@SA?AV12@PAXPBX@Z 1002cad8 f    CIL library: CIL module
 0001:0002bb00       __unwindfunclet$?_Current_exception@_Exception_ptr@std@@SA?AV12@XZ$0 1002cb00 f    CIL library: CIL module
 0001:0002bb19       __ehhandler$?_Current_exception@_Exception_ptr@std@@SA?AV12@XZ 1002cb19 f    CIL library: CIL module
 0001:0002bb40       __unwindfunclet$?execute@delegated_task@internal@interface7@tbb@@EAEPAVtask@4@XZ$0 1002cb40 f    CIL library: CIL module
 0001:0002bb48       __ehhandler$?execute@delegated_task@internal@interface7@tbb@@EAEPAVtask@4@XZ 1002cb48 f    CIL library: CIL module
 0001:0002bb70       __unwindfunclet$?throw_self@tbb_exception_ptr@internal@tbb@@QAEXXZ$1 1002cb70 f    CIL library: CIL module
 0001:0002bb78       __ehhandler$?throw_self@tbb_exception_ptr@internal@tbb@@QAEXXZ 1002cb78 f    CIL library: CIL module
 0001:0002bba0       __unwindfunclet$??$copy_exception@Vcaptured_exception@tbb@@@std@@YA?AV_Exception_ptr@0@Vcaptured_exception@tbb@@@Z$0 1002cba0 f    CIL library: CIL module
 0001:0002bba8       __ehhandler$??$copy_exception@Vcaptured_exception@tbb@@@std@@YA?AV_Exception_ptr@0@Vcaptured_exception@tbb@@@Z 1002cba8 f    CIL library: CIL module
 0001:0002bbd0       __unwindfunclet$??_Gstage_task@internal@tbb@@UAEPAXI@Z$0 1002cbd0 f    CIL library: CIL module
 0001:0002bbd8       __ehhandler$??_Gstage_task@internal@tbb@@UAEPAXI@Z 1002cbd8 f    CIL library: CIL module
 0001:0002bc00       __unwindfunclet$?winnow_task_pool@generic_scheduler@internal@tbb@@QAEPAVtask@3@XZ$0 1002cc00 f    CIL library: CIL module
 0001:0002bc08       __ehhandler$?winnow_task_pool@generic_scheduler@internal@tbb@@QAEPAVtask@3@XZ 1002cc08 f    CIL library: CIL module
 0001:0002bc30       __unwindfunclet$?push@micro_queue@internal@tbb@@QAEXPBXIAAVconcurrent_queue_base@23@@Z$0 1002cc30 f    CIL library: CIL module
 0001:0002bc38       __ehhandler$?push@micro_queue@internal@tbb@@QAEXPBXIAAVconcurrent_queue_base@23@@Z 1002cc38 f    CIL library: CIL module
 0001:0002bc60       __unwindfunclet$?internal_destroy@global_control@interface9@tbb@@AAEXXZ$0 1002cc60 f    CIL library: CIL module
 0001:0002bc68       __ehhandler$?internal_destroy@global_control@interface9@tbb@@AAEXXZ 1002cc68 f    CIL library: CIL module
 0001:0002bc90       __unwindfunclet$?push@?$task_stream@$02@internal@tbb@@QAEXPAVtask@3@HAAVFastRandom@23@@Z$0 1002cc90 f    CIL library: CIL module
 0001:0002bc90       __unwindfunclet$?internal_create@global_control@interface9@tbb@@AAEXXZ$0 1002cc90 f    CIL library: CIL module
 0001:0002bc98       __ehhandler$?internal_create@global_control@interface9@tbb@@AAEXXZ 1002cc98 f    CIL library: CIL module
 0001:0002bc98       __ehhandler$?push@?$task_stream@$02@internal@tbb@@QAEXPAVtask@3@HAAVFastRandom@23@@Z 1002cc98 f    CIL library: CIL module
 0001:0002bcc0       __unwindfunclet$??0generic_scheduler@internal@tbb@@IAE@AAVmarket@12@@Z$0 1002ccc0 f    CIL library: CIL module
 0001:0002bcc8       __ehhandler$??0generic_scheduler@internal@tbb@@IAE@AAVmarket@12@@Z 1002ccc8 f    CIL library: CIL module
 0001:0002bcf0       __unwindfunclet$?initialize@?$task_stream@$02@internal@tbb@@QAEXI@Z$0 1002ccf0 f    CIL library: CIL module
 0001:0002bcfb       __ehhandler$?initialize@?$task_stream@$02@internal@tbb@@QAEXI@Z 1002ccfb f    CIL library: CIL module
 0001:0002bd20       __unwindfunclet$?allocate@tbb_exception_ptr@internal@tbb@@SAPAV123@ABVtbb_exception@3@@Z$0 1002cd20 f    CIL library: CIL module
 0001:0002bd20       __unwindfunclet$?allocate@tbb_exception_ptr@internal@tbb@@SAPAV123@XZ$0 1002cd20 f    CIL library: CIL module
 0001:0002bd28       __unwindfunclet$?allocate@tbb_exception_ptr@internal@tbb@@SAPAV123@ABVtbb_exception@3@@Z$1 1002cd28 f    CIL library: CIL module
 0001:0002bd28       __unwindfunclet$?allocate@tbb_exception_ptr@internal@tbb@@SAPAV123@XZ$1 1002cd28 f    CIL library: CIL module
 0001:0002bd39       __ehhandler$?allocate@tbb_exception_ptr@internal@tbb@@SAPAV123@XZ 1002cd39 f    CIL library: CIL module
 0001:0002bd39       __ehhandler$?allocate@tbb_exception_ptr@internal@tbb@@SAPAV123@ABVtbb_exception@3@@Z 1002cd39 f    CIL library: CIL module
 0001:0002bd60       __unwindfunclet$?lock_read@reader_writer_lock@interface5@tbb@@QAEXXZ$0 1002cd60 f    CIL library: CIL module
 0001:0002bd68       __ehhandler$?lock_read@reader_writer_lock@interface5@tbb@@QAEXXZ 1002cd68 f    CIL library: CIL module
 0001:0002bd90       __unwindfunclet$?return_item@input_buffer@internal@tbb@@QAE_NAAUtask_info@23@_N@Z$0 1002cd90 f    CIL library: CIL module
 0001:0002bd98       __ehhandler$?return_item@input_buffer@internal@tbb@@QAE_NAAUtask_info@23@_N@Z 1002cd98 f    CIL library: CIL module
 0001:0002bdc0       __unwindfunclet$?put_token@input_buffer@internal@tbb@@QAE_NAAUtask_info@23@_N@Z$0 1002cdc0 f    CIL library: CIL module
 0001:0002bdc8       __ehhandler$?put_token@input_buffer@internal@tbb@@QAE_NAAUtask_info@23@_N@Z 1002cdc8 f    CIL library: CIL module
 0001:0002bdf0       __unwindfunclet$?internal_compact@concurrent_vector_base_v3@internal@tbb@@IAEPAXIPAXP6AX0I@ZP6AX0PBXI@Z@Z$2 1002cdf0 f    CIL library: CIL module
 0001:0002bdf8       __ehhandler$?internal_compact@concurrent_vector_base_v3@internal@tbb@@IAEPAXIPAXP6AX0I@ZP6AX0PBXI@Z@Z 1002cdf8 f    CIL library: CIL module
 0001:0002be20       __unwindfunclet$?internal_clear@concurrent_vector_base_v3@internal@tbb@@IAEIP6AXPAXI@Z@Z$0 1002ce20 f    CIL library: CIL module
 0001:0002be28       __ehhandler$?internal_clear@concurrent_vector_base_v3@internal@tbb@@IAEIP6AXPAXI@Z@Z 1002ce28 f    CIL library: CIL module
 0001:0002be50       __unwindfunclet$?enable_segment@helper@concurrent_vector_base_v3@internal@tbb@@SAIAAV234@II_N@Z$0 1002ce50 f    CIL library: CIL module
 0001:0002be58       __ehhandler$?enable_segment@helper@concurrent_vector_base_v3@internal@tbb@@SAIAAV234@II_N@Z 1002ce58 f    CIL library: CIL module
 0001:0002be80       __ehhandler$?assign@micro_queue@internal@tbb@@QAEAAU123@ABU123@AAVconcurrent_queue_base_v3@23@W4copy_specifics@423@@Z 1002ce80 f    CIL library: CIL module
 0001:0002bea0       __ehhandler$?push@micro_queue@internal@tbb@@QAEXPBXIAAVconcurrent_queue_base_v3@23@W4copy_specifics@423@@Z 1002cea0 f    CIL library: CIL module
 0001:0002bec0       __unwindfunclet$?pop@micro_queue@internal@tbb@@QAE_NPAXIAAVconcurrent_queue_base@23@@Z$0 1002cec0 f    CIL library: CIL module
 0001:0002bec8       __ehhandler$?pop@micro_queue@internal@tbb@@QAE_NPAXIAAVconcurrent_queue_base@23@@Z 1002cec8 f    CIL library: CIL module
 0001:0002bef0       __unwindfunclet$?do_notify_entry_observers@observer_list@internal@tbb@@AAEXAAPAVobserver_proxy@23@_N@Z$0 1002cef0 f    CIL library: CIL module
 0001:0002bef0       __unwindfunclet$?do_notify_exit_observers@observer_list@internal@tbb@@AAEXPAVobserver_proxy@23@_N@Z$0 1002cef0 f    CIL library: CIL module
 0001:0002bef8       __ehhandler$?do_notify_entry_observers@observer_list@internal@tbb@@AAEXAAPAVobserver_proxy@23@_N@Z 1002cef8 f    CIL library: CIL module
 0001:0002bef8       __ehhandler$?do_notify_exit_observers@observer_list@internal@tbb@@AAEXPAVobserver_proxy@23@_N@Z 1002cef8 f    CIL library: CIL module
 0001:0002bf20       __unwindfunclet$?allocate_scheduler@?$custom_scheduler@UDefaultSchedulerTraits@internal@tbb@@@internal@tbb@@SAPAVgeneric_scheduler@23@AAVmarket@23@@Z$0 1002cf20 f    CIL library: CIL module
 0001:0002bf20       __unwindfunclet$?allocate_scheduler@?$custom_scheduler@UIntelSchedulerTraits@internal@tbb@@@internal@tbb@@SAPAVgeneric_scheduler@23@AAVmarket@23@@Z$0 1002cf20 f    CIL library: CIL module
 0001:0002bf20       __unwindfunclet$?allocate@captured_exception@tbb@@SAPAV12@PBD0@Z$0 1002cf20 f    CIL library: CIL module
 0001:0002bf31       __ehhandler$?allocate_scheduler@?$custom_scheduler@UIntelSchedulerTraits@internal@tbb@@@internal@tbb@@SAPAVgeneric_scheduler@23@AAVmarket@23@@Z 1002cf31 f    CIL library: CIL module
 0001:0002bf31       __ehhandler$?allocate_scheduler@?$custom_scheduler@UDefaultSchedulerTraits@internal@tbb@@@internal@tbb@@SAPAVgeneric_scheduler@23@AAVmarket@23@@Z 1002cf31 f    CIL library: CIL module
 0001:0002bf31       __ehhandler$?allocate@captured_exception@tbb@@SAPAV12@PBD0@Z 1002cf31 f    CIL library: CIL module
 0001:0002bf50       __unwindfunclet$??0private_server@rml@internal@tbb@@QAE@AAVtbb_client@123@@Z$0 1002cf50 f    CIL library: CIL module
 0001:0002bf6a       __unwindfunclet$??0private_server@rml@internal@tbb@@QAE@AAVtbb_client@123@@Z$57 1002cf6a f    CIL library: CIL module
 0001:0002bf75       __ehhandler$??0private_server@rml@internal@tbb@@QAE@AAVtbb_client@123@@Z 1002cf75 f    CIL library: CIL module
 0001:0002bf90       __unwindfunclet$?add_filter@pipeline@tbb@@QAEXAAVfilter@2@@Z$0 1002cf90 f    CIL library: CIL module
 0001:0002bf9b       __unwindfunclet$?add_filter@pipeline@tbb@@QAEXAAVfilter@2@@Z$1 1002cf9b f    CIL library: CIL module
 0001:0002bfa6       __unwindfunclet$?add_filter@pipeline@tbb@@QAEXAAVfilter@2@@Z$2 1002cfa6 f    CIL library: CIL module
 0001:0002bfb1       __unwindfunclet$?add_filter@pipeline@tbb@@QAEXAAVfilter@2@@Z$3 1002cfb1 f    CIL library: CIL module
 0001:0002bfbc       __ehhandler$?add_filter@pipeline@tbb@@QAEXAAVfilter@2@@Z 1002cfbc f    CIL library: CIL module
 0001:0002bfe0       __unwindfunclet$?internal_grow@concurrent_vector_base_v3@internal@tbb@@IAEXIIIP6AXPAXPBXI@Z1@Z$0 1002cfe0 f    CIL library: CIL module
 0001:0002bfe8       __ehhandler$?internal_grow@concurrent_vector_base_v3@internal@tbb@@IAEXIIIP6AXPAXPBXI@Z1@Z 1002cfe8 f    CIL library: CIL module
 0001:0002c010       __unwindfunclet$?pop@micro_queue@internal@tbb@@QAE_NPAXIAAVconcurrent_queue_base_v3@23@@Z$0 1002d010 f    CIL library: CIL module
 0001:0002c018       __ehhandler$?pop@micro_queue@internal@tbb@@QAE_NPAXIAAVconcurrent_queue_base_v3@23@@Z 1002d018 f    CIL library: CIL module
 0001:0002c040       __unwindfunclet$?reload_tasks@generic_scheduler@internal@tbb@@QAEPAVtask@3@AAPAV43@AAPAPAV43@H@Z$0 1002d040 f    CIL library: CIL module
 0001:0002c04a       __ehhandler$?reload_tasks@generic_scheduler@internal@tbb@@QAEPAVtask@3@AAPAV43@AAPAPAV43@H@Z 1002d04a f    CIL library: CIL module
 0001:0002c070       __unwindfunclet$?local_spawn@generic_scheduler@internal@tbb@@QAEXAAVtask@3@AAPAV43@@Z$0 1002d070 f    CIL library: CIL module
 0001:0002c07a       __ehhandler$?local_spawn@generic_scheduler@internal@tbb@@QAEXAAVtask@3@AAPAV43@@Z 1002d07a f    CIL library: CIL module
 0001:0002c0a0       __unwindfunclet$??0arena@internal@tbb@@QAE@AAVmarket@12@I@Z$0 1002d0a0 f    CIL library: CIL module
 0001:0002c0a8       __ehhandler$??0arena@internal@tbb@@QAE@AAVmarket@12@I@Z 1002d0a8 f    CIL library: CIL module
 0001:0002c0d0       __unwindfunclet$?internal_resize@concurrent_vector_base_v3@internal@tbb@@IAEXIIIPBXP6AXPAXI@ZP6AX10I@Z@Z$0 1002d0d0 f    CIL library: CIL module
 0001:0002c0d8       __unwindfunclet$?internal_resize@concurrent_vector_base_v3@internal@tbb@@IAEXIIIPBXP6AXPAXI@ZP6AX10I@Z@Z$1 1002d0d8 f    CIL library: CIL module
 0001:0002c0e0       __ehhandler$?internal_resize@concurrent_vector_base_v3@internal@tbb@@IAEXIIIPBXP6AXPAXI@ZP6AX10I@Z@Z 1002d0e0 f    CIL library: CIL module
 0001:0002c100       __unwindfunclet$?internal_pop@concurrent_queue_base_v3@internal@tbb@@IAEXPAX@Z$3 1002d100 f    CIL library: CIL module
 0001:0002c108       __ehhandler$?internal_pop@concurrent_queue_base_v3@internal@tbb@@IAEXPAX@Z 1002d108 f    CIL library: CIL module
 0001:0002c130       __unwindfunclet$?internal_insert_item@concurrent_queue_base_v3@internal@tbb@@IAEXPBXW4copy_specifics@123@@Z$3 1002d130 f    CIL library: CIL module
 0001:0002c138       __ehhandler$?internal_insert_item@concurrent_queue_base_v3@internal@tbb@@IAEXPBXW4copy_specifics@123@@Z 1002d138 f    CIL library: CIL module
 0001:0002c160       __unwindfunclet$?local_spawn_root_and_wait@generic_scheduler@internal@tbb@@QAEXAAVtask@3@AAPAV43@@Z$0 1002d160 f    CIL library: CIL module
 0001:0002c168       __ehhandler$?local_spawn_root_and_wait@generic_scheduler@internal@tbb@@QAEXAAVtask@3@AAPAV43@@Z 1002d168 f    CIL library: CIL module
 0001:0002c190       __ehhandler$?free_arena@arena@internal@tbb@@QAEXXZ 1002d190 f    CIL library: CIL module
 0001:0002c190       __ehhandler$??1?$task_stream@$02@internal@tbb@@QAE@XZ 1002d190 f    CIL library: CIL module
 0001:0002c1b0       __unwindfunclet$?allocate_arena@arena@internal@tbb@@SAAAV123@AAVmarket@23@I@Z$0 1002d1b0 f    CIL library: CIL module
 0001:0002c1c1       __ehhandler$?allocate_arena@arena@internal@tbb@@SAAAV123@AAVmarket@23@I@Z 1002d1c1 f    CIL library: CIL module
 0001:0002c1e0       __unwindfunclet$?try_destroy_arena@market@internal@tbb@@QAEXPAVarena@23@I@Z$0 1002d1e0 f    CIL library: CIL module
 0001:0002c1e8       __ehhandler$?try_destroy_arena@market@internal@tbb@@QAEXPAVarena@23@I@Z 1002d1e8 f    CIL library: CIL module
 0001:0002c210       __unwindfunclet$?create_rml_server@governor@internal@tbb@@CAPAVtbb_server@rml@23@AAVtbb_client@523@@Z$0 1002d210 f    CIL library: CIL module
 0001:0002c221       __ehhandler$?create_rml_server@governor@internal@tbb@@CAPAVtbb_server@rml@23@AAVtbb_client@523@@Z 1002d221 f    CIL library: CIL module
 0001:0002c240       __unwindfunclet$??$AllocateExceptionContainer@Vcaptured_exception@tbb@@@internal@tbb@@YAPAVtbb_exception_ptr@01@ABVcaptured_exception@1@@Z$0 1002d240 f    CIL library: CIL module
 0001:0002c251       __ehhandler$??$AllocateExceptionContainer@Vcaptured_exception@tbb@@@internal@tbb@@YAPAVtbb_exception_ptr@01@ABVcaptured_exception@1@@Z 1002d251 f    CIL library: CIL module
 0001:0002c270       __unwindfunclet$?cleanup_master@generic_scheduler@internal@tbb@@QAEXXZ$0 1002d270 f    CIL library: CIL module
 0001:0002c278       __ehhandler$?cleanup_master@generic_scheduler@internal@tbb@@QAEXXZ 1002d278 f    CIL library: CIL module
 0001:0002c2a0       __unwindfunclet$?global_market@market@internal@tbb@@CAAAV123@II_N0@Z$0 1002d2a0 f    CIL library: CIL module
 0001:0002c2a8       __unwindfunclet$?global_market@market@internal@tbb@@CAAAV123@II_N0@Z$1 1002d2a8 f    CIL library: CIL module
 0001:0002c2b9       __ehhandler$?global_market@market@internal@tbb@@CAAAV123@II_N0@Z 1002d2b9 f    CIL library: CIL module
 0001:0002c2e0       __unwindfunclet$?create_master@generic_scheduler@internal@tbb@@SAPAV123@PAVarena@23@@Z$2 1002d2e0 f    CIL library: CIL module
 0001:0002c2e8       __unwindfunclet$?create_master@generic_scheduler@internal@tbb@@SAPAV123@PAVarena@23@@Z$3 1002d2e8 f    CIL library: CIL module
 0001:0002c2f9       __unwindfunclet$?create_master@generic_scheduler@internal@tbb@@SAPAV123@PAVarena@23@@Z$1 1002d2f9 f    CIL library: CIL module
 0001:0002c301       __ehhandler$?create_master@generic_scheduler@internal@tbb@@SAPAV123@PAVarena@23@@Z 1002d301 f    CIL library: CIL module
 0001:0002c320       __unwindfunclet$?internal_initialize@task_arena_base@internal@interface7@tbb@@IAEXXZ$1 1002d320 f    CIL library: CIL module
 0001:0002c328       __unwindfunclet$?internal_initialize@task_arena_base@internal@interface7@tbb@@IAEXXZ$2 1002d328 f    CIL library: CIL module
 0001:0002c339       __ehhandler$?internal_initialize@task_arena_base@internal@interface7@tbb@@IAEXXZ 1002d339 f    CIL library: CIL module
 0001:0002c360       __unwindfunclet$?local_wait_for_all@?$custom_scheduler@UIntelSchedulerTraits@internal@tbb@@@internal@tbb@@EAEXAAVtask@3@PAV43@@Z$7 1002d360 f    CIL library: CIL module
 0001:0002c368       __ehhandler$?local_wait_for_all@?$custom_scheduler@UIntelSchedulerTraits@internal@tbb@@@internal@tbb@@EAEXAAVtask@3@PAV43@@Z 1002d368 f    CIL library: CIL module
 0001:0002c390       __unwindfunclet$?local_wait_for_all@?$custom_scheduler@UDefaultSchedulerTraits@internal@tbb@@@internal@tbb@@EAEXAAVtask@3@PAV43@@Z$7 1002d390 f    CIL library: CIL module
 0001:0002c398       __ehhandler$?local_wait_for_all@?$custom_scheduler@UDefaultSchedulerTraits@internal@tbb@@@internal@tbb@@EAEXAAVtask@3@PAV43@@Z 1002d398 f    CIL library: CIL module
 0001:0002c3c0       __unwindfunclet$?internal_wait@task_arena_base@internal@interface7@tbb@@IBEXXZ$0 1002d3c0 f    CIL library: CIL module
 0001:0002c3ca       __unwindfunclet$?internal_wait@task_arena_base@internal@interface7@tbb@@IBEXXZ$1 1002d3ca f    CIL library: CIL module
 0001:0002c3d2       __ehhandler$?internal_wait@task_arena_base@internal@interface7@tbb@@IBEXXZ 1002d3d2 f    CIL library: CIL module
 0001:0002c3f0       __ehhandler$?register_pending_exception@task_group_context@tbb@@QAEXXZ 1002d3f0 f    CIL library: CIL module
 0001:0002c410       __unwindfunclet$?run@pipeline@tbb@@QAEXIAAVtask_group_context@2@@Z$0 1002d410 f    CIL library: CIL module
 0001:0002c418       __ehhandler$?run@pipeline@tbb@@QAEXIAAVtask_group_context@2@@Z 1002d418 f    CIL library: CIL module
 0001:0002c440       __unwindfunclet$?internal_execute@task_arena_base@internal@interface7@tbb@@IBEXAAVdelegate_base@234@@Z$5 1002d440 f    CIL library: CIL module
 0001:0002c448       __unwindfunclet$?internal_execute@task_arena_base@internal@interface7@tbb@@IBEXAAVdelegate_base@234@@Z$6 1002d448 f    CIL library: CIL module
 0001:0002c453       __unwindfunclet$?internal_execute@task_arena_base@internal@interface7@tbb@@IBEXAAVdelegate_base@234@@Z$7 1002d453 f    CIL library: CIL module
 0001:0002c45e       __unwindfunclet$?internal_execute@task_arena_base@internal@interface7@tbb@@IBEXAAVdelegate_base@234@@Z$9 1002d45e f    CIL library: CIL module
 0001:0002c46b       __unwindfunclet$?internal_execute@task_arena_base@internal@interface7@tbb@@IBEXAAVdelegate_base@234@@Z$11 1002d46b f    CIL library: CIL module
 0001:0002c476       __unwindfunclet$?internal_execute@task_arena_base@internal@interface7@tbb@@IBEXAAVdelegate_base@234@@Z$2 1002d476 f    CIL library: CIL module
 0001:0002c481       __unwindfunclet$?internal_execute@task_arena_base@internal@interface7@tbb@@IBEXAAVdelegate_base@234@@Z$3 1002d481 f    CIL library: CIL module
 0001:0002c48e       __unwindfunclet$?internal_execute@task_arena_base@internal@interface7@tbb@@IBEXAAVdelegate_base@234@@Z$4 1002d48e f    CIL library: CIL module
 0001:0002c499       __ehhandler$?internal_execute@task_arena_base@internal@interface7@tbb@@IBEXAAVdelegate_base@234@@Z 1002d499 f    CIL library: CIL module
 0001:0002c4d0       __unwindfunclet$??$note_done@Vstage_task@internal@tbb@@@input_buffer@internal@tbb@@QAEXKAAVstage_task@12@@Z$0 1002d4d0 f    CIL library: CIL module
 0001:0002c4d8       __ehhandler$??$note_done@Vstage_task@internal@tbb@@@input_buffer@internal@tbb@@QAEXKAAVstage_task@12@@Z 1002d4d8 f    CIL library: CIL module
 0001:0002c500       __unwindfunclet$?run@pipeline@tbb@@QAEXI@Z$0 1002d500 f    CIL library: CIL module
 0001:0002c50b       __ehhandler$?run@pipeline@tbb@@QAEXI@Z 1002d50b f    CIL library: CIL module
 0001:0002c540       ??__Estatic_init_dl_data@internal@tbb@@YAXXZ 1002d540 f    CIL library: CIL module
 0001:0002c570       ??__Ethe_dummy_context@internal@tbb@@YAXXZ 1002d570 f    CIL library: CIL module
 0001:0002c57c       ??__E?m_badAllocExceptionPtr@__ExceptionPtr@@0V?$shared_ptr@V__ExceptionPtr@@@tr1@std@@A@@YAXXZ 1002d57c f   LIBCMT:excptptr.obj
 0001:0002c5a0       ??__Fthe_dummy_context@internal@tbb@@YAXXZ 1002d5a0 f    CIL library: CIL module
 0001:0002c5aa       ??__Fnomem@?5???2@YAPAXI@Z@YAXXZ 1002d5aa f   LIBCMT:new.obj
 0001:0002c5be       ??__F?m_badAllocExceptionPtr@__ExceptionPtr@@0V?$shared_ptr@V__ExceptionPtr@@@tr1@std@@A@@YAXXZ 1002d5be f   LIBCMT:excptptr.obj
