 tbbmalloc

 Timestamp is 6994b89c (Wed Feb 18 02:51:08 2026)

 Preferred load address is 10000000

 Start         Length     Name                   Class
 0001:00000000 00015cdaH .text                   CODE
 0002:00000000 00000130H .idata$5                DATA
 0002:00000130 00000004H .CRT$XCA                DATA
 0002:00000134 00000004H .CRT$XCZ                DATA
 0002:00000138 00000004H .CRT$XIA                DATA
 0002:0000013c 00000010H .CRT$XIC                DATA
 0002:0000014c 00000004H .CRT$XIZ                DATA
 0002:00000150 00000004H .CRT$XPA                DATA
 0002:00000154 00000004H .CRT$XPX                DATA
 0002:00000158 00000004H .CRT$XPXA               DATA
 0002:0000015c 00000004H .CRT$XPZ                DATA
 0002:00000160 00000004H .CRT$XTA                DATA
 0002:00000164 00000004H .CRT$XTZ                DATA
 0002:00000170 00002b68H .rdata                  DATA
 0002:00002cd8 0000005dH .rdata$debug            DATA
 0002:00002d40 0000000cH .rdata$sxdata           DATA
 0002:00002d4c 00000004H .rtc$IAA                DATA
 0002:00002d50 00000004H .rtc$IZZ                DATA
 0002:00002d54 00000004H .rtc$TAA                DATA
 0002:00002d58 00000004H .rtc$TZZ                DATA
 0002:00002d60 00000374H .xdata$x                DATA
 0002:000030d4 00000014H .idata$2                DATA
 0002:000030e8 00000014H .idata$3                DATA
 0002:000030fc 00000130H .idata$4                DATA
 0002:0000322c 0000056eH .idata$6                DATA
 0002:000037a0 000004a8H .edata                  DATA
 0003:00000000 00002138H .data                   DATA
 0003:00002140 00013aa4H .bss                    DATA
 0004:00000000 00000058H .rsrc$01                DATA
 0004:00000060 000003c0H .rsrc$02                DATA

  Address         Publics by Value              Rva+Base       Lib:Object

 0000:00000000       __except_list              00000000     <absolute>
 0000:00000003       ___safe_se_handler_count   00000003     <absolute>
 0000:00000000       ___ImageBase               10000000     <linker-defined>
 0001:00000000       ?__TBB_LockByte@@YAEAAE@Z  10001000 f i backend.obj
 0001:00000050       ?SpinWaitWhileEq@@YAXADHH@Z 10001050 f i backend.obj
 0001:00000090       ?wait@MemExtendingSema@internal@rml@@QAE_NXZ 10001090 f i backend.obj
 0001:000000d0       ?printStatus@HugePagesStatus@internal@rml@@QAEXXZ 100010d0 f   backend.obj
 0001:000001a0       ?doPrintStatus@HugePagesStatus@internal@rml@@CAX_NPBD@Z 100011a0 f   backend.obj
 0001:00000200       ?allocRawMem@Backend@internal@rml@@ABEPAXAAI@Z 10001200 f   backend.obj
 0001:00000350       ?freeRawMem@Backend@internal@rml@@ABE_NPAXI@Z 10001350 f   backend.obj
 0001:000003d0       ?trySetMeUsed@FreeBlock@internal@rml@@QAEIW4State@GuardedSize@23@@Z 100013d0 f i backend.obj
 0001:00000400       ?trySetLeftUsed@FreeBlock@internal@rml@@QAEIW4State@GuardedSize@23@@Z 10001400 f i backend.obj
 0001:00000430       ?tryLockBlock@FreeBlock@internal@rml@@QAEIXZ 10001430 f i backend.obj
 0001:000004b0       ?waitTillBlockReleased@BackendSync@internal@rml@@QAE_NH@Z 100014b0 f i backend.obj
 0001:00000590       ?putBlock@CoalRequestQ@internal@rml@@QAEXPAVFreeBlock@23@@Z 10001590 f   backend.obj
 0001:000005d0       ?getFromBin@IndexedBins@Backend@internal@rml@@AAEPAVFreeBlock@34@HPAVBackendSync@34@I_N11PAH@Z 100015d0 f   backend.obj
 0001:00000820       ?tryReleaseRegions@IndexedBins@Backend@internal@rml@@QAE_NHPAV234@@Z 10001820 f   backend.obj
 0001:00000970       ?addBlock@IndexedBins@Backend@internal@rml@@QAEXHPAVFreeBlock@34@I_N@Z 10001970 f   backend.obj
 0001:00000a30       ?tryAddBlock@IndexedBins@Backend@internal@rml@@QAE_NHPAVFreeBlock@34@_N@Z 10001a30 f   backend.obj
 0001:00000b10       ?reset@IndexedBins@Backend@internal@rml@@QAEXXZ 10001b10 f   backend.obj
 0001:00000b60       ?lockRemoveBlock@IndexedBins@Backend@internal@rml@@QAEXHPAVFreeBlock@34@@Z 10001b60 f   backend.obj
 0001:00000c00       ?splitUnalignedBlock@Backend@internal@rml@@AAEPAVFreeBlock@23@PAV423@HI_N@Z 10001c00 f   backend.obj
 0001:00000cb0       ?splitAlignedBlock@Backend@internal@rml@@AAEPAVFreeBlock@23@PAV423@HI_N@Z 10001cb0 f   backend.obj
 0001:00000d20       ?releaseMemInCaches@Backend@internal@rml@@AAEPAVFreeBlock@23@HPAHH@Z 10001d20 f   backend.obj
 0001:00000d70       ?askMemFromOS@Backend@internal@rml@@AAEPAVFreeBlock@23@IHPAHHPA_N@Z 10001d70 f   backend.obj
 0001:00000fe0       ?releaseCachesToLimit@Backend@internal@rml@@AAEXXZ 10001fe0 f   backend.obj
 0001:00001180       ?findBlock@IndexedBins@Backend@internal@rml@@QAEPAVFreeBlock@34@HPAVBackendSync@34@I_N1PAH@Z 10002180 f   backend.obj
 0001:00001250       ?requestBootstrapMem@Backend@internal@rml@@AAEXXZ 10002250 f   backend.obj
 0001:00001350       ?genericGetBlock@Backend@internal@rml@@AAEPAVFreeBlock@23@HI_N@Z 10002350 f   backend.obj
 0001:00001630       ?removeBlockFromBin@Backend@internal@rml@@AAEXPAVFreeBlock@23@@Z 10002630 f   backend.obj
 0001:00001660       ?putLargeBlock@Backend@internal@rml@@AAEXPAULargeMemoryBlock@23@@Z 10002660 f   backend.obj
 0001:000016e0       ?returnLargeObject@Backend@internal@rml@@QAEXPAULargeMemoryBlock@23@@Z 100026e0 f   backend.obj
 0001:00001770       ?releaseRegion@Backend@internal@rml@@AAEXPAUMemRegion@23@@Z 10002770 f   backend.obj
 0001:000017b0       ?doCoalesc@Backend@internal@rml@@AAEPAVFreeBlock@23@PAV423@PAPAUMemRegion@23@@Z 100027b0 f   backend.obj
 0001:00001990       ?coalescAndPutList@Backend@internal@rml@@AAE_NPAVFreeBlock@23@_N1@Z 10002990 f   backend.obj
 0001:00001b90       ?scanCoalescQ@Backend@internal@rml@@QAE_N_N@Z 10002b90 f   backend.obj
 0001:00001be0       ?startUseBlock@Backend@internal@rml@@AAEXPAUMemRegion@23@PAVFreeBlock@23@_N@Z 10002be0 f   backend.obj
 0001:00001cf0       ?addNewRegion@Backend@internal@rml@@AAEPAVFreeBlock@23@IW4MemRegionType@23@_N@Z 10002cf0 f   backend.obj
 0001:00001de0       ?reset@Backend@internal@rml@@QAEXXZ 10002de0 f   backend.obj
 0001:00001e90       ?destroy@Backend@internal@rml@@QAE_NXZ 10002e90 f   backend.obj
 0001:00001f60       ?clean@Backend@internal@rml@@QAE_NXZ 10002f60 f   backend.obj
 0001:00002160       ?getMinTrue@?$BitMaskBasic@$0CAA@@internal@rml@@IBEHI@Z 10003160 f i backend.obj
 0001:000021d0       ??$AtomicUpdate@IVMaxRequestComparator@Backend@internal@rml@@@internal@rml@@YAXAAIIABVMaxRequestComparator@Backend@01@@Z 100031d0 f i backend.obj
 0001:00002220       ?doCleanup@LargeObjectCache@internal@rml@@QAE_NI_N@Z 10003220 f   large_objects.obj
 0001:000022b0       ?regularCleanup@LargeObjectCache@internal@rml@@QAE_NXZ 100032b0 f   large_objects.obj
 0001:00002340       ?rollbackCacheState@LargeObjectCache@internal@rml@@QAEXI@Z 10003340 f   large_objects.obj
 0001:000023f0       ?putList@LargeObjectCache@internal@rml@@QAEXPAULargeMemoryBlock@23@@Z 100033f0 f   large_objects.obj
 0001:000026b0       ?mallocLargeObject@ExtMemoryPool@internal@rml@@QAEPAULargeMemoryBlock@23@PAVMemoryPool@23@I@Z 100036b0 f   large_objects.obj
 0001:000027a0       ?hardCachesCleanup@ExtMemoryPool@internal@rml@@QAE_NXZ 100037a0 f   large_objects.obj
 0001:00002830       ?putList@?$LargeObjectCacheImpl@U?$LargeObjectCacheProps@$0IAAAAA@$0IBAAAAA@$0IAAAA@$00$00$03@internal@rml@@@internal@rml@@QAEXPAUExtMemoryPool@23@PAULargeMemoryBlock@23@@Z 10003830 f i large_objects.obj
 0001:000028a0       ?get@?$LargeObjectCacheImpl@U?$LargeObjectCacheProps@$0IAAAAA@$0IBAAAAA@$0IAAAA@$00$00$03@internal@rml@@@internal@rml@@QAEPAULargeMemoryBlock@23@PAUExtMemoryPool@23@I@Z 100038a0 f i large_objects.obj
 0001:00002910       ?regularCleanup@?$LargeObjectCacheImpl@U?$LargeObjectCacheProps@$0IAAAAA@$0IBAAAAA@$0IAAAA@$00$00$03@internal@rml@@@internal@rml@@QAE_NPAUExtMemoryPool@23@I_N@Z 10003910 f i large_objects.obj
 0001:00002a70       ?cleanAll@?$LargeObjectCacheImpl@U?$LargeObjectCacheProps@$0IAAAAA@$0IBAAAAA@$0IAAAA@$00$00$03@internal@rml@@@internal@rml@@QAE_NPAUExtMemoryPool@23@@Z 10003a70 f i large_objects.obj
 0001:00002ce0       ?putList@?$LargeObjectCacheImpl@U?$LargeObjectCacheProps@$0CAAA@$0IAAAAA@$0CAAA@$01$01$0BA@@internal@rml@@@internal@rml@@QAEXPAUExtMemoryPool@23@PAULargeMemoryBlock@23@@Z 10003ce0 f i large_objects.obj
 0001:00002d50       ?get@?$LargeObjectCacheImpl@U?$LargeObjectCacheProps@$0CAAA@$0IAAAAA@$0CAAA@$01$01$0BA@@internal@rml@@@internal@rml@@QAEPAULargeMemoryBlock@23@PAUExtMemoryPool@23@I@Z 10003d50 f i large_objects.obj
 0001:00002dc0       ?regularCleanup@?$LargeObjectCacheImpl@U?$LargeObjectCacheProps@$0CAAA@$0IAAAAA@$0CAAA@$01$01$0BA@@internal@rml@@@internal@rml@@QAE_NPAUExtMemoryPool@23@I_N@Z 10003dc0 f i large_objects.obj
 0001:00002f30       ?cleanAll@?$LargeObjectCacheImpl@U?$LargeObjectCacheProps@$0CAAA@$0IAAAAA@$0CAAA@$01$01$0BA@@internal@rml@@@internal@rml@@QAE_NPAUExtMemoryPool@23@@Z 10003f30 f i large_objects.obj
 0001:000031a0       ?getMinTrue@?$BitMaskBasic@$0PC@@internal@rml@@IBEHI@Z 100041a0 f i large_objects.obj
 0001:00003210       ?getMinTrue@?$BitMaskBasic@$0DPP@@internal@rml@@IBEHI@Z 10004210 f i large_objects.obj
 0001:00003280       ?cleanToThreshold@CacheBin@?$LargeObjectCacheImpl@U?$LargeObjectCacheProps@$0IAAAAA@$0IBAAAAA@$0IAAAA@$00$00$03@internal@rml@@@internal@rml@@QAE_NPAUExtMemoryPool@34@PAV?$BitMaskMax@$0PC@@34@IH@Z 10004280 f i large_objects.obj
 0001:00003490       ?cleanToThreshold@CacheBin@?$LargeObjectCacheImpl@U?$LargeObjectCacheProps@$0CAAA@$0IAAAAA@$0CAAA@$01$01$0BA@@internal@rml@@@internal@rml@@QAE_NPAUExtMemoryPool@34@PAV?$BitMaskMax@$0DPP@@34@IH@Z 10004490 f i large_objects.obj
 0001:00003690       ?ExecuteOperation@CacheBin@?$LargeObjectCacheImpl@U?$LargeObjectCacheProps@$0IAAAAA@$0IBAAAAA@$0IAAAA@$00$00$03@internal@rml@@@internal@rml@@AAEXPAUCacheBinOperation@34@PAUExtMemoryPool@34@PAV?$BitMaskMax@$0PC@@34@H_N@Z 10004690 f i large_objects.obj
 0001:000037a0       ?ExecuteOperation@CacheBin@?$LargeObjectCacheImpl@U?$LargeObjectCacheProps@$0CAAA@$0IAAAAA@$0CAAA@$01$01$0BA@@internal@rml@@@internal@rml@@AAEXPAUCacheBinOperation@34@PAUExtMemoryPool@34@PAV?$BitMaskMax@$0DPP@@34@H_N@Z 100047a0 f i large_objects.obj
 0001:00003840       ??$start_handle_operations@VCacheBinFunctor@CacheBin@?$LargeObjectCacheImpl@U?$LargeObjectCacheProps@$0IAAAAA@$0IBAAAAA@$0IAAAA@$00$00$03@internal@rml@@@internal@rml@@@?$aggregator_generic@UCacheBinOperation@internal@rml@@@internal@interface6@tbb@@AAEXAAVCacheBinFunctor@CacheBin@?$LargeObjectCacheImpl@U?$LargeObjectCacheProps@$0IAAAAA@$0IBAAAAA@$0IAAAA@$00$00$03@internal@rml@@@1rml@@@Z 10004840 f i large_objects.obj
 0001:000038a0       ??$spin_wait_while_eq@II@internal@tbb@@YAXADII@Z 100048a0 f i large_objects.obj
 0001:000038e0       ??$start_handle_operations@VCacheBinFunctor@CacheBin@?$LargeObjectCacheImpl@U?$LargeObjectCacheProps@$0CAAA@$0IAAAAA@$0CAAA@$01$01$0BA@@internal@rml@@@internal@rml@@@?$aggregator_generic@UCacheBinOperation@internal@rml@@@internal@interface6@tbb@@AAEXAAVCacheBinFunctor@CacheBin@?$LargeObjectCacheImpl@U?$LargeObjectCacheProps@$0CAAA@$0IAAAAA@$0CAAA@$01$01$0BA@@internal@rml@@@1rml@@@Z 100048e0 f i large_objects.obj
 0001:00003940       ??RCacheBinFunctor@CacheBin@?$LargeObjectCacheImpl@U?$LargeObjectCacheProps@$0IAAAAA@$0IBAAAAA@$0IAAAA@$00$00$03@internal@rml@@@internal@rml@@QAEXPAUCacheBinOperation@34@@Z 10004940 f i large_objects.obj
 0001:00003bf0       ??RCacheBinFunctor@CacheBin@?$LargeObjectCacheImpl@U?$LargeObjectCacheProps@$0CAAA@$0IAAAAA@$0CAAA@$01$01$0BA@@internal@rml@@@internal@rml@@QAEXPAUCacheBinOperation@34@@Z 10004bf0 f i large_objects.obj
 0001:00003ef0       ?updateUsedSize@CacheBin@?$LargeObjectCacheImpl@U?$LargeObjectCacheProps@$0IAAAAA@$0IBAAAAA@$0IAAAA@$00$00$03@internal@rml@@@internal@rml@@AAEXIPAV?$BitMaskMax@$0PC@@34@H@Z 10004ef0 f i large_objects.obj
 0001:00003f70       ?updateUsedSize@CacheBin@?$LargeObjectCacheImpl@U?$LargeObjectCacheProps@$0CAAA@$0IAAAAA@$0CAAA@$01$01$0BA@@internal@rml@@@internal@rml@@AAEXIPAV?$BitMaskMax@$0DPP@@34@H@Z 10004f70 f i large_objects.obj
 0001:00003ff0       ??ROperationPreprocessor@CacheBinFunctor@CacheBin@?$LargeObjectCacheImpl@U?$LargeObjectCacheProps@$0CAAA@$0IAAAAA@$0CAAA@$01$01$0BA@@internal@rml@@@internal@rml@@QAEXPAUCacheBinOperation@45@@Z 10004ff0 f i large_objects.obj
 0001:00003ff0       ??ROperationPreprocessor@CacheBinFunctor@CacheBin@?$LargeObjectCacheImpl@U?$LargeObjectCacheProps@$0IAAAAA@$0IBAAAAA@$0IAAAA@$00$00$03@internal@rml@@@internal@rml@@QAEXPAUCacheBinOperation@45@@Z 10004ff0 f i large_objects.obj
 0001:00004170       ?putList@CacheBin@?$LargeObjectCacheImpl@U?$LargeObjectCacheProps@$0IAAAAA@$0IBAAAAA@$0IAAAA@$00$00$03@internal@rml@@@internal@rml@@AAEPAULargeMemoryBlock@34@PAU534@0PAV?$BitMaskMax@$0PC@@34@HH@Z 10005170 f i large_objects.obj
 0001:00004220       ?cleanToThreshold@CacheBin@?$LargeObjectCacheImpl@U?$LargeObjectCacheProps@$0IAAAAA@$0IBAAAAA@$0IAAAA@$00$00$03@internal@rml@@@internal@rml@@AAEPAULargeMemoryBlock@34@IPAV?$BitMaskMax@$0PC@@34@H@Z 10005220 f i large_objects.obj
 0001:000042e0       ?cleanAll@CacheBin@?$LargeObjectCacheImpl@U?$LargeObjectCacheProps@$0IAAAAA@$0IBAAAAA@$0IAAAA@$00$00$03@internal@rml@@@internal@rml@@AAEPAULargeMemoryBlock@34@PAV?$BitMaskMax@$0PC@@34@H@Z 100052e0 f i large_objects.obj
 0001:00004340       ?putList@CacheBin@?$LargeObjectCacheImpl@U?$LargeObjectCacheProps@$0CAAA@$0IAAAAA@$0CAAA@$01$01$0BA@@internal@rml@@@internal@rml@@AAEPAULargeMemoryBlock@34@PAU534@0PAV?$BitMaskMax@$0DPP@@34@HH@Z 10005340 f i large_objects.obj
 0001:000043f0       ?cleanToThreshold@CacheBin@?$LargeObjectCacheImpl@U?$LargeObjectCacheProps@$0CAAA@$0IAAAAA@$0CAAA@$01$01$0BA@@internal@rml@@@internal@rml@@AAEPAULargeMemoryBlock@34@IPAV?$BitMaskMax@$0DPP@@34@H@Z 100053f0 f i large_objects.obj
 0001:000044b0       ?cleanAll@CacheBin@?$LargeObjectCacheImpl@U?$LargeObjectCacheProps@$0CAAA@$0IAAAAA@$0CAAA@$01$01$0BA@@internal@rml@@@internal@rml@@AAEPAULargeMemoryBlock@34@PAV?$BitMaskMax@$0DPP@@34@H@Z 100054b0 f i large_objects.obj
 0001:00004510       ?getFromPutList@OperationPreprocessor@CacheBinFunctor@CacheBin@?$LargeObjectCacheImpl@U?$LargeObjectCacheProps@$0CAAA@$0IAAAAA@$0CAAA@$01$01$0BA@@internal@rml@@@internal@rml@@AAE_NPAUCacheBinOperation@56@I@Z 10005510 f i large_objects.obj
 0001:00004510       ?getFromPutList@OperationPreprocessor@CacheBinFunctor@CacheBin@?$LargeObjectCacheImpl@U?$LargeObjectCacheProps@$0IAAAAA@$0IBAAAAA@$0IAAAA@$00$00$03@internal@rml@@@internal@rml@@AAE_NPAUCacheBinOperation@56@I@Z 10005510 f i large_objects.obj
 0001:00004580       ?initBackRefMaster@internal@rml@@YA_NPAVBackend@12@@Z 10005580 f   backref.obj
 0001:00004660       ?requestNewSpace@BackRefMaster@internal@rml@@QAE_NXZ 10005660 f   backref.obj
 0001:000047b0       ?getBackRef@internal@rml@@YAPAXVBackRefIdx@12@@Z 100057b0 f   backref.obj
 0001:00004800       ?newBackRef@BackRefIdx@internal@rml@@SA?AV123@_N@Z 10005800 f   backref.obj
 0001:000049b0       ?removeBackRef@internal@rml@@YAXVBackRefIdx@12@@Z 100059b0 f   backref.obj
 0001:00004a30       _DllMain@12                10005a30 f   tbbmalloc.obj
 0001:00007090       ___itt_fini_ittlib         10008090 f   itt_notify.obj
 0001:00007110       ___itt_init_ittlib         10008110 f   itt_notify.obj
 0001:000073a0       ?reset@LargeObjectCache@internal@rml@@QAEXXZ 100083a0 f i frontend.obj
 0001:000073f0       ?destroy@ExtMemoryPool@internal@rml@@QAE_NXZ 100083f0 f i frontend.obj
 0001:00007460       ?createTLS@TLSKey@internal@rml@@QAEPAVTLSData@23@PAVMemoryPool@23@PAVBackend@23@@Z 10008460 f   frontend.obj
 0001:000074e0       ?cleanUnusedActiveBlocks@TLSData@internal@rml@@QAE_NPAVBackend@23@_N@Z 100084e0 f   frontend.obj
 0001:00007630       ?cleanup@AllLocalCaches@internal@rml@@QAE_NPAUExtMemoryPool@23@_N@Z 10008630 f   frontend.obj
 0001:000076b0       ?allocate@BootStrapBlocks@internal@rml@@QAEPAXPAVMemoryPool@23@I@Z 100086b0 f   frontend.obj
 0001:00007750       ?getEmptyBlock@MemoryPool@internal@rml@@QAEPAVBlock@23@I@Z 10008750 f   frontend.obj
 0001:00007aa0       ?init@MemoryPool@internal@rml@@QAE_NHPBUMemPoolPolicy@3@@Z 10008aa0 f   frontend.obj
 0001:00007b70       ?reset@MemoryPool@internal@rml@@QAE_NXZ 10008b70 f   frontend.obj
 0001:00007c10       ?destroy@MemoryPool@internal@rml@@QAE_NXZ 10008c10 f   frontend.obj
 0001:00007ca0       ?pushTLSBin@Bin@internal@rml@@QAEXPAVBlock@23@@Z 10008ca0 f   frontend.obj
 0001:00007cd0       ?emptyEnoughToUse@Block@internal@rml@@QAE_NXZ 10008cd0 f i frontend.obj
 0001:00007d30       ?freeOwnObject@Block@internal@rml@@QAEXPAVMemoryPool@23@PAVTLSData@23@PAX@Z 10008d30 f i frontend.obj
 0001:00007e10       ?freePublicObject@Block@internal@rml@@QAEXPAUFreeObject@23@@Z 10008e10 f   frontend.obj
 0001:00007e70       ?privatizePublicFreeList@Block@internal@rml@@QAEXXZ 10008e70 f   frontend.obj
 0001:00007ef0       ?privatizeOrphaned@Block@internal@rml@@QAEXPAVTLSData@23@I@Z 10008ef0 f   frontend.obj
 0001:00007f80       ?get@OrphanedBlocks@internal@rml@@QAEPAVBlock@23@PAVTLSData@23@I@Z 10008f80 f   frontend.obj
 0001:00007ff0       ?returnBlock@FreeBlockPool@internal@rml@@QAEXPAVBlock@23@@Z 10008ff0 f   frontend.obj
 0001:00008140       ?externalCleanup@FreeBlockPool@internal@rml@@QAE_NXZ 10009140 f   frontend.obj
 0001:00008250       ?release@TLSData@internal@rml@@QAEXPAVMemoryPool@23@@Z 10009250 f   frontend.obj
 0001:000087e0       ?GetBoolEnvironmentVariable@internal@rml@@YA_NPBD@Z 100097e0 f   frontend.obj
 0001:00008830       ?initReadEnv@AllocControlledMode@internal@rml@@QAEXPBDH@Z 10009830 f   frontend.obj
 0001:00008a00       ?allocate@Block@internal@rml@@QAEPAUFreeObject@23@XZ 10009a00 f i frontend.obj
 0001:00008a50       ?findObjectSize@Block@internal@rml@@QBEIPAX@Z 10009a50 f   frontend.obj
 0001:00008ab0       ?moveBlockToBinFront@Bin@internal@rml@@QAEXPAVBlock@23@@Z 10009ab0 f   frontend.obj
 0001:00008b10       ?processLessUsedBlock@Bin@internal@rml@@QAEXPAVMemoryPool@23@PAVBlock@23@@Z 10009b10 f   frontend.obj
 0001:00008ba0       ?getFromLLOCache@MemoryPool@internal@rml@@QAEPAXPAVTLSData@23@II@Z 10009ba0 f   frontend.obj
 0001:00008ca0       ?putToLLOCache@MemoryPool@internal@rml@@QAEXPAVTLSData@23@PAX@Z 10009ca0 f   frontend.obj
 0001:000095b0       ?pool_create@rml@@YAPAVMemoryPool@1@HPBUMemPoolPolicy@1@@Z 1000a5b0 f   frontend.obj
 0001:00009600       ?pool_create_v1@rml@@YA?AW4MemPoolError@1@HPBUMemPoolPolicy@1@PAPAVMemoryPool@1@@Z 1000a600 f   frontend.obj
 0001:00009710       ?pool_destroy@rml@@YA_NPAVMemoryPool@1@@Z 1000a710 f   frontend.obj
 0001:00009780       ?pool_reset@rml@@YA_NPAVMemoryPool@1@@Z 1000a780 f   frontend.obj
 0001:000097a0       ?pool_malloc@rml@@YAPAXPAVMemoryPool@1@I@Z 1000a7a0 f   frontend.obj
 0001:000097b0       ?pool_realloc@rml@@YAPAXPAVMemoryPool@1@PAXI@Z 1000a7b0 f   frontend.obj
 0001:00009800       ?pool_aligned_malloc@rml@@YAPAXPAVMemoryPool@1@II@Z 1000a800 f   frontend.obj
 0001:00009830       ?pool_aligned_realloc@rml@@YAPAXPAVMemoryPool@1@PAXII@Z 1000a830 f   frontend.obj
 0001:00009890       ?pool_free@rml@@YA_NPAVMemoryPool@1@PAX@Z 1000a890 f   frontend.obj
 0001:000098f0       ?pool_identify@rml@@YAPAVMemoryPool@1@PAX@Z 1000a8f0 f   frontend.obj
 0001:000099e0       ?mallocThreadShutdownNotification@@YAXPAX@Z 1000a9e0 f   frontend.obj
 0001:00009a60       _scalable_malloc           1000aa60 f   frontend.obj
 0001:00009ac0       _scalable_aligned_free     1000aac0 f   frontend.obj
 0001:00009ac0       _scalable_free             1000aac0 f   frontend.obj
 0001:00009b10       ___TBB_malloc_safer_free   1000ab10 f   frontend.obj
 0001:00009bc0       _scalable_realloc          1000abc0 f   frontend.obj
 0001:00009c80       ___TBB_malloc_safer_realloc 1000ac80 f   frontend.obj
 0001:00009dc0       _scalable_calloc           1000adc0 f   frontend.obj
 0001:00009e60       _scalable_posix_memalign   1000ae60 f   frontend.obj
 0001:00009ea0       _scalable_aligned_malloc   1000aea0 f   frontend.obj
 0001:00009ef0       _scalable_aligned_realloc  1000aef0 f   frontend.obj
 0001:00009f70       ___TBB_malloc_safer_aligned_realloc 1000af70 f   frontend.obj
 0001:0000a070       _scalable_msize            1000b070 f   frontend.obj
 0001:0000a0e0       ___TBB_malloc_safer_msize  1000b0e0 f   frontend.obj
 0001:0000a160       ___TBB_malloc_safer_aligned_msize 1000b160 f   frontend.obj
 0001:0000a1f0       _scalable_allocation_mode  1000b1f0 f   frontend.obj
 0001:0000a220       _scalable_allocation_command 1000b220 f   frontend.obj
 0001:0000a2c0       ?reset@?$LargeObjectCacheImpl@U?$LargeObjectCacheProps@$0CAAA@$0IAAAAA@$0CAAA@$01$01$0BA@@internal@rml@@@internal@rml@@QAEXXZ 1000b2c0 f i frontend.obj
 0001:0000a350       ?put@?$LocalLOCImpl@$07$0CA@@internal@rml@@QAE_NPAULargeMemoryBlock@23@PAUExtMemoryPool@23@@Z 1000b350 f i frontend.obj
 0001:0000a3f0       ?get@?$LocalLOCImpl@$07$0CA@@internal@rml@@QAEPAULargeMemoryBlock@23@I@Z 1000b3f0 f i frontend.obj
 0001:0000a590       ??$releaseAll@$0A@@AllLargeBlocksList@internal@rml@@QAEXPAVBackend@12@@Z 1000b590 f i frontend.obj
 0001:0000a6d0       ??$releaseAll@$00@AllLargeBlocksList@internal@rml@@QAEXPAVBackend@12@@Z 1000b6d0 f i frontend.obj
 0001:0000a770       ??$isLargeObject@$0A@@internal@rml@@YA_NPAX@Z 1000b770 f i frontend.obj
 0001:0000a7aa       @__security_check_cookie@4 1000b7aa f   LIBCMT:secchk.obj
 0001:0000a7b9       _malloc                    1000b7b9 f   LIBCMT:malloc.obj
 0001:0000a84d       _fputs                     1000b84d f   LIBCMT:fputs.obj
 0001:0000a953       ___iob_func                1000b953 f   LIBCMT:_file.obj
 0001:0000a959       ___initstdio               1000b959 f   LIBCMT:_file.obj
 0001:0000aa0a       ___endstdio                1000ba0a f   LIBCMT:_file.obj
 0001:0000aa2a       __lock_file                1000ba2a f   LIBCMT:_file.obj
 0001:0000aa6b       __lock_file2               1000ba6b f   LIBCMT:_file.obj
 0001:0000aa9d       __unlock_file              1000ba9d f   LIBCMT:_file.obj
 0001:0000aad9       __unlock_file2             1000bad9 f   LIBCMT:_file.obj
 0001:0000ab08       __get_errno_from_oserr     1000bb08 f   LIBCMT:dosmap.obj
 0001:0000ab4a       __errno                    1000bb4a f   LIBCMT:dosmap.obj
 0001:0000ab5d       ___doserrno                1000bb5d f   LIBCMT:dosmap.obj
 0001:0000ab70       __dosmaperr                1000bb70 f   LIBCMT:dosmap.obj
 0001:0000ab93       _abort                     1000bb93 f   LIBCMT:abort.obj
 0001:0000abc6       __flush                    1000bbc6 f   LIBCMT:fflush.obj
 0001:0000ac2e       __fflush_nolock            1000bc2e f   LIBCMT:fflush.obj
 0001:0000ad50       _fflush                    1000bd50 f   LIBCMT:fflush.obj
 0001:0000ada3       __flushall                 1000bda3 f   LIBCMT:fflush.obj
 0001:0000adac       _fprintf                   1000bdac f   LIBCMT:fprintf.obj
 0001:0000aeb8       __strdup                   1000beb8 f   LIBCMT:strdup.obj
 0001:0000af0a       __wcsdup                   1000bf0a f   LIBCMT:wcsdup.obj
 0001:0000af5f       __getenv_helper_nolock     1000bf5f f   LIBCMT:getenv.obj
 0001:0000afe6       _getenv                    1000bfe6 f   LIBCMT:getenv.obj
 0001:0000b060       __CRT_INIT@12              1000c060 f   LIBCMT:dllcrt0.obj
 0001:0000b2ba       __DllMainCRTStartup@12     1000c2ba f   LIBCMT:dllcrt0.obj
 0001:0000b2dd       ___report_gsfailure        1000c2dd f   LIBCMT:gs_report.obj
 0001:0000b3e3       ___crtCorExitProcess       1000c3e3 f   LIBCMT:crt0dat.obj
 0001:0000b40e       ___crtExitProcess          1000c40e f   LIBCMT:crt0dat.obj
 0001:0000b426       __lockexit                 1000c426 f   LIBCMT:crt0dat.obj
 0001:0000b42f       __unlockexit               1000c42f f   LIBCMT:crt0dat.obj
 0001:0000b438       __init_pointers            1000c438 f   LIBCMT:crt0dat.obj
 0001:0000b46b       __initterm_e               1000c46b f   LIBCMT:crt0dat.obj
 0001:0000b48f       __cinit                    1000c48f f   LIBCMT:crt0dat.obj
 0001:0000b666       __exit                     1000c666 f   LIBCMT:crt0dat.obj
 0001:0000b67c       __cexit                    1000c67c f   LIBCMT:crt0dat.obj
 0001:0000b68b       __amsg_exit                1000c68b f   LIBCMT:crt0dat.obj
 0001:0000b6a9       __GET_RTERRMSG             1000c6a9 f   LIBCMT:crt0msg.obj
 0001:0000b6cf       __NMSG_WRITE               1000c6cf f   LIBCMT:crt0msg.obj
 0001:0000b87e       __FF_MSGBANNER             1000c87e f   LIBCMT:crt0msg.obj
 0001:0000b8b7       __heap_init                1000c8b7 f   LIBCMT:heapinit.obj
 0001:0000b8d5       __heap_term                1000c8d5 f   LIBCMT:heapinit.obj
 0001:0000b8e9       __initp_heap_handler       1000c8e9 f   LIBCMT:handler.obj
 0001:0000b8f8       __callnewh                 1000c8f8 f   LIBCMT:handler.obj
 0001:0000b920       __stbuf                    1000c920 f   LIBCMT:_sftbuf.obj
 0001:0000b9bc       __ftbuf                    1000c9bc f   LIBCMT:_sftbuf.obj
 0001:0000b9f0       __fwrite_nolock            1000c9f0 f   LIBCMT:fwrite.obj
 0001:0000bb50       _strlen                    1000cb50 f   LIBCMT:strlen.obj
 0001:0000bbdb       __ioinit                   1000cbdb f   LIBCMT:ioinit.obj
 0001:0000be20       __ioterm                   1000ce20 f   LIBCMT:ioinit.obj
 0001:0000be73       __fileno                   1000ce73 f   LIBCMT:fileno.obj
 0001:0000be99       __initp_misc_invarg        1000ce99 f   LIBCMT:invarg.obj
 0001:0000bea8       __call_reportfault         1000cea8 f   LIBCMT:invarg.obj
 0001:0000bfd1       __invoke_watson            1000cfd1 f   LIBCMT:invarg.obj
 0001:0000bff6       __invalid_parameter        1000cff6 f   LIBCMT:invarg.obj
 0001:0000c023       __invalid_parameter_noinfo 1000d023 f   LIBCMT:invarg.obj
 0001:0000c040       __SEH_prolog4              1000d040 f   LIBCMT:sehprolg4.obj
 0001:0000c085       __SEH_epilog4              1000d085 f   LIBCMT:sehprolg4.obj
 0001:0000c0a0       __except_handler4          1000d0a0 f   LIBCMT:chandler4.obj
 0001:0000c22f       __malloc_crt               1000d22f f   LIBCMT:crtheap.obj
 0001:0000c274       __calloc_crt               1000d274 f   LIBCMT:crtheap.obj
 0001:0000c2c0       __realloc_crt              1000d2c0 f   LIBCMT:crtheap.obj
 0001:0000c30e       __recalloc_crt             1000d30e f   LIBCMT:crtheap.obj
 0001:0000c360       _free                      1000d360 f   LIBCMT:free.obj
 0001:0000c39a       __fcloseall                1000d39a f   LIBCMT:closeall.obj
 0001:0000c436       __mtinitlocks              1000d436 f   LIBCMT:mlock.obj
 0001:0000c480       __mtdeletelocks            1000d480 f   LIBCMT:mlock.obj
 0001:0000c4d7       __unlock                   1000d4d7 f   LIBCMT:mlock.obj
 0001:0000c4ee       __mtinitlocknum            1000d4ee f   LIBCMT:mlock.obj
 0001:0000c5b0       __lock                     1000d5b0 f   LIBCMT:mlock.obj
 0001:0000c5e3       __encoded_null             1000d5e3 f   LIBCMT:tidtable.obj
 0001:0000c5ec       ___crtTlsAlloc@4           1000d5ec f   LIBCMT:tidtable.obj
 0001:0000c5f5       ___set_flsgetvalue         1000d5f5 f   LIBCMT:tidtable.obj
 0001:0000c629       __mtterm                   1000d629 f   LIBCMT:tidtable.obj
 0001:0000c666       __initptd                  1000d666 f   LIBCMT:tidtable.obj
 0001:0000c71a       __getptd_noexit            1000d71a f   LIBCMT:tidtable.obj
 0001:0000c793       __getptd                   1000d793 f   LIBCMT:tidtable.obj
 0001:0000c7ad       __freefls@4                1000d7ad f   LIBCMT:tidtable.obj
 0001:0000c8dc       __freeptd                  1000d8dc f   LIBCMT:tidtable.obj
 0001:0000c94a       __mtinit                   1000d94a f   LIBCMT:tidtable.obj
 0001:0000cac5       __initp_misc_winsig        1000dac5 f   LIBCMT:winsig.obj
 0001:0000cb1a       ___get_sigabrt             1000db1a f   LIBCMT:winsig.obj
 0001:0000cb27       _raise                     1000db27 f   LIBCMT:winsig.obj
 0001:0000ccca       __write_nolock             1000dcca f   LIBCMT:write.obj
 0001:0000d3c7       __write                    1000e3c7 f   LIBCMT:write.obj
 0001:0000d49b       __commit                   1000e49b f   LIBCMT:commit.obj
 0001:0000d574       ??0_LocaleUpdate@@QAE@PAUlocaleinfo_struct@@@Z 1000e574 f i LIBCMT:output.obj
 0001:0000d690       __output_l                 1000e690 f   LIBCMT:output.obj
 0001:0000e298       _strcpy_s                  1000f298 f   LIBCMT:strcpy_s.obj
 0001:0000e2f7       _wcscpy_s                  1000f2f7 f   LIBCMT:wcscpy_s.obj
 0001:0000e35a       _calloc                    1000f35a f   LIBCMT:calloc.obj
 0001:0000e39a       _wcslen                    1000f39a f   LIBCMT:wcslen.obj
 0001:0000e3b5       __mbsnbicoll_l             1000f3b5 f   LIBCMT:mbsnbico.obj
 0001:0000e493       __mbsnbicoll               1000f493 f   LIBCMT:mbsnbico.obj
 0001:0000e4ad       ___wtomb_environ           1000f4ad f   LIBCMT:wtombenv.obj
 0001:0000e544       _strnlen                   1000f544 f   LIBCMT:strlen_s.obj
 0001:0000e561       __setenvp                  1000f561 f   LIBCMT:stdenvp.obj
 0001:0000e7d7       __setargv                  1000f7d7 f   LIBCMT:stdargv.obj
 0001:0000e892       ___crtGetEnvironmentStringsA 1000f892 f   LIBCMT:a_env.obj
 0001:0000e929       __RTC_Initialize           1000f929 f   LIBCMT:_initsect_.obj
 0001:0000e94f       __RTC_Terminate            1000f94f f   LIBCMT:_initsect_.obj
 0001:0000e975       __XcptFilter               1000f975 f   LIBCMT:winxfltr.obj
 0001:0000eabf       ___CppXcptFilter           1000fabf f   LIBCMT:winxfltr.obj
 0001:0000eadf       ___security_init_cookie    1000fadf f   LIBCMT:gs_support.obj
 0001:0000eb7a       __crt_debugger_hook        1000fb7a f   LIBCMT:dbghook.obj
 0001:0000eb82       ?terminate@@YAXXZ          1000fb82 f   LIBCMT:hooks.obj
 0001:0000ebbb       __initp_eh_hooks           1000fbbb f   LIBCMT:hooks.obj
 0001:0000ebcc       __initp_misc_rand_s        1000fbcc f   LIBCMT:rand_s.obj
 0001:0000ebdb       __initp_misc_purevirt      1000fbdb f   LIBCMT:inithelp.obj
 0001:0000eca0       ___onexitinit              1000fca0 f   LIBCMT:onexit.obj
 0001:0000ecd1       __onexit                   1000fcd1 f   LIBCMT:onexit.obj
 0001:0000ed0d       _atexit                    1000fd0d f   LIBCMT:onexit.obj
 0001:0000ed24       __initp_misc_cfltcvt_tab   1000fd24 f   LIBCMT:cmiscdat.obj
 0001:0000ed50       __ValidateImageBase        1000fd50 f   LIBCMT:pesect.obj
 0001:0000ed90       __FindPESection            1000fd90 f   LIBCMT:pesect.obj
 0001:0000ede0       __IsNonwritableInCurrentImage 1000fde0 f   LIBCMT:pesect.obj
 0001:0000ee9c       ___crtMessageBoxW          1000fe9c f   LIBCMT:crtmboxw.obj
 0001:0000f008       _wcscat_s                  10010008 f   LIBCMT:wcscat_s.obj
 0001:0000f07d       _wcsncpy_s                 1001007d f   LIBCMT:wcsncpy_s.obj
 0001:0000f14a       __set_error_mode           1001014a f   LIBCMT:errmode.obj
 0001:0000f189       __isatty                   10010189 f   LIBCMT:isatty.obj
 0001:0000f1df       __flsbuf                   100101df f   LIBCMT:_flsbuf.obj
 0001:0000f350       _memcpy                    10010350 f   LIBCMT:memcpy.obj
 0001:0000f6c0       _memset                    100106c0 f   LIBCMT:memset.obj
 0001:0000f740       __local_unwind4            10010740 f   LIBCMT:exsup4.obj
 0001:0000f816       __seh_longjmp_unwind4@4    10010816 f   LIBCMT:exsup4.obj
 0001:0000f832       @_EH4_CallFilterFunc@8     10010832 f   LIBCMT:exsup4.obj
 0001:0000f849       @_EH4_TransferToHandler@8  10010849 f   LIBCMT:exsup4.obj
 0001:0000f862       @_EH4_GlobalUnwind2@8      10010862 f   LIBCMT:exsup4.obj
 0001:0000f87b       @_EH4_LocalUnwind@16       1001087b f   LIBCMT:exsup4.obj
 0001:0000f892       __calloc_impl              10010892 f   LIBCMT:calloc_impl.obj
 0001:0000f914       _realloc                   10010914 f   LIBCMT:realloc.obj
 0001:0000f9c1       __recalloc                 100109c1 f   LIBCMT:recalloc.obj
 0001:0000fa2f       __fclose_nolock            10010a2f f   LIBCMT:fclose.obj
 0001:0000fa9c       _fclose                    10010a9c f   LIBCMT:fclose.obj
 0001:0000fb10       ___addlocaleref            10010b10 f   LIBCMT:localref.obj
 0001:0000fb9f       ___removelocaleref         10010b9f f   LIBCMT:localref.obj
 0001:0000fc38       ___freetlocinfo            10010c38 f   LIBCMT:localref.obj
 0001:0000fd83       __updatetlocinfoEx_nolock  10010d83 f   LIBCMT:localref.obj
 0001:0000fdd0       ___updatetlocinfo          10010dd0 f   LIBCMT:localref.obj
 0001:0001006c       ___updatetmbcinfo          1001106c f   LIBCMT:mbctype.obj
 0001:0001018c       __setmbcp_nolock           1001118c f   LIBCMT:mbctype.obj
 0001:00010375       __setmbcp                  10011375 f   LIBCMT:mbctype.obj
 0001:0001050f       ___initmbctable            1001150f f   LIBCMT:mbctype.obj
 0001:0001052d       __putwch_nolock            1001152d f   LIBCMT:putwch.obj
 0001:0001056f       __mbtowc_l                 1001156f f   LIBCMT:mbtowc.obj
 0001:00010685       _mbtowc                    10011685 f   LIBCMT:mbtowc.obj
 0001:0001069f       __isleadbyte_l             1001169f f i LIBCMT:_wctype.obj
 0001:000106d7       _isleadbyte                100116d7 f i LIBCMT:_wctype.obj
 0001:000106ea       __lseeki64_nolock          100116ea f   LIBCMT:lseeki64.obj
 0001:0001076f       __lseeki64                 1001176f f   LIBCMT:lseeki64.obj
 0001:00010860       __chkstk                   10011860 f   LIBCMT:chkstk.obj
 0001:00010860       __alloca_probe             10011860     LIBCMT:chkstk.obj
 0001:0001088b       __free_osfhnd              1001188b f   LIBCMT:osfinfo.obj
 0001:00010911       __get_osfhandle            10011911 f   LIBCMT:osfinfo.obj
 0001:0001097a       ___lock_fhandle            1001197a f   LIBCMT:osfinfo.obj
 0001:00010a19       __unlock_fhandle           10011a19 f   LIBCMT:osfinfo.obj
 0001:00010a40       __get_printf_count_output  10011a40 f   LIBCMT:printf.obj
 0001:00010a56       __wctomb_s_l               10011a56 f   LIBCMT:wctomb.obj
 0001:00010bab       _wctomb_s                  10011bab f   LIBCMT:wctomb.obj
 0001:00010bd0       __aulldvrm                 10011bd0 f   LIBCMT:ulldvrm.obj
 0001:00010c65       __freea                    10011c65 f i LIBCMT:a_cmp.obj
 0001:00010ef3       ___crtCompareStringA       10011ef3 f   LIBCMT:a_cmp.obj
 0001:00010f35       __strnicoll_l              10011f35 f   LIBCMT:strnicol.obj
 0001:000110d1       ___crtsetenv               100120d1 f   LIBCMT:setenv.obj
 0001:00011366       __ismbblead                10012366 f   LIBCMT:ismbbyte.obj
 0001:0001137e       __msize                    1001237e f   LIBCMT:msize.obj
 0001:000113b1       __fptrap                   100123b1 f   LIBCMT:crt0fp.obj
 0001:000113ba       __getbuf                   100123ba f   LIBCMT:_getbuf.obj
 0001:00011403       __VEC_memcpy               10012403 f   LIBCMT:p4_memcpy.obj
 0001:00011506       ___sse2_available_init     10012506 f   LIBCMT:cpu_disp.obj
 0001:00011516       __VEC_memzero              10012516 f   LIBCMT:p4_memset.obj
 0001:000115d0       __global_unwind2           100125d0 f   LIBCMT:exsup.obj
 0001:00011635       __local_unwind2            10012635 f   LIBCMT:exsup.obj
 0001:000116b9       __abnormal_termination     100126b9 f   LIBCMT:exsup.obj
 0001:000116dc       __NLG_Notify1              100126dc f   LIBCMT:exsup.obj
 0001:000116e5       __NLG_Notify               100126e5 f   LIBCMT:exsup.obj
 0001:000116fc       __NLG_Dispatch             100126fc     LIBCMT:exsup.obj
 0001:000116fc       __NLG_Dispatch2            100126fc     LIBCMT:exsup.obj
 0001:00011704       __NLG_Call                 10012704 f   LIBCMT:exsup.obj
 0001:00011706       __NLG_Return2              10012706     LIBCMT:exsup.obj
 0001:00011707       __close_nolock             10012707 f   LIBCMT:close.obj
 0001:000117a3       __close                    100127a3 f   LIBCMT:close.obj
 0001:00011867       __freebuf                  10012867 f   LIBCMT:_freebuf.obj
 0001:00011898       ___free_lc_time            10012898 f   LIBCMT:inittime.obj
 0001:00011c0f       ___free_lconv_num          10012c0f f   LIBCMT:initnum.obj
 0001:00011c78       ___free_lconv_mon          10012c78 f   LIBCMT:initmon.obj
 0001:00011f5d       ___crtLCMapStringA         10012f5d f   LIBCMT:a_map.obj
 0001:0001208a       ___crtGetStringTypeA       1001308a f   LIBCMT:a_str.obj
 0001:000120ca       ___initconout              100130ca f   LIBCMT:initcon.obj
 0001:000120e9       ___termconout              100130e9 f   LIBCMT:initcon.obj
 0001:00012100       __alloca_probe_16          10013100 f   LIBCMT:alloca16.obj
 0001:00012116       __alloca_probe_8           10013116     LIBCMT:alloca16.obj
 0001:0001212c       __strnicmp_l               1001312c f   LIBCMT:strnicmp.obj
 0001:0001220e       __mbschr_l                 1001320e f   LIBCMT:mbschr.obj
 0001:000122be       __mbschr                   100132be f   LIBCMT:mbschr.obj
 0001:000122d5       __isctype_l                100132d5 f   LIBCMT:isctype.obj
 0001:0001238d       __tolower_l                1001338d f   LIBCMT:tolower.obj
 0001:000124a2       _tolower                   100134a2 f   LIBCMT:tolower.obj
 0001:000124d0       ___ascii_strnicmp          100134d0 f   LIBCMT:_strnicm.obj
 0001:00012540       _strcspn                   10013540 f   LIBCMT:strcspn.obj
 0001:00012590       _strcmp                    10013590 f   LIBCMT:strcmp.obj
 0001:00012620       _strpbrk                   10013620 f   LIBCMT:strpbrk.obj
 0001:00012670       _strchr                    10013670 f   LIBCMT:strchr.obj
 0001:00012676       ___from_strstr_to_strchr   10013676     LIBCMT:strchr.obj
 0001:00012730       __allmul                   10013730 f   LIBCMT:llmul.obj
 0001:00012764       _RtlUnwind@16              10013764 f   kernel32:KERNEL32.dll
 0001:0001276a       __cfltcvt_init             1001376a f   LIBCMT:_fpinit_.obj
 0001:000127ca       __fpmath                   100137ca f   LIBCMT:_fpinit_.obj
 0001:000127f0       __allshl                   100137f0 f   LIBCMT:llshl.obj
 0001:0001280f       __forcdecpt_l              1001380f f   LIBCMT:cvt.obj
 0001:00012883       __cropzeros_l              10013883 f   LIBCMT:cvt.obj
 0001:00012905       __positive                 10013905 f   LIBCMT:cvt.obj
 0001:00012921       __fassign_l                10013921 f   LIBCMT:cvt.obj
 0001:00012963       __fassign                  10013963 f   LIBCMT:cvt.obj
 0001:0001299c       __forcdecpt                1001399c f   LIBCMT:cvt.obj
 0001:000129af       __cropzeros                100139af f   LIBCMT:cvt.obj
 0001:00012b23       __cftoe_l                  10013b23 f   LIBCMT:cvt.obj
 0001:00012bea       __cftoe                    10013bea f   LIBCMT:cvt.obj
 0001:00012c0a       __cftoa_l                  10013c0a f   LIBCMT:cvt.obj
 0001:00013083       __cftof_l                  10014083 f   LIBCMT:cvt.obj
 0001:00013144       __cftog_l                  10014144 f   LIBCMT:cvt.obj
 0001:00013231       __cfltcvt_l                10014231 f   LIBCMT:cvt.obj
 0001:000132b9       __cfltcvt                  100142b9 f   LIBCMT:cvt.obj
 0001:000132dc       __setdefaultprecision      100142dc f   LIBCMT:fp8.obj
 0001:00013310       _strrchr                   10014310 f   LIBCMT:strrchr.obj
 0001:0001333d       __isdigit_l                1001433d f i LIBCMT:_ctype.obj
 0001:0001338e       _isdigit                   1001438e f i LIBCMT:_ctype.obj
 0001:000133bc       __atodbl_l                 100143bc f   LIBCMT:atodbl.obj
 0001:00013464       __atoflt_l                 10014464 f   LIBCMT:atodbl.obj
 0001:00013510       _memmove                   10014510 f   LIBCMT:memmove.obj
 0001:00013871       __fptostr                  10014871 f   LIBCMT:_fptostr.obj
 0001:00013924       ___dtold                   10014924 f   LIBCMT:_cfout_.obj
 0001:000139d7       __fltout2                  100149d7 f   LIBCMT:_cfout_.obj
 0001:00013a70       __alldvrm                  10014a70 f   LIBCMT:lldvrm.obj
 0001:00013b50       __aullshr                  10014b50 f   LIBCMT:ullshr.obj
 0001:00013b6f       __controlfp_s              10014b6f f   LIBCMT:_contrlfp_.obj
 0001:00013bce       __ld12tod                  10014bce f   LIBCMT:_intrncvt_.obj
 0001:0001411f       __ld12tof                  1001511f f   LIBCMT:_intrncvt_.obj
 0001:00014670       ___strgtold12_l            10015670 f   LIBCMT:_strgtold_.obj
 0001:00014d4c       _$I10_OUTPUT               10015d4c f   LIBCMT:_x10fout_.obj
 0001:00015772       __control87                10016772 f i LIBCMT:_ieee87_.obj
 0001:00015a84       ___mtold12                 10016a84 f   LIBCMT:_mantold_.obj
 0001:00015c68       ___set_fpsr_sse2           10016c68 f   LIBCMT:_fpctrl_.obj
 0002:00000000       __imp__VirtualFree@12      10017000     kernel32:KERNEL32.dll
 0002:00000004       __imp__VirtualAlloc@16     10017004     kernel32:KERNEL32.dll
 0002:00000008       __imp__SwitchToThread@0    10017008     kernel32:KERNEL32.dll
 0002:0000000c       __imp__GetModuleHandleExA@12 1001700c     kernel32:KERNEL32.dll
 0002:00000010       __imp__SetErrorMode@4      10017010     kernel32:KERNEL32.dll
 0002:00000014       __imp__lstrcmpA@8          10017014     kernel32:KERNEL32.dll
 0002:00000018       __imp__lstrcpynA@12        10017018     kernel32:KERNEL32.dll
 0002:0000001c       __imp__InterlockedIncrement@4 1001701c     kernel32:KERNEL32.dll
 0002:00000020       __imp__InitializeCriticalSection@4 10017020     kernel32:KERNEL32.dll
 0002:00000024       __imp__LeaveCriticalSection@4 10017024     kernel32:KERNEL32.dll
 0002:00000028       __imp__GetEnvironmentVariableA@12 10017028     kernel32:KERNEL32.dll
 0002:0000002c       __imp__GetLastError@0      1001702c     kernel32:KERNEL32.dll
 0002:00000030       __imp__GetProcAddress@8    10017030     kernel32:KERNEL32.dll
 0002:00000034       __imp__EnterCriticalSection@4 10017034     kernel32:KERNEL32.dll
 0002:00000038       __imp__LoadLibraryA@4      10017038     kernel32:KERNEL32.dll
 0002:0000003c       __imp__GetCurrentThreadId@0 1001703c     kernel32:KERNEL32.dll
 0002:00000040       __imp__TlsGetValue@4       10017040     kernel32:KERNEL32.dll
 0002:00000044       __imp__TlsSetValue@8       10017044     kernel32:KERNEL32.dll
 0002:00000048       __imp__TlsAlloc@0          10017048     kernel32:KERNEL32.dll
 0002:0000004c       __imp__TlsFree@4           1001704c     kernel32:KERNEL32.dll
 0002:00000050       __imp__HeapAlloc@12        10017050     kernel32:KERNEL32.dll
 0002:00000054       __imp__DecodePointer@4     10017054     kernel32:KERNEL32.dll
 0002:00000058       __imp__GetCommandLineA@0   10017058     kernel32:KERNEL32.dll
 0002:0000005c       __imp__TerminateProcess@8  1001705c     kernel32:KERNEL32.dll
 0002:00000060       __imp__GetCurrentProcess@0 10017060     kernel32:KERNEL32.dll
 0002:00000064       __imp__UnhandledExceptionFilter@4 10017064     kernel32:KERNEL32.dll
 0002:00000068       __imp__SetUnhandledExceptionFilter@4 10017068     kernel32:KERNEL32.dll
 0002:0000006c       __imp__IsDebuggerPresent@0 1001706c     kernel32:KERNEL32.dll
 0002:00000070       __imp__GetModuleHandleW@4  10017070     kernel32:KERNEL32.dll
 0002:00000074       __imp__ExitProcess@4       10017074     kernel32:KERNEL32.dll
 0002:00000078       __imp__WriteFile@20        10017078     kernel32:KERNEL32.dll
 0002:0000007c       __imp__GetStdHandle@4      1001707c     kernel32:KERNEL32.dll
 0002:00000080       __imp__GetModuleFileNameW@12 10017080     kernel32:KERNEL32.dll
 0002:00000084       __imp__HeapCreate@12       10017084     kernel32:KERNEL32.dll
 0002:00000088       __imp__HeapDestroy@4       10017088     kernel32:KERNEL32.dll
 0002:0000008c       __imp__EncodePointer@4     1001708c     kernel32:KERNEL32.dll
 0002:00000090       __imp__SetHandleCount@4    10017090     kernel32:KERNEL32.dll
 0002:00000094       __imp__InitializeCriticalSectionAndSpinCount@8 10017094     kernel32:KERNEL32.dll
 0002:00000098       __imp__GetFileType@4       10017098     kernel32:KERNEL32.dll
 0002:0000009c       __imp__GetStartupInfoW@4   1001709c     kernel32:KERNEL32.dll
 0002:000000a0       __imp__DeleteCriticalSection@4 100170a0     kernel32:KERNEL32.dll
 0002:000000a4       __imp__Sleep@4             100170a4     kernel32:KERNEL32.dll
 0002:000000a8       __imp__HeapFree@12         100170a8     kernel32:KERNEL32.dll
 0002:000000ac       __imp__SetLastError@4      100170ac     kernel32:KERNEL32.dll
 0002:000000b0       __imp__InterlockedDecrement@4 100170b0     kernel32:KERNEL32.dll
 0002:000000b4       __imp__WideCharToMultiByte@32 100170b4     kernel32:KERNEL32.dll
 0002:000000b8       __imp__GetConsoleCP@0      100170b8     kernel32:KERNEL32.dll
 0002:000000bc       __imp__GetConsoleMode@8    100170bc     kernel32:KERNEL32.dll
 0002:000000c0       __imp__FlushFileBuffers@4  100170c0     kernel32:KERNEL32.dll
 0002:000000c4       __imp__GetModuleFileNameA@12 100170c4     kernel32:KERNEL32.dll
 0002:000000c8       __imp__FreeEnvironmentStringsW@4 100170c8     kernel32:KERNEL32.dll
 0002:000000cc       __imp__GetEnvironmentStringsW@0 100170cc     kernel32:KERNEL32.dll
 0002:000000d0       __imp__QueryPerformanceCounter@4 100170d0     kernel32:KERNEL32.dll
 0002:000000d4       __imp__GetTickCount@0      100170d4     kernel32:KERNEL32.dll
 0002:000000d8       __imp__GetCurrentProcessId@0 100170d8     kernel32:KERNEL32.dll
 0002:000000dc       __imp__GetSystemTimeAsFileTime@4 100170dc     kernel32:KERNEL32.dll
 0002:000000e0       __imp__LoadLibraryW@4      100170e0     kernel32:KERNEL32.dll
 0002:000000e4       __imp__RtlUnwind@16        100170e4     kernel32:KERNEL32.dll
 0002:000000e8       __imp__HeapReAlloc@16      100170e8     kernel32:KERNEL32.dll
 0002:000000ec       __imp__GetCPInfo@8         100170ec     kernel32:KERNEL32.dll
 0002:000000f0       __imp__GetACP@0            100170f0     kernel32:KERNEL32.dll
 0002:000000f4       __imp__GetOEMCP@0          100170f4     kernel32:KERNEL32.dll
 0002:000000f8       __imp__IsValidCodePage@4   100170f8     kernel32:KERNEL32.dll
 0002:000000fc       __imp__WriteConsoleW@20    100170fc     kernel32:KERNEL32.dll
 0002:00000100       __imp__MultiByteToWideChar@24 10017100     kernel32:KERNEL32.dll
 0002:00000104       __imp__SetFilePointer@16   10017104     kernel32:KERNEL32.dll
 0002:00000108       __imp__SetStdHandle@8      10017108     kernel32:KERNEL32.dll
 0002:0000010c       __imp__CompareStringW@24   1001710c     kernel32:KERNEL32.dll
 0002:00000110       __imp__SetEnvironmentVariableA@8 10017110     kernel32:KERNEL32.dll
 0002:00000114       __imp__HeapSize@12         10017114     kernel32:KERNEL32.dll
 0002:00000118       __imp__IsProcessorFeaturePresent@4 10017118     kernel32:KERNEL32.dll
 0002:0000011c       __imp__CloseHandle@4       1001711c     kernel32:KERNEL32.dll
 0002:00000120       __imp__LCMapStringW@24     10017120     kernel32:KERNEL32.dll
 0002:00000124       __imp__GetStringTypeW@16   10017124     kernel32:KERNEL32.dll
 0002:00000128       __imp__CreateFileW@28      10017128     kernel32:KERNEL32.dll
 0002:0000012c       \177KERNEL32_NULL_THUNK_DATA 1001712c     kernel32:KERNEL32.dll
 0002:00000130       ___xc_a                    10017130     LIBCMT:crt0init.obj
 0002:00000134       ___xc_z                    10017134     LIBCMT:crt0init.obj
 0002:00000138       ___xi_a                    10017138     LIBCMT:crt0init.obj
 0002:0000014c       ___xi_z                    1001714c     LIBCMT:crt0init.obj
 0002:00000150       ___xp_a                    10017150     LIBCMT:crt0init.obj
 0002:0000015c       ___xp_z                    1001715c     LIBCMT:crt0init.obj
 0002:00000160       ___xt_a                    10017160     LIBCMT:crt0init.obj
 0002:00000164       ___xt_z                    10017164     LIBCMT:crt0init.obj
 0002:0000018c       __pRawDllMain              1001718c     LIBCMT:dllcrt0.obj
 0002:0000018c       __pDefaultRawDllMain       1001718c     LIBCMT:dllcrt0.obj
 0002:00000198       ??_C@_0P@MIGLKIOC@CorExitProcess?$AA@ 10017198     LIBCMT:crt0dat.obj
 0002:000001a8       ??_C@_1BI@BGOHAHKC@?$AAm?$AAs?$AAc?$AAo?$AAr?$AAe?$AAe?$AA?4?$AAd?$AAl?$AAl?$AA?$AA@ 100171a8     LIBCMT:crt0dat.obj
 0002:000001c0       ??_C@_1BO@BKOMIGKJ@?$AAr?$AAu?$AAn?$AAt?$AAi?$AAm?$AAe?$AA?5?$AAe?$AAr?$AAr?$AAo?$AAr?$AA?5?$AA?$AA@ 100171c0     LIBCMT:crt0msg.obj
 0002:000001e0       ??_C@_15JNBOKNOG@?$AA?$AN?$AA?6?$AA?$AA@ 100171e0     LIBCMT:crt0msg.obj
 0002:000001e8       ??_C@_1BM@JBBEPPHI@?$AAT?$AAL?$AAO?$AAS?$AAS?$AA?5?$AAe?$AAr?$AAr?$AAo?$AAr?$AA?$AN?$AA?6?$AA?$AA@ 100171e8     LIBCMT:crt0msg.obj
 0002:00000204       ??_C@_1BK@KMOMNAAI@?$AAS?$AAI?$AAN?$AAG?$AA?5?$AAe?$AAr?$AAr?$AAo?$AAr?$AA?$AN?$AA?6?$AA?$AA@ 10017204     LIBCMT:crt0msg.obj
 0002:00000220       ??_C@_1BO@BFCDCGC@?$AAD?$AAO?$AAM?$AAA?$AAI?$AAN?$AA?5?$AAe?$AAr?$AAr?$AAo?$AAr?$AA?$AN?$AA?6?$AA?$AA@ 10017220     LIBCMT:crt0msg.obj
 0002:00000240       ??_C@_1BOO@KGEDBGAJ@?$AAR?$AA6?$AA0?$AA3?$AA3?$AA?$AN?$AA?6?$AA?9?$AA?5?$AAA?$AAt?$AAt?$AAe?$AAm?$AAp?$AAt?$AA?5?$AAt?$AAo?$AA?5?$AAu?$AAs?$AAe?$AA?5?$AAM?$AAS?$AAI?$AAL?$AA?5?$AAc?$AAo?$AAd@ 10017240     LIBCMT:crt0msg.obj
 0002:00000430       ??_C@_1GG@GOPILAJP@?$AAR?$AA6?$AA0?$AA3?$AA2?$AA?$AN?$AA?6?$AA?9?$AA?5?$AAn?$AAo?$AAt?$AA?5?$AAe?$AAn?$AAo?$AAu?$AAg?$AAh?$AA?5?$AAs?$AAp?$AAa?$AAc?$AAe?$AA?5?$AAf?$AAo?$AAr?$AA?5?$AAl?$AAo@ 10017430     LIBCMT:crt0msg.obj
 0002:00000498       ??_C@_1MG@ENCOOIDF@?$AAR?$AA6?$AA0?$AA3?$AA1?$AA?$AN?$AA?6?$AA?9?$AA?5?$AAA?$AAt?$AAt?$AAe?$AAm?$AAp?$AAt?$AA?5?$AAt?$AAo?$AA?5?$AAi?$AAn?$AAi?$AAt?$AAi?$AAa?$AAl?$AAi?$AAz?$AAe?$AA?5?$AAt@ 10017498     LIBCMT:crt0msg.obj
 0002:00000560       ??_C@_1DO@BMFCDCD@?$AAR?$AA6?$AA0?$AA3?$AA0?$AA?$AN?$AA?6?$AA?9?$AA?5?$AAC?$AAR?$AAT?$AA?5?$AAn?$AAo?$AAt?$AA?5?$AAi?$AAn?$AAi?$AAt?$AAi?$AAa?$AAl?$AAi?$AAz?$AAe?$AAd?$AA?$AN?$AA?6?$AA?$AA@ 10017560     LIBCMT:crt0msg.obj
 0002:000005a0       ??_C@_1EK@HHFLMAOL@?$AAR?$AA6?$AA0?$AA2?$AA8?$AA?$AN?$AA?6?$AA?9?$AA?5?$AAu?$AAn?$AAa?$AAb?$AAl?$AAe?$AA?5?$AAt?$AAo?$AA?5?$AAi?$AAn?$AAi?$AAt?$AAi?$AAa?$AAl?$AAi?$AAz?$AAe?$AA?5?$AAh?$AAe@ 100175a0     LIBCMT:crt0msg.obj
 0002:000005f0       ??_C@_1GK@MFGOKLAG@?$AAR?$AA6?$AA0?$AA2?$AA7?$AA?$AN?$AA?6?$AA?9?$AA?5?$AAn?$AAo?$AAt?$AA?5?$AAe?$AAn?$AAo?$AAu?$AAg?$AAh?$AA?5?$AAs?$AAp?$AAa?$AAc?$AAe?$AA?5?$AAf?$AAo?$AAr?$AA?5?$AAl?$AAo@ 100175f0     LIBCMT:crt0msg.obj
 0002:00000660       ??_C@_1GK@MCAAGJMO@?$AAR?$AA6?$AA0?$AA2?$AA6?$AA?$AN?$AA?6?$AA?9?$AA?5?$AAn?$AAo?$AAt?$AA?5?$AAe?$AAn?$AAo?$AAu?$AAg?$AAh?$AA?5?$AAs?$AAp?$AAa?$AAc?$AAe?$AA?5?$AAf?$AAo?$AAr?$AA?5?$AAs?$AAt@ 10017660     LIBCMT:crt0msg.obj
 0002:000006d0       ??_C@_1EM@MAADIHMB@?$AAR?$AA6?$AA0?$AA2?$AA5?$AA?$AN?$AA?6?$AA?9?$AA?5?$AAp?$AAu?$AAr?$AAe?$AA?5?$AAv?$AAi?$AAr?$AAt?$AAu?$AAa?$AAl?$AA?5?$AAf?$AAu?$AAn?$AAc?$AAt?$AAi?$AAo?$AAn?$AA?5?$AAc@ 100176d0     LIBCMT:crt0msg.obj
 0002:00000720       ??_C@_1GK@FHCKBEFA@?$AAR?$AA6?$AA0?$AA2?$AA4?$AA?$AN?$AA?6?$AA?9?$AA?5?$AAn?$AAo?$AAt?$AA?5?$AAe?$AAn?$AAo?$AAu?$AAg?$AAh?$AA?5?$AAs?$AAp?$AAa?$AAc?$AAe?$AA?5?$AAf?$AAo?$AAr?$AA?5?$AA_?$AAo@ 10017720     LIBCMT:crt0msg.obj
 0002:00000790       ??_C@_1FC@ECHBIFBC@?$AAR?$AA6?$AA0?$AA1?$AA9?$AA?$AN?$AA?6?$AA?9?$AA?5?$AAu?$AAn?$AAa?$AAb?$AAl?$AAe?$AA?5?$AAt?$AAo?$AA?5?$AAo?$AAp?$AAe?$AAn?$AA?5?$AAc?$AAo?$AAn?$AAs?$AAo?$AAl?$AAe?$AA?5@ 10017790     LIBCMT:crt0msg.obj
 0002:000007e8       ??_C@_1EC@JIBHAOPH@?$AAR?$AA6?$AA0?$AA1?$AA8?$AA?$AN?$AA?6?$AA?9?$AA?5?$AAu?$AAn?$AAe?$AAx?$AAp?$AAe?$AAc?$AAt?$AAe?$AAd?$AA?5?$AAh?$AAe?$AAa?$AAp?$AA?5?$AAe?$AAr?$AAr?$AAo?$AAr?$AA?$AN?$AA?6@ 100177e8     LIBCMT:crt0msg.obj
 0002:00000830       ??_C@_1FK@BEOGODMC@?$AAR?$AA6?$AA0?$AA1?$AA7?$AA?$AN?$AA?6?$AA?9?$AA?5?$AAu?$AAn?$AAe?$AAx?$AAp?$AAe?$AAc?$AAt?$AAe?$AAd?$AA?5?$AAm?$AAu?$AAl?$AAt?$AAi?$AAt?$AAh?$AAr?$AAe?$AAa?$AAd?$AA?5@ 10017830     LIBCMT:crt0msg.obj
 0002:00000890       ??_C@_1FI@LOGNIKDM@?$AAR?$AA6?$AA0?$AA1?$AA6?$AA?$AN?$AA?6?$AA?9?$AA?5?$AAn?$AAo?$AAt?$AA?5?$AAe?$AAn?$AAo?$AAu?$AAg?$AAh?$AA?5?$AAs?$AAp?$AAa?$AAc?$AAe?$AA?5?$AAf?$AAo?$AAr?$AA?5?$AAt?$AAh@ 10017890     LIBCMT:crt0msg.obj
 0002:000008e8       ??_C@_1EG@BEHAGFJD@?$AAR?$AA6?$AA0?$AA1?$AA0?$AA?$AN?$AA?6?$AA?9?$AA?5?$AAa?$AAb?$AAo?$AAr?$AAt?$AA?$CI?$AA?$CJ?$AA?5?$AAh?$AAa?$AAs?$AA?5?$AAb?$AAe?$AAe?$AAn?$AA?5?$AAc?$AAa?$AAl?$AAl?$AAe?$AAd@ 100178e8     LIBCMT:crt0msg.obj
 0002:00000930       ??_C@_1FI@HONFMGBI@?$AAR?$AA6?$AA0?$AA0?$AA9?$AA?$AN?$AA?6?$AA?9?$AA?5?$AAn?$AAo?$AAt?$AA?5?$AAe?$AAn?$AAo?$AAu?$AAg?$AAh?$AA?5?$AAs?$AAp?$AAa?$AAc?$AAe?$AA?5?$AAf?$AAo?$AAr?$AA?5?$AAe?$AAn@ 10017930     LIBCMT:crt0msg.obj
 0002:00000988       ??_C@_1FE@LLNEDJMD@?$AAR?$AA6?$AA0?$AA0?$AA8?$AA?$AN?$AA?6?$AA?9?$AA?5?$AAn?$AAo?$AAt?$AA?5?$AAe?$AAn?$AAo?$AAu?$AAg?$AAh?$AA?5?$AAs?$AAp?$AAa?$AAc?$AAe?$AA?5?$AAf?$AAo?$AAr?$AA?5?$AAa?$AAr@ 10017988     LIBCMT:crt0msg.obj
 0002:000009e0       ??_C@_1FK@PGACCAFB@?$AAR?$AA6?$AA0?$AA0?$AA2?$AA?$AN?$AA?6?$AA?9?$AA?5?$AAf?$AAl?$AAo?$AAa?$AAt?$AAi?$AAn?$AAg?$AA?5?$AAp?$AAo?$AAi?$AAn?$AAt?$AA?5?$AAs?$AAu?$AAp?$AAp?$AAo?$AAr?$AAt?$AA?5@ 100179e0     LIBCMT:crt0msg.obj
 0002:00000af0       ??_C@_1EK@MBDPDCGA@?$AAM?$AAi?$AAc?$AAr?$AAo?$AAs?$AAo?$AAf?$AAt?$AA?5?$AAV?$AAi?$AAs?$AAu?$AAa?$AAl?$AA?5?$AAC?$AA?$CL?$AA?$CL?$AA?5?$AAR?$AAu?$AAn?$AAt?$AAi?$AAm?$AAe?$AA?5?$AAL?$AAi?$AAb@ 10017af0     LIBCMT:crt0msg.obj
 0002:00000b3c       ??_C@_15IABLJNFO@?$AA?6?$AA?6?$AA?$AA@ 10017b3c     LIBCMT:crt0msg.obj
 0002:00000b44       ??_C@_17LGKOMLJ@?$AA?4?$AA?4?$AA?4?$AA?$AA@ 10017b44     LIBCMT:crt0msg.obj
 0002:00000b4c       ??_C@_1CO@EAEJAADC@?$AA?$DM?$AAp?$AAr?$AAo?$AAg?$AAr?$AAa?$AAm?$AA?5?$AAn?$AAa?$AAm?$AAe?$AA?5?$AAu?$AAn?$AAk?$AAn?$AAo?$AAw?$AAn?$AA?$DO?$AA?$AA@ 10017b4c     LIBCMT:crt0msg.obj
 0002:00000b7c       ??_C@_1DE@JNGNBFGO@?$AAR?$AAu?$AAn?$AAt?$AAi?$AAm?$AAe?$AA?5?$AAE?$AAr?$AAr?$AAo?$AAr?$AA?$CB?$AA?6?$AA?6?$AAP?$AAr?$AAo?$AAg?$AAr?$AAa?$AAm?$AA?3?$AA?5?$AA?$AA@ 10017b7c     LIBCMT:crt0msg.obj
 0002:00000bb0       ??_C@_1BK@DBDEIDLH@?$AAK?$AAE?$AAR?$AAN?$AAE?$AAL?$AA3?$AA2?$AA?4?$AAD?$AAL?$AAL?$AA?$AA@ 10017bb0     LIBCMT:tidtable.obj
 0002:00000bcc       ??_C@_07PEJMOBNF@FlsFree?$AA@ 10017bcc     LIBCMT:tidtable.obj
 0002:00000bd4       ??_C@_0M@JCPCPOEF@FlsSetValue?$AA@ 10017bd4     LIBCMT:tidtable.obj
 0002:00000be0       ??_C@_0M@GDNOONDI@FlsGetValue?$AA@ 10017be0     LIBCMT:tidtable.obj
 0002:00000bec       ??_C@_08KNHFBNJ@FlsAlloc?$AA@ 10017bec     LIBCMT:tidtable.obj
 0002:00000bf8       ??_C@_1O@CEDCILHN@?$AA?$CI?$AAn?$AAu?$AAl?$AAl?$AA?$CJ?$AA?$AA@ 10017bf8     LIBCMT:output.obj
 0002:00000c08       ??_C@_06OJHGLDPL@?$CInull?$CJ?$AA@ 10017c08     LIBCMT:output.obj
 0002:00000c10       ___lookuptable             10017c10     LIBCMT:output.obj
 0002:00000c70       __XcptActTab               10017c70     LIBCMT:winxfltr.obj
 0002:00000d00       __First_FPE_Indx           10017d00     LIBCMT:winxfltr.obj
 0002:00000d04       __Num_FPE                  10017d04     LIBCMT:winxfltr.obj
 0002:00000d08       __XcptActTabSize           10017d08     LIBCMT:winxfltr.obj
 0002:00000d0c       __XcptActTabCount          10017d0c     LIBCMT:winxfltr.obj
 0002:00000d10       ??_C@_0BI@DFKBFLJE@GetProcessWindowStation?$AA@ 10017d10     LIBCMT:crtmboxw.obj
 0002:00000d28       ??_C@_0BK@DEKFELLI@GetUserObjectInformationW?$AA@ 10017d28     LIBCMT:crtmboxw.obj
 0002:00000d44       ??_C@_0BD@HHGDFDBJ@GetLastActivePopup?$AA@ 10017d44     LIBCMT:crtmboxw.obj
 0002:00000d58       ??_C@_0BA@HNOPNCHB@GetActiveWindow?$AA@ 10017d58     LIBCMT:crtmboxw.obj
 0002:00000d68       ??_C@_0M@DLDCCGNP@MessageBoxW?$AA@ 10017d68     LIBCMT:crtmboxw.obj
 0002:00000d74       ??_C@_1BG@GOEBHBDC@?$AAU?$AAS?$AAE?$AAR?$AA3?$AA2?$AA?4?$AAD?$AAL?$AAL?$AA?$AA@ 10017d74     LIBCMT:crtmboxw.obj
 0002:00000d8c       ??_C@_1BC@GDGBMEMK@?$AAH?$AAH?$AA?3?$AAm?$AAm?$AA?3?$AAs?$AAs?$AA?$AA@ 10017d8c     LIBCMT:nlsdata2.obj
 0002:00000da0       ??_C@_1CI@KNAKOEBC@?$AAd?$AAd?$AAd?$AAd?$AA?0?$AA?5?$AAM?$AAM?$AAM?$AAM?$AA?5?$AAd?$AAd?$AA?0?$AA?5?$AAy?$AAy?$AAy?$AAy?$AA?$AA@ 10017da0     LIBCMT:nlsdata2.obj
 0002:00000dc8       ??_C@_1BC@IEBCMHCM@?$AAM?$AAM?$AA?1?$AAd?$AAd?$AA?1?$AAy?$AAy?$AA?$AA@ 10017dc8     LIBCMT:nlsdata2.obj
 0002:00000ddc       ??_C@_15CLMNNGEL@?$AAP?$AAM?$AA?$AA@ 10017ddc     LIBCMT:nlsdata2.obj
 0002:00000de4       ??_C@_15ODEHAHHF@?$AAA?$AAM?$AA?$AA@ 10017de4     LIBCMT:nlsdata2.obj
 0002:00000dec       ??_C@_1BC@FEMKIFH@?$AAD?$AAe?$AAc?$AAe?$AAm?$AAb?$AAe?$AAr?$AA?$AA@ 10017dec     LIBCMT:nlsdata2.obj
 0002:00000e00       ??_C@_1BC@BGLIFPF@?$AAN?$AAo?$AAv?$AAe?$AAm?$AAb?$AAe?$AAr?$AA?$AA@ 10017e00     LIBCMT:nlsdata2.obj
 0002:00000e14       ??_C@_1BA@EPANDLNG@?$AAO?$AAc?$AAt?$AAo?$AAb?$AAe?$AAr?$AA?$AA@ 10017e14     LIBCMT:nlsdata2.obj
 0002:00000e24       ??_C@_1BE@DKAAMBJL@?$AAS?$AAe?$AAp?$AAt?$AAe?$AAm?$AAb?$AAe?$AAr?$AA?$AA@ 10017e24     LIBCMT:nlsdata2.obj
 0002:00000e38       ??_C@_1O@PAHLKOAC@?$AAA?$AAu?$AAg?$AAu?$AAs?$AAt?$AA?$AA@ 10017e38     LIBCMT:nlsdata2.obj
 0002:00000e48       ??_C@_19BIFMLPCD@?$AAJ?$AAu?$AAl?$AAy?$AA?$AA@ 10017e48     LIBCMT:nlsdata2.obj
 0002:00000e54       ??_C@_19EPFLPGAP@?$AAJ?$AAu?$AAn?$AAe?$AA?$AA@ 10017e54     LIBCMT:nlsdata2.obj
 0002:00000e60       ??_C@_1M@GJNLMHFD@?$AAA?$AAp?$AAr?$AAi?$AAl?$AA?$AA@ 10017e60     LIBCMT:nlsdata2.obj
 0002:00000e6c       ??_C@_1M@IKEENEDF@?$AAM?$AAa?$AAr?$AAc?$AAh?$AA?$AA@ 10017e6c     LIBCMT:nlsdata2.obj
 0002:00000e78       ??_C@_1BC@JGDDFFAM@?$AAF?$AAe?$AAb?$AAr?$AAu?$AAa?$AAr?$AAy?$AA?$AA@ 10017e78     LIBCMT:nlsdata2.obj
 0002:00000e8c       ??_C@_1BA@EFMEIEBA@?$AAJ?$AAa?$AAn?$AAu?$AAa?$AAr?$AAy?$AA?$AA@ 10017e8c     LIBCMT:nlsdata2.obj
 0002:00000e9c       ??_C@_17EGKACKIF@?$AAD?$AAe?$AAc?$AA?$AA@ 10017e9c     LIBCMT:nlsdata2.obj
 0002:00000ea4       ??_C@_17BBDMLCIG@?$AAN?$AAo?$AAv?$AA?$AA@ 10017ea4     LIBCMT:nlsdata2.obj
 0002:00000eac       ??_C@_17FNLKOI@?$AAO?$AAc?$AAt?$AA?$AA@ 10017eac     LIBCMT:nlsdata2.obj
 0002:00000eb4       ??_C@_17HCHCOKMG@?$AAS?$AAe?$AAp?$AA?$AA@ 10017eb4     LIBCMT:nlsdata2.obj
 0002:00000ebc       ??_C@_17ICPELBCN@?$AAA?$AAu?$AAg?$AA?$AA@ 10017ebc     LIBCMT:nlsdata2.obj
 0002:00000ec4       ??_C@_17IJPCKHK@?$AAJ?$AAu?$AAl?$AA?$AA@ 10017ec4     LIBCMT:nlsdata2.obj
 0002:00000ecc       ??_C@_17KCJGOCPB@?$AAJ?$AAu?$AAn?$AA?$AA@ 10017ecc     LIBCMT:nlsdata2.obj
 0002:00000ed4       ??_C@_17PNNKMEED@?$AAM?$AAa?$AAy?$AA?$AA@ 10017ed4     LIBCMT:nlsdata2.obj
 0002:00000edc       ??_C@_17LFPOIHDD@?$AAA?$AAp?$AAr?$AA?$AA@ 10017edc     LIBCMT:nlsdata2.obj
 0002:00000ee4       ??_C@_17CKNLEDEC@?$AAM?$AAa?$AAr?$AA?$AA@ 10017ee4     LIBCMT:nlsdata2.obj
 0002:00000eec       ??_C@_17LMDJEKJN@?$AAF?$AAe?$AAb?$AA?$AA@ 10017eec     LIBCMT:nlsdata2.obj
 0002:00000ef4       ??_C@_17DKNBKCHM@?$AAJ?$AAa?$AAn?$AA?$AA@ 10017ef4     LIBCMT:nlsdata2.obj
 0002:00000efc       ??_C@_1BC@ENMNNPAJ@?$AAS?$AAa?$AAt?$AAu?$AAr?$AAd?$AAa?$AAy?$AA?$AA@ 10017efc     LIBCMT:nlsdata2.obj
 0002:00000f10       ??_C@_1O@PDICJHAG@?$AAF?$AAr?$AAi?$AAd?$AAa?$AAy?$AA?$AA@ 10017f10     LIBCMT:nlsdata2.obj
 0002:00000f20       ??_C@_1BC@HHMNLIHE@?$AAT?$AAh?$AAu?$AAr?$AAs?$AAd?$AAa?$AAy?$AA?$AA@ 10017f20     LIBCMT:nlsdata2.obj
 0002:00000f34       ??_C@_1BE@EBOGMDOH@?$AAW?$AAe?$AAd?$AAn?$AAe?$AAs?$AAd?$AAa?$AAy?$AA?$AA@ 10017f34     LIBCMT:nlsdata2.obj
 0002:00000f48       ??_C@_1BA@ENFBFFEK@?$AAT?$AAu?$AAe?$AAs?$AAd?$AAa?$AAy?$AA?$AA@ 10017f48     LIBCMT:nlsdata2.obj
 0002:00000f58       ??_C@_1O@MMNBFLIA@?$AAM?$AAo?$AAn?$AAd?$AAa?$AAy?$AA?$AA@ 10017f58     LIBCMT:nlsdata2.obj
 0002:00000f68       ??_C@_1O@IHNHDHPB@?$AAS?$AAu?$AAn?$AAd?$AAa?$AAy?$AA?$AA@ 10017f68     LIBCMT:nlsdata2.obj
 0002:00000f78       ??_C@_17GGIBDPIH@?$AAS?$AAa?$AAt?$AA?$AA@ 10017f78     LIBCMT:nlsdata2.obj
 0002:00000f80       ??_C@_17HFOLPPLP@?$AAF?$AAr?$AAi?$AA?$AA@ 10017f80     LIBCMT:nlsdata2.obj
 0002:00000f88       ??_C@_17PDPHAADD@?$AAT?$AAh?$AAu?$AA?$AA@ 10017f88     LIBCMT:nlsdata2.obj
 0002:00000f90       ??_C@_17CJEDCEPE@?$AAW?$AAe?$AAd?$AA?$AA@ 10017f90     LIBCMT:nlsdata2.obj
 0002:00000f98       ??_C@_17BMKGEGOJ@?$AAT?$AAu?$AAe?$AA?$AA@ 10017f98     LIBCMT:nlsdata2.obj
 0002:00000fa0       ??_C@_17KBOMKBF@?$AAM?$AAo?$AAn?$AA?$AA@ 10017fa0     LIBCMT:nlsdata2.obj
 0002:00000fa8       ??_C@_17MBGCMIPB@?$AAS?$AAu?$AAn?$AA?$AA@ 10017fa8     LIBCMT:nlsdata2.obj
 0002:00000fb0       ??_C@_08JCCMCCIL@HH?3mm?3ss?$AA@ 10017fb0     LIBCMT:nlsdata2.obj
 0002:00000fbc       ??_C@_0BE@CKGJFCPC@dddd?0?5MMMM?5dd?0?5yyyy?$AA@ 10017fbc     LIBCMT:nlsdata2.obj
 0002:00000fd0       ??_C@_08BPBNCDIB@MM?1dd?1yy?$AA@ 10017fd0     LIBCMT:nlsdata2.obj
 0002:00000fdc       ??_C@_02CJNFDJBF@PM?$AA@   10017fdc     LIBCMT:nlsdata2.obj
 0002:00000fe0       ??_C@_02DEDBPAFC@AM?$AA@   10017fe0     LIBCMT:nlsdata2.obj
 0002:00000fe4       ??_C@_08EDHMEBNP@December?$AA@ 10017fe4     LIBCMT:nlsdata2.obj
 0002:00000ff0       ??_C@_08HCHEGEOA@November?$AA@ 10017ff0     LIBCMT:nlsdata2.obj
 0002:00000ffc       ??_C@_07JJNFCEND@October?$AA@ 10017ffc     LIBCMT:nlsdata2.obj
 0002:00001004       ??_C@_09BHHEALKD@September?$AA@ 10018004     LIBCMT:nlsdata2.obj
 0002:00001010       ??_C@_06LBBHFDDG@August?$AA@ 10018010     LIBCMT:nlsdata2.obj
 0002:00001018       ??_C@_04MIEPOIFP@July?$AA@ 10018018     LIBCMT:nlsdata2.obj
 0002:00001020       ??_C@_04CNLMGBGM@June?$AA@ 10018020     LIBCMT:nlsdata2.obj
 0002:00001028       ??_C@_05DMJDNLEJ@April?$AA@ 10018028     LIBCMT:nlsdata2.obj
 0002:00001030       ??_C@_05HPCKOFNC@March?$AA@ 10018030     LIBCMT:nlsdata2.obj
 0002:00001038       ??_C@_08GNJGEPFN@February?$AA@ 10018038     LIBCMT:nlsdata2.obj
 0002:00001044       ??_C@_07CGJPFGJA@January?$AA@ 10018044     LIBCMT:nlsdata2.obj
 0002:0000104c       ??_C@_03MKABNOCG@Dec?$AA@  1001804c     LIBCMT:nlsdata2.obj
 0002:00001050       ??_C@_03JPJOFNIA@Nov?$AA@  10018050     LIBCMT:nlsdata2.obj
 0002:00001054       ??_C@_03BMAOKBAD@Oct?$AA@  10018054     LIBCMT:nlsdata2.obj
 0002:00001058       ??_C@_03GGCAPAJC@Sep?$AA@  10018058     LIBCMT:nlsdata2.obj
 0002:0000105c       ??_C@_03IFJFEIGA@Aug?$AA@  1001805c     LIBCMT:nlsdata2.obj
 0002:00001060       ??_C@_03LBGABGKK@Jul?$AA@  10018060     LIBCMT:nlsdata2.obj
 0002:00001064       ??_C@_03IDFGHECI@Jun?$AA@  10018064     LIBCMT:nlsdata2.obj
 0002:00001068       ??_C@_03CNMDKL@May?$AA@    10018068     LIBCMT:nlsdata2.obj
 0002:0000106c       ??_C@_03LEOLGMJP@Apr?$AA@  1001806c     LIBCMT:nlsdata2.obj
 0002:00001070       ??_C@_03ODNJBKGA@Mar?$AA@  10018070     LIBCMT:nlsdata2.obj
 0002:00001074       ??_C@_03HJBDCHOM@Feb?$AA@  10018074     LIBCMT:nlsdata2.obj
 0002:00001078       ??_C@_03JIHJHPIE@Jan?$AA@  10018078     LIBCMT:nlsdata2.obj
 0002:0000107c       ??_C@_08INBOOONO@Saturday?$AA@ 1001807c     LIBCMT:nlsdata2.obj
 0002:00001088       ??_C@_06JECMNKMI@Friday?$AA@ 10018088     LIBCMT:nlsdata2.obj
 0002:00001090       ??_C@_08HACCIKIA@Thursday?$AA@ 10018090     LIBCMT:nlsdata2.obj
 0002:0000109c       ??_C@_09DLIGFAKA@Wednesday?$AA@ 1001809c     LIBCMT:nlsdata2.obj
 0002:000010a8       ??_C@_07BAAGCFCM@Tuesday?$AA@ 100180a8     LIBCMT:nlsdata2.obj
 0002:000010b0       ??_C@_06JLEDEDGH@Monday?$AA@ 100180b0     LIBCMT:nlsdata2.obj
 0002:000010b8       ??_C@_06OOPIFAJ@Sunday?$AA@ 100180b8     LIBCMT:nlsdata2.obj
 0002:000010c0       ??_C@_03FEFJNEK@Sat?$AA@   100180c0     LIBCMT:nlsdata2.obj
 0002:000010c4       ??_C@_03IDIOELNC@Fri?$AA@  100180c4     LIBCMT:nlsdata2.obj
 0002:000010c8       ??_C@_03IOFIKPDN@Thu?$AA@  100180c8     LIBCMT:nlsdata2.obj
 0002:000010cc       ??_C@_03MHOMLAJA@Wed?$AA@  100180cc     LIBCMT:nlsdata2.obj
 0002:000010d0       ??_C@_03NAGEINEP@Tue?$AA@  100180d0     LIBCMT:nlsdata2.obj
 0002:000010d4       ??_C@_03PDAGKDH@Mon?$AA@   100180d4     LIBCMT:nlsdata2.obj
 0002:000010d8       ??_C@_03KOEHGMDN@Sun?$AA@  100180d8     LIBCMT:nlsdata2.obj
 0002:000010e0       ___lookuptable_s           100180e0     LIBCMT:outputs.obj
 0002:00001140       ___newctype                10018140     LIBCMT:ctype.obj
 0002:00001440       __wctype                   10018440     LIBCMT:ctype.obj
 0002:00001648       ___newclmap                10018648     LIBCMT:ctype.obj
 0002:000017c8       ___newcumap                100187c8     LIBCMT:ctype.obj
 0002:00001948       ??_C@_1BA@BALFACEM@?$AAC?$AAO?$AAN?$AAO?$AAU?$AAT?$AA$?$AA?$AA@ 10018948     LIBCMT:initcon.obj
 0002:000019d8       ??_C@_09LAIKOIHJ@available?$AA@ 100189d8     backend.obj
 0002:000019e4       ??_C@_09GLAMPMBA@requested?$AA@ 100189e4     backend.obj
 0002:000019f0       ??_C@_0BH@JJMOKBLI@TBBmalloc?3?5huge?5pages?7?$AA@ 100189f0     backend.obj
 0002:00001a08       ??_C@_04LKOGMCLF@not?5?$AA@ 10018a08     backend.obj
 0002:00001a10       ??_C@_01EEMJAFIK@?6?$AA@   10018a10     backend.obj
 0002:00001a14       ??_C@_0CL@PHAMFLPE@Assertion?5?$CFs?5failed?5on?5line?5?$CFd?5o@ 10018a14     tbbmalloc.obj
 0002:00001a40       ??_C@_0BK@GNEKDGNN@Detailed?5description?3?5?$CFs?6?$AA@ 10018a40     tbbmalloc.obj
 0002:00001a5c       ??_C@_07CIFAGBMG@unknown?$AA@ 10018a5c     itt_notify.obj
 0002:00001a64       ??_C@_0P@DIALKHB@__itt_av_saveW?$AA@ 10018a64     itt_notify.obj
 0002:00001a74       ??_C@_0P@BPBIAPKG@__itt_av_saveA?$AA@ 10018a74     itt_notify.obj
 0002:00001a84       ??_C@_0BC@LLDNPJMG@__itt_api_version?$AA@ 10018a84     itt_notify.obj
 0002:00001a98       ??_C@_0BA@LBIEJOAG@__itt_set_track?$AA@ 10018a98     itt_notify.obj
 0002:00001aa8       ??_C@_0BD@JAMANPOD@__itt_track_create?$AA@ 10018aa8     itt_notify.obj
 0002:00001abc       ??_C@_0BJ@DABHBHOM@__itt_track_group_create?$AA@ 10018abc     itt_notify.obj
 0002:00001ad8       ??_C@_0BG@JDIAGKMO@__itt_relation_add_ex?$AA@ 10018ad8     itt_notify.obj
 0002:00001af0       ??_C@_0CB@LKKGPFIK@__itt_relation_add_to_current_ex@ 10018af0     itt_notify.obj
 0002:00001b14       ??_C@_0CD@BPIEHFJO@__itt_metadata_str_add_with_scop@ 10018b14     itt_notify.obj
 0002:00001b38       ??_C@_0CD@DBMMAEJ@__itt_metadata_str_add_with_scop@ 10018b38     itt_notify.obj
 0002:00001b5c       ??_C@_0BO@IBJHPIEA@__itt_metadata_add_with_scope?$AA@ 10018b5c     itt_notify.obj
 0002:00001b7c       ??_C@_0BA@PCFAJFBL@__itt_marker_ex?$AA@ 10018b7c     itt_notify.obj
 0002:00001b8c       ??_C@_0BN@FCHCPDLJ@__itt_task_end_overlapped_ex?$AA@ 10018b8c     itt_notify.obj
 0002:00001bac       ??_C@_0BK@MBKJKMLA@__itt_task_end_overlapped?$AA@ 10018bac     itt_notify.obj
 0002:00001bc8       ??_C@_0BP@OLNBFIEO@__itt_task_begin_overlapped_ex?$AA@ 10018bc8     itt_notify.obj
 0002:00001be8       ??_C@_0BM@LOFKKKAI@__itt_task_begin_overlapped?$AA@ 10018be8     itt_notify.obj
 0002:00001c04       ??_C@_0BC@IHANJPKN@__itt_task_end_ex?$AA@ 10018c04     itt_notify.obj
 0002:00001c18       ??_C@_0BH@GFGAIAHE@__itt_task_begin_fn_ex?$AA@ 10018c18     itt_notify.obj
 0002:00001c30       ??_C@_0BE@ECBGBIGN@__itt_task_begin_ex?$AA@ 10018c30     itt_notify.obj
 0002:00001c44       ??_C@_0BE@EFLGOLGG@__itt_id_destroy_ex?$AA@ 10018c44     itt_notify.obj
 0002:00001c58       ??_C@_0BD@FNAGFCCD@__itt_id_create_ex?$AA@ 10018c58     itt_notify.obj
 0002:00001c6c       ??_C@_0BJ@NEHPBEIJ@__itt_clock_domain_reset?$AA@ 10018c6c     itt_notify.obj
 0002:00001c88       ??_C@_0BK@DDICILFO@__itt_clock_domain_create?$AA@ 10018c88     itt_notify.obj
 0002:00001ca4       ??_C@_0BJ@CKPCIJLD@__itt_stack_callee_leave?$AA@ 10018ca4     itt_notify.obj
 0002:00001cc0       ??_C@_0BJ@GAJNHHI@__itt_stack_callee_enter?$AA@ 10018cc0     itt_notify.obj
 0002:00001cdc       ??_C@_0BL@JHNLMFN@__itt_stack_caller_destroy?$AA@ 10018cdc     itt_notify.obj
 0002:00001cf8       ??_C@_0BK@EPFIOCIO@__itt_stack_caller_create?$AA@ 10018cf8     itt_notify.obj
 0002:00001d14       ??_C@_0BG@CDJIJGAC@__itt_mark_global_off?$AA@ 10018d14     itt_notify.obj
 0002:00001d2c       ??_C@_0BD@NNIHGMPA@__itt_mark_globalW?$AA@ 10018d2c     itt_notify.obj
 0002:00001d40       ??_C@_0BD@MBBPNJCH@__itt_mark_globalA?$AA@ 10018d40     itt_notify.obj
 0002:00001d54       ??_C@_0P@CFDOAOOE@__itt_mark_off?$AA@ 10018d54     itt_notify.obj
 0002:00001d64       ??_C@_0M@DMMPKLGE@__itt_markW?$AA@ 10018d64     itt_notify.obj
 0002:00001d70       ??_C@_0M@CAFHBOLD@__itt_markA?$AA@ 10018d70     itt_notify.obj
 0002:00001d7c       ??_C@_0BD@OAABEAAN@__itt_mark_createW?$AA@ 10018d7c     itt_notify.obj
 0002:00001d90       ??_C@_0BD@PMJJPFNK@__itt_mark_createA?$AA@ 10018d90     itt_notify.obj
 0002:00001da4       ??_C@_0BI@BNDIOJN@__itt_counter_inc_delta?$AA@ 10018da4     itt_notify.obj
 0002:00001dbc       ??_C@_0BC@JMKIDDKB@__itt_counter_inc?$AA@ 10018dbc     itt_notify.obj
 0002:00001dd0       ??_C@_0BG@KGFLOPCN@__itt_counter_destroy?$AA@ 10018dd0     itt_notify.obj
 0002:00001de8       ??_C@_0BG@FAJDGOCG@__itt_counter_createW?$AA@ 10018de8     itt_notify.obj
 0002:00001e00       ??_C@_0BG@EMALNLPB@__itt_counter_createA?$AA@ 10018e00     itt_notify.obj
 0002:00001e18       ??_C@_0BA@ECPMFCGG@__itt_frame_end?$AA@ 10018e18     itt_notify.obj
 0002:00001e28       ??_C@_0BC@HCNKKGME@__itt_frame_begin?$AA@ 10018e28     itt_notify.obj
 0002:00001e3c       ??_C@_0BE@HAKFLPK@__itt_frame_createW?$AA@ 10018e3c     itt_notify.obj
 0002:00001e50       ??_C@_0BE@BLJCOOCN@__itt_frame_createA?$AA@ 10018e50     itt_notify.obj
 0002:00001e64       ??_C@_0BD@EBCLOJDM@__itt_thr_mode_set?$AA@ 10018e64     itt_notify.obj
 0002:00001e78       ??_C@_0BD@OMOHDNKK@__itt_obj_mode_set?$AA@ 10018e78     itt_notify.obj
 0002:00001e8c       ??_C@_0BA@DBMCENKO@__itt_state_set?$AA@ 10018e8c     itt_notify.obj
 0002:00001e9c       ??_C@_0BA@OOLJINGG@__itt_state_get?$AA@ 10018e9c     itt_notify.obj
 0002:00001eac       ??_C@_0BE@PDNEALBC@__itt_memory_update?$AA@ 10018eac     itt_notify.obj
 0002:00001ec0       ??_C@_0BD@NMPEKHPI@__itt_memory_write?$AA@ 10018ec0     itt_notify.obj
 0002:00001ed4       ??_C@_0BC@FOINABEG@__itt_memory_read?$AA@ 10018ed4     itt_notify.obj
 0002:00001ee8       ??_C@_0BM@MDHJMDPI@__itt_notify_sync_releasing?$AA@ 10018ee8     itt_notify.obj
 0002:00001f04       ??_C@_0BL@ILFPBIOK@__itt_notify_sync_acquired?$AA@ 10018f04     itt_notify.obj
 0002:00001f20       ??_C@_0BJ@DIOKJHB@__itt_notify_sync_cancel?$AA@ 10018f20     itt_notify.obj
 0002:00001f3c       ??_C@_0BK@EPNEOEMG@__itt_notify_sync_prepare?$AA@ 10018f3c     itt_notify.obj
 0002:00001f58       ??_C@_0BI@DLJJMEAC@__itt_notify_sync_nameW?$AA@ 10018f58     itt_notify.obj
 0002:00001f70       ??_C@_0BI@CHABHBNF@__itt_notify_sync_nameA?$AA@ 10018f70     itt_notify.obj
 0002:00001f88       ??_C@_0BF@MDMGAPCJ@__itt_sync_set_nameW?$AA@ 10018f88     itt_notify.obj
 0002:00001fa0       ??_C@_0BF@NPFOLKPO@__itt_sync_set_nameA?$AA@ 10018fa0     itt_notify.obj
 0002:00001fb8       ??_C@_0BA@IJAPHNDA@__itt_event_end?$AA@ 10018fb8     itt_notify.obj
 0002:00001fc8       ??_C@_0BC@CFNFCMCG@__itt_event_start?$AA@ 10018fc8     itt_notify.obj
 0002:00001fdc       ??_C@_0BE@OJFKKDBP@__itt_event_createW?$AA@ 10018fdc     itt_notify.obj
 0002:00001ff0       ??_C@_0BE@PFMCBGMI@__itt_event_createA?$AA@ 10018ff0     itt_notify.obj
 0002:00002004       ??_C@_0BD@OKAHNEKP@__itt_relation_add?$AA@ 10019004     itt_notify.obj
 0002:00002018       ??_C@_0BO@OPDDBKND@__itt_relation_add_to_current?$AA@ 10019018     itt_notify.obj
 0002:00002038       ??_C@_0BI@MINNPODC@__itt_metadata_str_addW?$AA@ 10019038     itt_notify.obj
 0002:00002050       ??_C@_0BI@NEEFELOF@__itt_metadata_str_addA?$AA@ 10019050     itt_notify.obj
 0002:00002068       ??_C@_0BD@IGOPKBOL@__itt_metadata_add?$AA@ 10019068     itt_notify.obj
 0002:0000207c       ??_C@_0N@HAAFEAGA@__itt_marker?$AA@ 1001907c     itt_notify.obj
 0002:0000208c       ??_C@_0BL@HIGIHDCP@__itt_counter_inc_delta_v3?$AA@ 1001908c     itt_notify.obj
 0002:000020a8       ??_C@_0BF@MDKFBHAH@__itt_counter_inc_v3?$AA@ 100190a8     itt_notify.obj
 0002:000020c0       ??_C@_0P@NALCCCCE@__itt_task_end?$AA@ 100190c0     itt_notify.obj
 0002:000020d0       ??_C@_0BE@FMMIBDOD@__itt_task_begin_fn?$AA@ 100190d0     itt_notify.obj
 0002:000020e4       ??_C@_0BB@OAJAGIDB@__itt_task_begin?$AA@ 100190e4     itt_notify.obj
 0002:000020f8       ??_C@_0BB@GGFEPPDE@__itt_task_group?$AA@ 100190f8     itt_notify.obj
 0002:0000210c       ??_C@_0BG@BPCLPPEH@__itt_frame_submit_v3?$AA@ 1001910c     itt_notify.obj
 0002:00002124       ??_C@_0BD@EHKFFIBH@__itt_frame_end_v3?$AA@ 10019124     itt_notify.obj
 0002:00002138       ??_C@_0BF@DPIEHAGN@__itt_frame_begin_v3?$AA@ 10019138     itt_notify.obj
 0002:00002150       ??_C@_0BB@NDFOOFIC@__itt_region_end?$AA@ 10019150     itt_notify.obj
 0002:00002164       ??_C@_0BD@BNMNCHKB@__itt_region_begin?$AA@ 10019164     itt_notify.obj
 0002:00002178       ??_C@_0BE@FLOGCMMH@__itt_get_timestamp?$AA@ 10019178     itt_notify.obj
 0002:0000218c       ??_C@_0BB@CBOOIDDL@__itt_id_destroy?$AA@ 1001918c     itt_notify.obj
 0002:000021a0       ??_C@_0BA@NONPBKLG@__itt_id_create?$AA@ 100191a0     itt_notify.obj
 0002:000021b0       ??_C@_0BC@EGKDFPLB@__itt_heap_record?$AA@ 100191b0     itt_notify.obj
 0002:000021c4       ??_C@_0BL@IHEFPDEL@__itt_heap_reset_detection?$AA@ 100191c4     itt_notify.obj
 0002:000021e0       ??_C@_0CE@EDHBOICD@__itt_heap_record_memory_growth_@ 100191e0     itt_notify.obj
 0002:00002204       ??_C@_0CG@NEGAEGJL@__itt_heap_record_memory_growth_@ 10019204     itt_notify.obj
 0002:0000222c       ??_C@_0BP@BFPCKPOF@__itt_heap_internal_access_end?$AA@ 1001922c     itt_notify.obj
 0002:0000224c       ??_C@_0CB@KBHILEOD@__itt_heap_internal_access_begin@ 1001924c     itt_notify.obj
 0002:00002270       ??_C@_0BK@FIIKJCHI@__itt_heap_reallocate_end?$AA@ 10019270     itt_notify.obj
 0002:0000228c       ??_C@_0BM@DNPPEBNN@__itt_heap_reallocate_begin?$AA@ 1001928c     itt_notify.obj
 0002:000022a8       ??_C@_0BE@IBCGGMHF@__itt_heap_free_end?$AA@ 100192a8     itt_notify.obj
 0002:000022bc       ??_C@_0BG@NCFEDJCH@__itt_heap_free_begin?$AA@ 100192bc     itt_notify.obj
 0002:000022d4       ??_C@_0BI@BKGPODF@__itt_heap_allocate_end?$AA@ 100192d4     itt_notify.obj
 0002:000022ec       ??_C@_0BK@DMCMAEMK@__itt_heap_allocate_begin?$AA@ 100192ec     itt_notify.obj
 0002:00002308       ??_C@_0BM@ICKDPIPF@__itt_heap_function_createW?$AA@ 10019308     itt_notify.obj
 0002:00002324       ??_C@_0BM@JODLENCC@__itt_heap_function_createA?$AA@ 10019324     itt_notify.obj
 0002:00002340       ??_C@_0BI@GMOGAHA@__itt_model_disable_pop?$AA@ 10019340     itt_notify.obj
 0002:00002358       ??_C@_0BJ@MAMFFHFB@__itt_model_disable_push?$AA@ 10019358     itt_notify.obj
 0002:00002374       ??_C@_0BL@FOHNDHC@__itt_model_aggregate_task?$AA@ 10019374     itt_notify.obj
 0002:00002390       ??_C@_0BL@DLFEFEBG@__itt_model_lock_release_2?$AA@ 10019390     itt_notify.obj
 0002:000023ac       ??_C@_0BL@NFIEAEJO@__itt_model_lock_acquire_2?$AA@ 100193ac     itt_notify.obj
 0002:000023c8       ??_C@_0BH@IGHEHPKB@__itt_model_task_end_2?$AA@ 100193c8     itt_notify.obj
 0002:000023e0       ??_C@_0BH@MNHDFFCN@__itt_model_site_end_2?$AA@ 100193e0     itt_notify.obj
 0002:000023f8       ??_C@_0BN@PCNJFOHN@__itt_model_iteration_taskAL?$AA@ 100193f8     itt_notify.obj
 0002:00002418       ??_C@_0BM@MEDEDOOI@__itt_model_iteration_taskA?$AA@ 10019418     itt_notify.obj
 0002:00002434       ??_C@_0BJ@HLNOFCPO@__itt_model_task_beginAL?$AA@ 10019434     itt_notify.obj
 0002:00002450       ??_C@_0BI@BABDFNHB@__itt_model_task_beginA?$AA@ 10019450     itt_notify.obj
 0002:00002468       ??_C@_0BJ@DHFDAHGI@__itt_model_site_beginAL?$AA@ 10019468     itt_notify.obj
 0002:00002484       ??_C@_0BI@PEFGJFFA@__itt_model_site_beginA?$AA@ 10019484     itt_notify.obj
 0002:0000249c       ??_C@_0BM@NIKMILDP@__itt_model_iteration_taskW?$AA@ 1001949c     itt_notify.obj
 0002:000024b8       ??_C@_0BI@MILOIKG@__itt_model_task_beginW?$AA@ 100194b8     itt_notify.obj
 0002:000024d0       ??_C@_0BI@OIMOCAIH@__itt_model_site_beginW?$AA@ 100194d0     itt_notify.obj
 0002:000024e8       ??_C@_0BH@KLLGKJEK@__itt_model_clear_uses?$AA@ 100194e8     itt_notify.obj
 0002:00002500       ??_C@_0BJ@ECNIEHOA@__itt_model_observe_uses?$AA@ 10019500     itt_notify.obj
 0002:0000251c       ??_C@_0BL@JJCGLNKA@__itt_model_reduction_uses?$AA@ 1001951c     itt_notify.obj
 0002:00002538       ??_C@_0BL@EMIILPPM@__itt_model_induction_uses?$AA@ 10019538     itt_notify.obj
 0002:00002554       ??_C@_0CA@BLKMEFKM@__itt_model_record_deallocation?$AA@ 10019554     itt_notify.obj
 0002:00002574       ??_C@_0BO@CMNEKAED@__itt_model_record_allocation?$AA@ 10019574     itt_notify.obj
 0002:00002594       ??_C@_0BJ@DKFLKCDG@__itt_model_lock_release?$AA@ 10019594     itt_notify.obj
 0002:000025b0       ??_C@_0BJ@LAGBGFNL@__itt_model_lock_acquire?$AA@ 100195b0     itt_notify.obj
 0002:000025cc       ??_C@_0BF@DBIHPNLD@__itt_model_task_end?$AA@ 100195cc     itt_notify.obj
 0002:000025e4       ??_C@_0BH@MIPMFKJM@__itt_model_task_begin?$AA@ 100195e4     itt_notify.obj
 0002:000025fc       ??_C@_0BF@HJKONEDB@__itt_model_site_end?$AA@ 100195fc     itt_notify.obj
 0002:00002614       ??_C@_0BH@IDPLHABA@__itt_model_site_begin?$AA@ 10019614     itt_notify.obj
 0002:0000262c       ??_C@_0BL@GLLGHEDD@__itt_suppress_clear_range?$AA@ 1001962c     itt_notify.obj
 0002:00002648       ??_C@_0BK@EJIICLPM@__itt_suppress_mark_range?$AA@ 10019648     itt_notify.obj
 0002:00002664       ??_C@_0BD@KGNENPHI@__itt_suppress_pop?$AA@ 10019664     itt_notify.obj
 0002:00002678       ??_C@_0BE@MOLOMFNM@__itt_suppress_push?$AA@ 10019678     itt_notify.obj
 0002:0000268c       ??_C@_0BF@DIEOIMOH@__itt_sync_releasing?$AA@ 1001968c     itt_notify.obj
 0002:000026a4       ??_C@_0BE@GIFMGCLF@__itt_sync_acquired?$AA@ 100196a4     itt_notify.obj
 0002:000026b8       ??_C@_0BC@MCENPEOO@__itt_sync_cancel?$AA@ 100196b8     itt_notify.obj
 0002:000026cc       ??_C@_0BD@CPKFKJEO@__itt_sync_prepare?$AA@ 100196cc     itt_notify.obj
 0002:000026e0       ??_C@_0BD@OFAHOGJG@__itt_sync_destroy?$AA@ 100196e0     itt_notify.obj
 0002:000026f4       ??_C@_0BD@EGHBBMLO@__itt_sync_renameW?$AA@ 100196f4     itt_notify.obj
 0002:00002708       ??_C@_0BD@FKOJKJGJ@__itt_sync_renameA?$AA@ 10019708     itt_notify.obj
 0002:0000271c       ??_C@_0BD@BDMPGHJN@__itt_sync_createW?$AA@ 1001971c     itt_notify.obj
 0002:00002730       ??_C@_0BD@PFHNCEK@__itt_sync_createA?$AA@ 10019730     itt_notify.obj
 0002:00002744       ??_C@_0BE@FOGOAMMO@__itt_enable_attach?$AA@ 10019744     itt_notify.obj
 0002:00002758       ??_C@_0BB@NAOEIHEA@__itt_thr_ignore?$AA@ 10019758     itt_notify.obj
 0002:0000276c       ??_C@_0BE@OGGOOHEH@__itt_thr_name_setW?$AA@ 1001976c     itt_notify.obj
 0002:00002780       ??_C@_0BE@PKPGFCJA@__itt_thr_name_setA?$AA@ 10019780     itt_notify.obj
 0002:00002794       ??_C@_0BE@GBGGMKDN@__itt_thread_ignore?$AA@ 10019794     itt_notify.obj
 0002:000027a8       ??_C@_0BH@BBCLLFLL@__itt_thread_set_nameW?$AA@ 100197a8     itt_notify.obj
 0002:000027c0       ??_C@_0BH@NLDAAGM@__itt_thread_set_nameA?$AA@ 100197c0     itt_notify.obj
 0002:000027d8       ??_C@_0N@PMDEDCGD@__itt_resume?$AA@ 100197d8     itt_notify.obj
 0002:000027e8       ??_C@_0M@OBBFCECB@__itt_pause?$AA@ 100197e8     itt_notify.obj
 0002:000027f4       ??_C@_0BM@LHMDPMNO@__itt_string_handle_createW?$AA@ 100197f4     itt_notify.obj
 0002:00002810       ??_C@_0BM@KLFLEJAJ@__itt_string_handle_createA?$AA@ 10019810     itt_notify.obj
 0002:0000282c       ??_C@_0BF@OFHGFDAE@__itt_domain_createW?$AA@ 1001982c     itt_notify.obj
 0002:00002844       ??_C@_0BF@PJOOOGND@__itt_domain_createA?$AA@ 10019844     itt_notify.obj
 0002:0000285c       ??_C@_0P@PHKFPIJA@KMP_FOR_TCHECK?$AA@ 1001985c     itt_notify.obj
 0002:0000286c       ??_C@_0BB@MEEBFJKA@KMP_FOR_TPROFILE?$AA@ 1001986c     itt_notify.obj
 0002:00002880       ??_C@_06FGACJBDJ@arrays?$AA@ 10019880     itt_notify.obj
 0002:00002888       ??_C@_08OGNBOPN@suppress?$AA@ 10019888     itt_notify.obj
 0002:00002894       ??_C@_09GNENBKCD@structure?$AA@ 10019894     itt_notify.obj
 0002:000028a0       ??_C@_04PKENOLLO@heap?$AA@ 100198a0     itt_notify.obj
 0002:000028a8       ??_C@_06LIGKBDMB@stitch?$AA@ 100198a8     itt_notify.obj
 0002:000028b0       ??_C@_05MIJNFGED@frame?$AA@ 100198b0     itt_notify.obj
 0002:000028b8       ??_C@_07HDOCMLOI@counter?$AA@ 100198b8     itt_notify.obj
 0002:000028c0       ??_C@_05NCCFOPHA@model?$AA@ 100198c0     itt_notify.obj
 0002:000028c8       ??_C@_03IGHFHLNJ@jit?$AA@  100198c8     itt_notify.obj
[...]
 0001:00004d90       ?__itt_model_induction_uses_init_3_0@@YAXPAXI@Z 10005d90 f    CIL library: CIL module
 0001:00004db0       ?__itt_model_reduction_uses_init_3_0@@YAXPAXI@Z 10005db0 f    CIL library: CIL module
 0001:00004dd0       ?__itt_model_observe_uses_init_3_0@@YAXPAXI@Z 10005dd0 f    CIL library: CIL module
 0001:00004df0       ?__itt_model_clear_uses_init_3_0@@YAXPAX@Z 10005df0 f    CIL library: CIL module
 0001:00004e10       ?__itt_model_site_beginW_init_3_0@@YAXPB_W@Z 10005e10 f    CIL library: CIL module
 0001:00004e30       ?__itt_model_task_beginW_init_3_0@@YAXPB_W@Z 10005e30 f    CIL library: CIL module
 0001:00004e50       ?__itt_model_iteration_taskW_init_3_0@@YAXPB_W@Z 10005e50 f    CIL library: CIL module
 0001:00004e70       ?__itt_model_site_beginA_init_3_0@@YAXPBD@Z 10005e70 f    CIL library: CIL module
 0001:00004e90       ?__itt_model_site_beginAL_init_3_0@@YAXPBDI@Z 10005e90 f    CIL library: CIL module
 0001:00004eb0       ?__itt_model_task_beginA_init_3_0@@YAXPBD@Z 10005eb0 f    CIL library: CIL module
 0001:00004ed0       ?__itt_model_task_beginAL_init_3_0@@YAXPBDI@Z 10005ed0 f    CIL library: CIL module
 0001:00004ef0       ?__itt_model_iteration_taskA_init_3_0@@YAXPBD@Z 10005ef0 f    CIL library: CIL module
 0001:00004f10       ?__itt_model_iteration_taskAL_init_3_0@@YAXPBDI@Z 10005f10 f    CIL library: CIL module
 0001:00004f30       ?__itt_model_site_end_2_init_3_0@@YAXXZ 10005f30 f    CIL library: CIL module
 0001:00004f50       ?__itt_model_task_end_2_init_3_0@@YAXXZ 10005f50 f    CIL library: CIL module
 0001:00004f70       ?__itt_model_lock_acquire_2_init_3_0@@YAXPAX@Z 10005f70 f    CIL library: CIL module
 0001:00004f90       ?__itt_model_lock_release_2_init_3_0@@YAXPAX@Z 10005f90 f    CIL library: CIL module
 0001:00004fb0       ?__itt_model_aggregate_task_init_3_0@@YAXI@Z 10005fb0 f    CIL library: CIL module
 0001:00004fd0       ?__itt_model_disable_push_init_3_0@@YAXW4__itt_model_disable@@@Z 10005fd0 f    CIL library: CIL module
 0001:00004ff0       ?__itt_model_disable_pop_init_3_0@@YAXXZ 10005ff0 f    CIL library: CIL module
 0001:00005010       ?__itt_heap_function_createA_init_3_0@@YAPAXPBD0@Z 10006010 f    CIL library: CIL module
 0001:00005030       ?__itt_heap_function_createW_init_3_0@@YAPAXPB_W0@Z 10006030 f    CIL library: CIL module
 0001:00005050       ?__itt_heap_allocate_begin_init_3_0@@YAXPAXIH@Z 10006050 f    CIL library: CIL module
 0001:00005070       ?__itt_heap_allocate_end_init_3_0@@YAXPAXPAPAXIH@Z 10006070 f    CIL library: CIL module
 0001:00005090       ?__itt_heap_free_begin_init_3_0@@YAXPAX0@Z 10006090 f    CIL library: CIL module
 0001:000050b0       ?__itt_heap_free_end_init_3_0@@YAXPAX0@Z 100060b0 f    CIL library: CIL module
 0001:000050d0       ?__itt_heap_reallocate_begin_init_3_0@@YAXPAX0IH@Z 100060d0 f    CIL library: CIL module
 0001:000050f0       ?__itt_heap_reallocate_end_init_3_0@@YAXPAX0PAPAXIH@Z 100060f0 f    CIL library: CIL module
 0001:00005110       ?__itt_heap_internal_access_begin_init_3_0@@YAXXZ 10006110 f    CIL library: CIL module
 0001:00005130       ?__itt_heap_internal_access_end_init_3_0@@YAXXZ 10006130 f    CIL library: CIL module
 0001:00005150       ?__itt_heap_record_memory_growth_begin_init_3_0@@YAXXZ 10006150 f    CIL library: CIL module
 0001:00005170       ?__itt_heap_record_memory_growth_end_init_3_0@@YAXXZ 10006170 f    CIL library: CIL module
 0001:00005190       ?__itt_heap_reset_detection_init_3_0@@YAXI@Z 10006190 f    CIL library: CIL module
 0001:000051b0       ?__itt_heap_record_init_3_0@@YAXI@Z 100061b0 f    CIL library: CIL module
 0001:000051d0       ?__itt_id_create_init_3_0@@YAXPBU___itt_domain@@U___itt_id@@@Z 100061d0 f    CIL library: CIL module
 0001:00005220       ?__itt_id_destroy_init_3_0@@YAXPBU___itt_domain@@U___itt_id@@@Z 10006220 f    CIL library: CIL module
 0001:00005270       ?__itt_get_timestamp_init_3_0@@YA_KXZ 10006270 f    CIL library: CIL module
 0001:00005290       ?__itt_region_begin_init_3_0@@YAXPBU___itt_domain@@U___itt_id@@1PAU___itt_string_handle@@@Z 10006290 f    CIL library: CIL module
 0001:00005310       ?__itt_region_end_init_3_0@@YAXPBU___itt_domain@@U___itt_id@@@Z 10006310 f    CIL library: CIL module
 0001:00005360       ?__itt_frame_begin_v3_init_3_0@@YAXPBU___itt_domain@@PAU___itt_id@@@Z 10006360 f    CIL library: CIL module
 0001:00005380       ?__itt_frame_end_v3_init_3_0@@YAXPBU___itt_domain@@PAU___itt_id@@@Z 10006380 f    CIL library: CIL module
 0001:000053a0       ?__itt_frame_submit_v3_init_3_0@@YAXPBU___itt_domain@@PAU___itt_id@@_K2@Z 100063a0 f    CIL library: CIL module
 0001:000053e0       ?__itt_task_group_init_3_0@@YAXPBU___itt_domain@@U___itt_id@@1PAU___itt_string_handle@@@Z 100063e0 f    CIL library: CIL module
 0001:00005460       ?__itt_task_begin_init_3_0@@YAXPBU___itt_domain@@U___itt_id@@1PAU___itt_string_handle@@@Z 10006460 f    CIL library: CIL module
 0001:000054e0       ?__itt_task_begin_fn_init_3_0@@YAXPBU___itt_domain@@U___itt_id@@1PAX@Z 100064e0 f    CIL library: CIL module
 0001:00005560       ?__itt_task_end_init_3_0@@YAXPBU___itt_domain@@@Z 10006560 f    CIL library: CIL module
 0001:00005580       ?__itt_counter_inc_v3_init_3_0@@YAXPBU___itt_domain@@PAU___itt_string_handle@@@Z 10006580 f    CIL library: CIL module
 0001:000055a0       ?__itt_counter_inc_delta_v3_init_3_0@@YAXPBU___itt_domain@@PAU___itt_string_handle@@_K@Z 100065a0 f    CIL library: CIL module
 0001:000055d0       ?__itt_marker_init_3_0@@YAXPBU___itt_domain@@U___itt_id@@PAU___itt_string_handle@@W4__itt_scope@@@Z 100065d0 f    CIL library: CIL module
 0001:00005630       ?__itt_metadata_add_init_3_0@@YAXPBU___itt_domain@@U___itt_id@@PAU___itt_string_handle@@W4__itt_metadata_type@@IPAX@Z 10006630 f    CIL library: CIL module
 0001:00005690       ?__itt_metadata_str_addA_init_3_0@@YAXPBU___itt_domain@@U___itt_id@@PAU___itt_string_handle@@PBDI@Z 10006690 f    CIL library: CIL module
 0001:000056f0       ?__itt_metadata_str_addW_init_3_0@@YAXPBU___itt_domain@@U___itt_id@@PAU___itt_string_handle@@PB_WI@Z 100066f0 f    CIL library: CIL module
 0001:00005750       ?__itt_relation_add_to_current_init_3_0@@YAXPBU___itt_domain@@W4__itt_relation@@U___itt_id@@@Z 10006750 f    CIL library: CIL module
 0001:000057b0       ?__itt_relation_add_init_3_0@@YAXPBU___itt_domain@@U___itt_id@@W4__itt_relation@@1@Z 100067b0 f    CIL library: CIL module
 0001:00005830       ?__itt_event_createA_init_3_0@@YAHPBDH@Z 10006830 f    CIL library: CIL module
 0001:00005850       ?__itt_event_createW_init_3_0@@YAHPB_WH@Z 10006850 f    CIL library: CIL module
 0001:00005870       ?__itt_event_start_init_3_0@@YAHH@Z 10006870 f    CIL library: CIL module
 0001:00005890       ?__itt_event_end_init_3_0@@YAHH@Z 10006890 f    CIL library: CIL module
 0001:000058b0       ?__itt_sync_set_nameA_init_3_0@@YAXPAXPBD1H@Z 100068b0 f    CIL library: CIL module
 0001:000058d0       ?__itt_sync_set_nameW_init_3_0@@YAXPAXPB_W1H@Z 100068d0 f    CIL library: CIL module
 0001:000058f0       ?__itt_notify_sync_nameA_init_3_0@@YAHPAXPBDH1HH@Z 100068f0 f    CIL library: CIL module
 0001:00005910       ?__itt_notify_sync_nameW_init_3_0@@YAHPAXPB_WH1HH@Z 10006910 f    CIL library: CIL module
 0001:00005930       ?__itt_notify_sync_prepare_init_3_0@@YAXPAX@Z 10006930 f    CIL library: CIL module
 0001:00005950       ?__itt_notify_sync_cancel_init_3_0@@YAXPAX@Z 10006950 f    CIL library: CIL module
 0001:00005970       ?__itt_notify_sync_acquired_init_3_0@@YAXPAX@Z 10006970 f    CIL library: CIL module
 0001:00005990       ?__itt_notify_sync_releasing_init_3_0@@YAXPAX@Z 10006990 f    CIL library: CIL module
 0001:000059b0       ?__itt_memory_read_init_3_0@@YAXPAXI@Z 100069b0 f    CIL library: CIL module
 0001:000059d0       ?__itt_memory_write_init_3_0@@YAXPAXI@Z 100069d0 f    CIL library: CIL module
 0001:000059f0       ?__itt_memory_update_init_3_0@@YAXPAXI@Z 100069f0 f    CIL library: CIL module
 0001:00005a10       ?__itt_state_get_init_3_0@@YAHXZ 10006a10 f    CIL library: CIL module
 0001:00005a30       ?__itt_state_set_init_3_0@@YAHH@Z 10006a30 f    CIL library: CIL module
 0001:00005a50       ?__itt_obj_mode_set_init_3_0@@YA?AW4__itt_obj_state@@W4__itt_obj_prop@@W41@@Z 10006a50 f    CIL library: CIL module
 0001:00005a70       ?__itt_thr_mode_set_init_3_0@@YA?AW4__itt_thr_state@@W4__itt_thr_prop@@W41@@Z 10006a70 f    CIL library: CIL module
 0001:00005a90       ?__itt_frame_createA_init_3_0@@YAPAU__itt_frame_t@@PBD@Z 10006a90 f    CIL library: CIL module
 0001:00005ab0       ?__itt_frame_createW_init_3_0@@YAPAU__itt_frame_t@@PB_W@Z 10006ab0 f    CIL library: CIL module
 0001:00005ad0       ?__itt_frame_begin_init_3_0@@YAXPAU__itt_frame_t@@@Z 10006ad0 f    CIL library: CIL module
 0001:00005af0       ?__itt_frame_end_init_3_0@@YAXPAU__itt_frame_t@@@Z 10006af0 f    CIL library: CIL module
 0001:00005b10       ?__itt_counter_createA_init_3_0@@YAPAU___itt_counter@@PBD0@Z 10006b10 f    CIL library: CIL module
 0001:00005b30       ?__itt_counter_createW_init_3_0@@YAPAU___itt_counter@@PB_W0@Z 10006b30 f    CIL library: CIL module
 0001:00005b50       ?__itt_counter_destroy_init_3_0@@YAXPAU___itt_counter@@@Z 10006b50 f    CIL library: CIL module
 0001:00005b70       ?__itt_counter_inc_init_3_0@@YAXPAU___itt_counter@@@Z 10006b70 f    CIL library: CIL module
 0001:00005b90       ?__itt_counter_inc_delta_init_3_0@@YAXPAU___itt_counter@@_K@Z 10006b90 f    CIL library: CIL module
 0001:00005bc0       ?__itt_mark_createA_init_3_0@@YAHPBD@Z 10006bc0 f    CIL library: CIL module
 0001:00005be0       ?__itt_mark_createW_init_3_0@@YAHPB_W@Z 10006be0 f    CIL library: CIL module
 0001:00005c00       ?__itt_markA_init_3_0@@YAHHPBD@Z 10006c00 f    CIL library: CIL module
 0001:00005c20       ?__itt_markW_init_3_0@@YAHHPB_W@Z 10006c20 f    CIL library: CIL module
 0001:00005c40       ?__itt_mark_off_init_3_0@@YAHH@Z 10006c40 f    CIL library: CIL module
 0001:00005c60       ?__itt_mark_globalA_init_3_0@@YAHHPBD@Z 10006c60 f    CIL library: CIL module
 0001:00005c80       ?__itt_mark_globalW_init_3_0@@YAHHPB_W@Z 10006c80 f    CIL library: CIL module
 0001:00005ca0       ?__itt_mark_global_off_init_3_0@@YAHH@Z 10006ca0 f    CIL library: CIL module
 0001:00005cc0       ?__itt_stack_caller_create_init_3_0@@YAPAU___itt_caller@@XZ 10006cc0 f    CIL library: CIL module
 0001:00005ce0       ?__itt_stack_caller_destroy_init_3_0@@YAXPAU___itt_caller@@@Z 10006ce0 f    CIL library: CIL module
 0001:00005d00       ?__itt_stack_callee_enter_init_3_0@@YAXPAU___itt_caller@@@Z 10006d00 f    CIL library: CIL module
 0001:00005d20       ?__itt_stack_callee_leave_init_3_0@@YAXPAU___itt_caller@@@Z 10006d20 f    CIL library: CIL module
 0001:00005d40       ?__itt_clock_domain_create_init_3_0@@YAPAU___itt_clock_domain@@P6AXPAU___itt_clock_info@@PAX@Z1@Z 10006d40 f    CIL library: CIL module
 0001:00005d60       ?__itt_clock_domain_reset_init_3_0@@YAXXZ 10006d60 f    CIL library: CIL module
 0001:00005d80       ?__itt_id_create_ex_init_3_0@@YAXPBU___itt_domain@@PAU___itt_clock_domain@@_KU___itt_id@@@Z 10006d80 f    CIL library: CIL module
 0001:00005de0       ?__itt_id_destroy_ex_init_3_0@@YAXPBU___itt_domain@@PAU___itt_clock_domain@@_KU___itt_id@@@Z 10006de0 f    CIL library: CIL module
 0001:00005e40       ?__itt_task_begin_ex_init_3_0@@YAXPBU___itt_domain@@PAU___itt_clock_domain@@_KU___itt_id@@3PAU___itt_string_handle@@@Z 10006e40 f    CIL library: CIL module
 0001:00005ed0       ?__itt_task_begin_fn_ex_init_3_0@@YAXPBU___itt_domain@@PAU___itt_clock_domain@@_KU___itt_id@@3PAX@Z 10006ed0 f    CIL library: CIL module
 0001:00005f60       ?__itt_task_end_ex_init_3_0@@YAXPBU___itt_domain@@PAU___itt_clock_domain@@_K@Z 10006f60 f    CIL library: CIL module
 0001:00005f90       ?__itt_task_begin_overlapped_init_3_0@@YAXPBU___itt_domain@@U___itt_id@@1PAU___itt_string_handle@@@Z 10006f90 f    CIL library: CIL module
 0001:00006010       ?__itt_task_begin_overlapped_ex_init_3_0@@YAXPBU___itt_domain@@PAU___itt_clock_domain@@_KU___itt_id@@3PAU___itt_string_handle@@@Z 10007010 f    CIL library: CIL module
 0001:000060a0       ?__itt_task_end_overlapped_init_3_0@@YAXPBU___itt_domain@@U___itt_id@@@Z 100070a0 f    CIL library: CIL module
 0001:000060f0       ?__itt_task_end_overlapped_ex_init_3_0@@YAXPBU___itt_domain@@PAU___itt_clock_domain@@_KU___itt_id@@@Z 100070f0 f    CIL library: CIL module
 0001:00006150       ?__itt_marker_ex_init_3_0@@YAXPBU___itt_domain@@PAU___itt_clock_domain@@_KU___itt_id@@PAU___itt_string_handle@@W4__itt_scope@@@Z 10007150 f    CIL library: CIL module
 0001:000061c0       ?__itt_metadata_add_with_scope_init_3_0@@YAXPBU___itt_domain@@W4__itt_scope@@PAU___itt_string_handle@@W4__itt_metadata_type@@IPAX@Z 100071c0 f    CIL library: CIL module
 0001:000061e0       ?__itt_metadata_str_add_with_scopeA_init_3_0@@YAXPBU___itt_domain@@W4__itt_scope@@PAU___itt_string_handle@@PBDI@Z 100071e0 f    CIL library: CIL module
 0001:00006200       ?__itt_metadata_str_add_with_scopeW_init_3_0@@YAXPBU___itt_domain@@W4__itt_scope@@PAU___itt_string_handle@@PB_WI@Z 10007200 f    CIL library: CIL module
 0001:00006220       ?__itt_relation_add_to_current_ex_init_3_0@@YAXPBU___itt_domain@@PAU___itt_clock_domain@@_KW4__itt_relation@@U___itt_id@@@Z 10007220 f    CIL library: CIL module
 0001:00006280       ?__itt_relation_add_ex_init_3_0@@YAXPBU___itt_domain@@PAU___itt_clock_domain@@_KU___itt_id@@W4__itt_relation@@3@Z 10007280 f    CIL library: CIL module
 0001:00006310       ?__itt_track_group_create_init_3_0@@YAPAU___itt_track_group@@PAU___itt_string_handle@@W4___itt_track_group_type@@@Z 10007310 f    CIL library: CIL module
 0001:00006330       ?__itt_track_create_init_3_0@@YAPAU___itt_track@@PAU___itt_track_group@@PAU___itt_string_handle@@W4___itt_track_type@@@Z 10007330 f    CIL library: CIL module
 0001:00006350       ?__itt_set_track_init_3_0@@YAXPAU___itt_track@@@Z 10007350 f    CIL library: CIL module
 0001:00006370       ?__itt_api_version_init_3_0@@YAPBDXZ 10007370 f    CIL library: CIL module
 0001:00006390       ?__itt_av_saveA_init_3_0@@YAHPAXHPBHHPBDH@Z 10007390 f    CIL library: CIL module
 0001:000063b0       ?__itt_av_saveW_init_3_0@@YAHPAXHPBHHPB_WH@Z 100073b0 f    CIL library: CIL module
 0001:000063d0       ?__itt_report_error@@YAXW4__itt_error_code@@ZZ 100073d0 f    CIL library: CIL module
 0001:000063f0       ?__itt_domain_createW_init_3_0@@YAPAU___itt_domain@@PB_W@Z 100073f0 f    CIL library: CIL module
 0001:00006540       ?__itt_domain_createA_init_3_0@@YAPAU___itt_domain@@PBD@Z 10007540 f    CIL library: CIL module
 0001:00006670       ?__itt_string_handle_createW_init_3_0@@YAPAU___itt_string_handle@@PB_W@Z 10007670 f    CIL library: CIL module
 0001:000067d0       ?__itt_string_handle_createA_init_3_0@@YAPAU___itt_string_handle@@PBD@Z 100077d0 f    CIL library: CIL module
 0001:000068f0       ?__itt_pause_init_3_0@@YAXXZ 100078f0 f    CIL library: CIL module
 0001:00006930       ?__itt_resume_init_3_0@@YAXXZ 10007930 f    CIL library: CIL module
 0001:00006970       ?__itt_thread_set_nameW_init_3_0@@YAXPB_W@Z 10007970 f    CIL library: CIL module
 0001:00006a80       ?__itt_thr_name_setW_init_3_0@@YAHPB_WH@Z 10007a80 f    CIL library: CIL module
 0001:00006aa0       ?__itt_thread_set_nameA_init_3_0@@YAXPBD@Z 10007aa0 f    CIL library: CIL module
 0001:00006bc0       ?__itt_thr_name_setA_init_3_0@@YAHPBDH@Z 10007bc0 f    CIL library: CIL module
 0001:00006be0       ?__itt_thread_ignore_init_3_0@@YAXXZ 10007be0 f    CIL library: CIL module
 0001:00006cd0       ?__itt_thr_ignore_init_3_0@@YAXXZ 10007cd0 f    CIL library: CIL module
 0001:00006ce0       ?__itt_enable_attach_init_3_0@@YAXXZ 10007ce0 f    CIL library: CIL module
 0001:00006cf0       ?__itt_fsplit@@YAPBDPBD0PAPBDPAH@Z 10007cf0 f    CIL library: CIL module
 0001:00006db0       ?__itt_get_env_var@@YAPBDPBD@Z 10007db0 f    CIL library: CIL module
 0001:00006e20       ?__itt_get_groups@@YA?AW4___itt_group_id@@XZ 10007e20 f    CIL library: CIL module
 0001:00007020       ?__itt_lib_version@@YAHPAUHINSTANCE__@@@Z 10008020 f    CIL library: CIL module
 0001:00007060       ?__itt_nullify_all_pointers@@YAXXZ 10008060 f    CIL library: CIL module
 0001:000088a0       ?initMemoryManager@internal@rml@@YA_NXZ 100098a0 f    CIL library: CIL module
 0001:00008950       ?doInitialization@internal@rml@@YA_NXZ 10009950 f    CIL library: CIL module
 0001:00008d50       ?allocateAligned@internal@rml@@YAPAXPAVMemoryPool@12@II@Z 10009d50 f    CIL library: CIL module
 0001:00008e20       ?reallocAligned@internal@rml@@YAPAXPAVMemoryPool@12@PAXII@Z 10009e20 f    CIL library: CIL module
 0001:00008fa0       ?safer_dereference@internal@rml@@YA?AVBackRefIdx@12@PBV312@@Z 10009fa0 f    CIL library: CIL module
 0001:00009030       ?isSmallObject@internal@rml@@YA_NPAX@Z 1000a030 f    CIL library: CIL module
 0001:000090a0       ?isRecognized@internal@rml@@YA_NPAX@Z 1000a0a0 f    CIL library: CIL module
 0001:00009100       ?freeSmallObject@internal@rml@@YAXPAVMemoryPool@12@PAX@Z 1000a100 f    CIL library: CIL module
 0001:000091a0       ?internalPoolMalloc@internal@rml@@YAPAXPAVMemoryPool@12@I@Z 1000a1a0 f    CIL library: CIL module
 0001:00009470       ?internalPoolFree@internal@rml@@YA_NPAVMemoryPool@12@PAXI@Z 1000a470 f    CIL library: CIL module
 0001:000094c0       ?internalMalloc@internal@rml@@YAPAXI@Z 1000a4c0 f    CIL library: CIL module
 0001:00009500       ?internalFree@internal@rml@@YAXPAX@Z 1000a500 f    CIL library: CIL module
 0001:00009550       ?internalMsize@internal@rml@@YAIPAX@Z 1000a550 f    CIL library: CIL module
 0001:0000a470       ??$getIndexOrObjectSize@$00@internal@rml@@YAII@Z 1000b470 f    CIL library: CIL module
 0001:0000a4f0       ??$getIndexOrObjectSize@$0A@@internal@rml@@YAII@Z 1000b4f0 f    CIL library: CIL module
 0001:0000ac76       _flsall                    1000bc76 f   LIBCMT:fflush.obj
 0001:0000b1c4       ___DllMainCRTStartup       1000c1c4 f   LIBCMT:dllcrt0.obj
 0001:0000b526       _doexit                    1000c526 f   LIBCMT:crt0dat.obj
 0001:0000cae3       _siglookup                 1000dae3 f   LIBCMT:winsig.obj
 0001:0000d5fb       _write_char                1000e5fb f   LIBCMT:output.obj
 0001:0000d62e       _write_string              1000e62e f   LIBCMT:output.obj
 0001:0000e63d       _parse_cmdline             1000f63d f   LIBCMT:stdargv.obj
 0001:0000ebea       __onexit_nolock            1000fbea f   LIBCMT:onexit.obj
 0001:0000f7d0       __unwind_handler4          100107d0 f   LIBCMT:exsup4.obj
 0001:0000fe49       ?CPtoLCID@@YAHH@Z          10010e49 f   LIBCMT:mbctype.obj
 0001:0000fe78       ?setSBCS@@YAXPAUthreadmbcinfostruct@@@Z 10010e78 f   LIBCMT:mbctype.obj
 0001:0000fedc       ?setSBUpLow@@YAXPAUthreadmbcinfostruct@@@Z 10010edc f   LIBCMT:mbctype.obj
 0001:00010110       ?getSystemCP@@YAHH@Z       10011110 f   LIBCMT:mbctype.obj
 0001:00010c85       ?__crtCompareStringA_stat@@YAHPAUlocaleinfo_struct@@KKPBDH1HH@Z 10011c85 f   LIBCMT:a_cmp.obj
 0001:0001101f       _findenv                   1001201f f   LIBCMT:setenv.obj
 0001:00011071       _copy_environ              10012071 f   LIBCMT:setenv.obj
 0001:00011313       ?x_ismbbtype_l@@YAHPAUlocaleinfo_struct@@IHH@Z 10012313 f   LIBCMT:ismbbyte.obj
 0001:000115f0       __unwind_handler           100125f0 f   LIBCMT:exsup.obj
 0001:00011d76       ?__crtLCMapStringA_stat@@YAHPAUlocaleinfo_struct@@KKPBDHPADHHH@Z 10012d76 f   LIBCMT:a_map.obj
 0001:00011fa3       ?__crtGetStringTypeA_stat@@YAHPAUlocaleinfo_struct@@KPBDHPAGHHH@Z 10012fa3 f   LIBCMT:a_str.obj
 0001:0001297d       __shift                    1001397d f   LIBCMT:cvt.obj
 0001:000129c2       __cftoe2_l                 100139c2 f   LIBCMT:cvt.obj
 0001:00012f80       __cftof2_l                 10013f80 f   LIBCMT:cvt.obj
 0001:00015644       __hw_cw                    10016644 f   LIBCMT:_ieee87_.obj
 0001:000156d2       ___hw_cw_sse2              100166d2 f   LIBCMT:_ieee87_.obj
