Build started 5/22/2025 4:18:59 PM.
     1>Project "E:\RANSource\_2k10_RanSource\RanSDK\BugTrap\CrashExplorer\CrashExplorer.vcxproj" on node 6 (rebuild target(s)).
     1>InitializeBuildStatus:
         Creating "E:\RANSource\_2k10_RanSource\RanSDK\_Build\Release\CrashExplorer\CrashExplorer.unsuccessfulbuild" because "AlwaysCreate" was specified.
       ClCompile:
         C:\Program Files (x86)\Microsoft Visual Studio 10.0\VC\bin\CL.exe /c /I../../WTL/Include /I../../boost /Zi /nologo /W4 /WX- /O1 /Ob1 /Oy /D WIN32 /D _WINDOWS /D STRICT /D NDEBUG /D _CRT_NONSTDC_NO_DEPRECATE /D _CRT_SECURE_NO_DEPRECATE /D _CRT_NONSTDC_NO_WARNINGS /D _UNICODE /D UNICODE /GF /Gm- /EHsc /MT /GS /fp:precise /Zc:wchar_t /Zc:forScope /GR- /Yc"StdAfx.h" /Fp"E:\RANSource\_2k10_RanSource\RanSDK\_Build\Release\CrashExplorer\CrashExplorer.pch" /Fo"E:\RANSource\_2k10_RanSource\RanSDK\_Build\Release\CrashExplorer\\" /Fd"E:\RANSource\_2k10_RanSource\RanSDK\_Build\Release\CrashExplorer\vc100.pdb" /Gd /TP /analyze- /errorReport:prompt stdafx.cpp
         stdafx.cpp
         C:\Program Files (x86)\Microsoft Visual Studio 10.0\VC\bin\CL.exe /c /I../../WTL/Include /I../../boost /Zi /nologo /W4 /WX- /O1 /Ob1 /Oy /D WIN32 /D _WINDOWS /D STRICT /D NDEBUG /D _CRT_NONSTDC_NO_DEPRECATE /D _CRT_SECURE_NO_DEPRECATE /D _CRT_NONSTDC_NO_WARNINGS /D _UNICODE /D UNICODE /GF /Gm- /EHsc /MT /GS /fp:precise /Zc:wchar_t /Zc:forScope /GR- /Yu"StdAfx.h" /Fp"E:\RANSource\_2k10_RanSource\RanSDK\_Build\Release\CrashExplorer\CrashExplorer.pch" /Fo"E:\RANSource\_2k10_RanSource\RanSDK\_Build\Release\CrashExplorer\\" /Fd"E:\RANSource\_2k10_RanSource\RanSDK\_Build\Release\CrashExplorer\vc100.pdb" /Gd /TP /analyze- /errorReport:prompt AboutDlg.cpp BaseProcessor.cpp BaseTabItem.cpp ComError.cpp CrashExplorer.cpp ExpressModeDlg.cpp MainDlg.cpp ManualModeDlg.cpp MapFileData.cpp MapFileInfo.cpp MapFnInfo.cpp MapLineInfo.cpp MapProcessor.cpp MessageTip.cpp NumEdit.cpp PdbLineInfo.cpp PdbProcessor.cpp RadixEdit.cpp RadixMenu.cpp RegSettings.cpp RuntimeClass.cpp TextObject.cpp ThemeXP.cpp WinVersion.cpp
         AboutDlg.cpp
         BaseProcessor.cpp
         BaseTabItem.cpp
         ComError.cpp
         CrashExplorer.cpp
         ExpressModeDlg.cpp
         MainDlg.cpp
         ManualModeDlg.cpp
         MapFileData.cpp
         MapFileInfo.cpp
         MapFnInfo.cpp
         MapLineInfo.cpp
         MapProcessor.cpp
         MessageTip.cpp
         NumEdit.cpp
         PdbLineInfo.cpp
         PdbProcessor.cpp
         RadixEdit.cpp
         RadixMenu.cpp
         RegSettings.cpp
         Generating Code...
         Compiling...
         RuntimeClass.cpp
         TextObject.cpp
         ThemeXP.cpp
         WinVersion.cpp
         Generating Code...
       ResourceCompile:
         C:\Program Files (x86)\Microsoft SDKs\Windows\v7.0A\bin\rc.exe /D NDEBUG /D _UNICODE /D UNICODE /l"0x0409" /IE:\RANSource\_2k10_RanSource\RanSDK\_Build\Release\CrashExplorer\ /nologo /fo"E:\RANSource\_2k10_RanSource\RanSDK\_Build\Release\CrashExplorer\CrashExplorer.res" CrashExplorer.rc 
       Link:
         C:\Program Files (x86)\Microsoft Visual Studio 10.0\VC\bin\link.exe /ERRORREPORT:PROMPT /OUT:"E:\RANSource\_2k10_RanSource\RanSDK\_Bin\Release\CrashExplorer.exe" /INCREMENTAL:NO /NOLOGO dbghelp.lib msxml6.lib "../../boost/lib32/libboost_regex-vc100-mt-s-x32-1_70.lib" kernel32.lib user32.lib gdi32.lib winspool.lib comdlg32.lib advapi32.lib shell32.lib ole32.lib oleaut32.lib uuid.lib odbc32.lib odbccp32.lib /MANIFEST /ManifestFile:"E:\RANSource\_2k10_RanSource\RanSDK\_Build\Release\CrashExplorer\CrashExplorer.exe.intermediate.manifest" /MANIFESTUAC:"level='asInvoker' uiAccess='false'" /DEBUG /PDB:"E:\RANSource\_2k10_RanSource\RanSDK\_Bin\Release\CrashExplorer.pdb" /SUBSYSTEM:WINDOWS /OPT:REF /OPT:ICF /TLBID:1 /DYNAMICBASE:NO /IMPLIB:"E:\RANSource\_2k10_RanSource\RanSDK\_Bin\Release\CrashExplorer.lib" /MACHINE:X86 E:\RANSource\_2k10_RanSource\RanSDK\_Build\Release\CrashExplorer\CrashExplorer.res
         E:\RANSource\_2k10_RanSource\RanSDK\_Build\Release\CrashExplorer\AboutDlg.obj
         E:\RANSource\_2k10_RanSource\RanSDK\_Build\Release\CrashExplorer\BaseProcessor.obj
         E:\RANSource\_2k10_RanSource\RanSDK\_Build\Release\CrashExplorer\BaseTabItem.obj
         E:\RANSource\_2k10_RanSource\RanSDK\_Build\Release\CrashExplorer\ComError.obj
         E:\RANSource\_2k10_RanSource\RanSDK\_Build\Release\CrashExplorer\CrashExplorer.obj
         E:\RANSource\_2k10_RanSource\RanSDK\_Build\Release\CrashExplorer\ExpressModeDlg.obj
         E:\RANSource\_2k10_RanSource\RanSDK\_Build\Release\CrashExplorer\MainDlg.obj
         E:\RANSource\_2k10_RanSource\RanSDK\_Build\Release\CrashExplorer\ManualModeDlg.obj
         E:\RANSource\_2k10_RanSource\RanSDK\_Build\Release\CrashExplorer\MapFileData.obj
         E:\RANSource\_2k10_RanSource\RanSDK\_Build\Release\CrashExplorer\MapFileInfo.obj
         E:\RANSource\_2k10_RanSource\RanSDK\_Build\Release\CrashExplorer\MapFnInfo.obj
         E:\RANSource\_2k10_RanSource\RanSDK\_Build\Release\CrashExplorer\MapLineInfo.obj
         E:\RANSource\_2k10_RanSource\RanSDK\_Build\Release\CrashExplorer\MapProcessor.obj
         E:\RANSource\_2k10_RanSource\RanSDK\_Build\Release\CrashExplorer\MessageTip.obj
         E:\RANSource\_2k10_RanSource\RanSDK\_Build\Release\CrashExplorer\NumEdit.obj
         E:\RANSource\_2k10_RanSource\RanSDK\_Build\Release\CrashExplorer\PdbLineInfo.obj
         E:\RANSource\_2k10_RanSource\RanSDK\_Build\Release\CrashExplorer\PdbProcessor.obj
         E:\RANSource\_2k10_RanSource\RanSDK\_Build\Release\CrashExplorer\RadixEdit.obj
         E:\RANSource\_2k10_RanSource\RanSDK\_Build\Release\CrashExplorer\RadixMenu.obj
         E:\RANSource\_2k10_RanSource\RanSDK\_Build\Release\CrashExplorer\RegSettings.obj
         E:\RANSource\_2k10_RanSource\RanSDK\_Build\Release\CrashExplorer\RuntimeClass.obj
         E:\RANSource\_2k10_RanSource\RanSDK\_Build\Release\CrashExplorer\stdafx.obj
         E:\RANSource\_2k10_RanSource\RanSDK\_Build\Release\CrashExplorer\TextObject.obj
         E:\RANSource\_2k10_RanSource\RanSDK\_Build\Release\CrashExplorer\ThemeXP.obj
         E:\RANSource\_2k10_RanSource\RanSDK\_Build\Release\CrashExplorer\WinVersion.obj
         CrashExplorer.vcxproj -> E:\RANSource\_2k10_RanSource\RanSDK\_Bin\Release\CrashExplorer.exe
       Manifest:
         C:\Program Files (x86)\Microsoft SDKs\Windows\v7.0A\bin\mt.exe /nologo /verbose /outputresource:"E:\RANSource\_2k10_RanSource\RanSDK\_Bin\Release\CrashExplorer.exe;#1" /manifest E:\RANSource\_2k10_RanSource\RanSDK\_Build\Release\CrashExplorer\CrashExplorer.exe.intermediate.manifest
       FinalizeBuildStatus:
         Deleting file "E:\RANSource\_2k10_RanSource\RanSDK\_Build\Release\CrashExplorer\CrashExplorer.unsuccessfulbuild".
         Touching "E:\RANSource\_2k10_RanSource\RanSDK\_Build\Release\CrashExplorer\CrashExplorer.lastbuildstate".
     1>Done Building Project "E:\RANSource\_2k10_RanSource\RanSDK\BugTrap\CrashExplorer\CrashExplorer.vcxproj" (rebuild target(s)).

Build succeeded.

Time Elapsed 00:00:13.91
