Build started 5/22/2025 4:18:59 PM.
     1>Project "E:\RANSource\_2k10_RanSource\RanSDK\Freetype\builds\win32\vc\freetype.vcxproj" on node 5 (rebuild target(s)).
     1>InitializeBuildStatus:
         Creating "E:\RANSource\_2k10_RanSource\RanSDK\_Build\Release\freetype\freetype.unsuccessfulbuild" because "AlwaysCreate" was specified.
       ClCompile:
         C:\Program Files (x86)\Microsoft Visual Studio 10.0\VC\bin\CL.exe /c /I..\..\..\include /nologo /W4 /WX- /MP /O2 /Ob1 /Oy- /D NDEBUG /D WIN32 /D _LIB /D FT2_BUILD_LIBRARY /D _CRT_NONSTDC_NO_DEPRECATE /D _CRT_SECURE_NO_DEPRECATE /D _CRT_NONSTDC_NO_WARNINGS /D _VC80_UPGRADE=0x0710 /D _MBCS /GF /Gm- /EHsc /MT /GS /Gy /fp:precise /Za /Zc:wchar_t /Zc:forScope /Fo"E:\RANSource\_2k10_RanSource\RanSDK\_Build\Release\freetype\\" /Fd"E:\RANSource\_2k10_RanSource\RanSDK\_Build\Release\freetype\vc100.pdb" /Gd /TC /wd4001 /analyze- /errorReport:prompt ..\..\..\src\autofit\autofit.c ..\..\..\src\bdf\bdf.c ..\..\..\src\cff\cff.c ..\..\..\src\base\ftbase.c ..\..\..\src\base\ftbitmap.c ..\..\..\src\cache\ftcache.c ..\..\..\src\base\ftfstype.c ..\..\..\src\base\ftgasp.c ..\..\..\src\base\ftglyph.c ..\..\..\src\gzip\ftgzip.c ..\..\..\src\base\ftinit.c ..\..\..\src\lzw\ftlzw.c ..\..\..\src\base\ftstroke.c ..\..\..\src\base\ftsystem.c ..\..\..\src\smooth\smooth.c ..\..\..\src\base\ftbbox.c ..\..\..\src\base\ftgxval.c ..\..\..\src\base\ftlcdfil.c ..\..\..\src\base\ftmm.c ..\..\..\src\base\ftotval.c ..\..\..\src\base\ftpatent.c ..\..\..\src\base\ftpfr.c ..\..\..\src\base\ftsynth.c ..\..\..\src\base\fttype1.c ..\..\..\src\base\ftwinfnt.c ..\..\..\src\base\ftxf86.c ..\..\..\src\pcf\pcf.c ..\..\..\src\pfr\pfr.c ..\..\..\src\psaux\psaux.c ..\..\..\src\pshinter\pshinter.c ..\..\..\src\psnames\psmodule.c ..\..\..\src\raster\raster.c ..\..\..\src\sfnt\sfnt.c ..\..\..\src\truetype\truetype.c ..\..\..\src\type1\type1.c ..\..\..\src\cid\type1cid.c ..\..\..\src\type42\type42.c ..\..\..\src\winfonts\winfnt.c
         autofit.c
         bdf.c
         cff.c
         ftbase.c
         ftbitmap.c
         ftcache.c
         ftfstype.c
         ftgasp.c
     1>e:\ransource\_2k10_ransource\ransdk\freetype\src\bdf\bdflib.c(1162): warning C4100: 'lineno' : unreferenced formal parameter
     1>e:\ransource\_2k10_ransource\ransdk\freetype\src\bdf\bdflib.c(1295): warning C4100: 'lineno' : unreferenced formal parameter
         ftglyph.c
         ftgzip.c
         ftinit.c
         ftlzw.c
         ftstroke.c
         ftsystem.c
         smooth.c
         ftbbox.c
         ftgxval.c
         ftlcdfil.c
         ftmm.c
         ftotval.c
         ftpatent.c
         ftpfr.c
         ftsynth.c
         fttype1.c
         ftwinfnt.c
         ftxf86.c
         pcf.c
         pfr.c
         psaux.c
         pshinter.c
         psmodule.c
         raster.c
         sfnt.c
         truetype.c
         type1.c
         type1cid.c
         type42.c
         winfnt.c
         C:\Program Files (x86)\Microsoft Visual Studio 10.0\VC\bin\CL.exe /c /I..\..\..\include /nologo /W4 /WX- /MP /O2 /Ob1 /Oy- /D NDEBUG /D WIN32 /D _LIB /D FT2_BUILD_LIBRARY /D _CRT_NONSTDC_NO_DEPRECATE /D _CRT_SECURE_NO_DEPRECATE /D _CRT_NONSTDC_NO_WARNINGS /D _VC80_UPGRADE=0x0710 /D _MBCS /GF /Gm- /EHsc /MT /GS /Gy /fp:precise /Zc:wchar_t /Zc:forScope /Fo"E:\RANSource\_2k10_RanSource\RanSDK\_Build\Release\freetype\\" /Fd"E:\RANSource\_2k10_RanSource\RanSDK\_Build\Release\freetype\vc100.pdb" /Gd /TC /wd4001 /analyze- /errorReport:prompt ..\ftdebug.c
         ftdebug.c
       Lib:
         C:\Program Files (x86)\Microsoft Visual Studio 10.0\VC\bin\Lib.exe /OUT:"E:\RANSource\_2k10_RanSource\RanSDK\_Lib\Release\freetype.lib" /NOLOGO E:\RANSource\_2k10_RanSource\RanSDK\_Build\Release\freetype\autofit.obj
         E:\RANSource\_2k10_RanSource\RanSDK\_Build\Release\freetype\bdf.obj
         E:\RANSource\_2k10_RanSource\RanSDK\_Build\Release\freetype\cff.obj
         E:\RANSource\_2k10_RanSource\RanSDK\_Build\Release\freetype\ftbase.obj
         E:\RANSource\_2k10_RanSource\RanSDK\_Build\Release\freetype\ftbitmap.obj
         E:\RANSource\_2k10_RanSource\RanSDK\_Build\Release\freetype\ftcache.obj
         E:\RANSource\_2k10_RanSource\RanSDK\_Build\Release\freetype\ftdebug.obj
         E:\RANSource\_2k10_RanSource\RanSDK\_Build\Release\freetype\ftfstype.obj
         E:\RANSource\_2k10_RanSource\RanSDK\_Build\Release\freetype\ftgasp.obj
         E:\RANSource\_2k10_RanSource\RanSDK\_Build\Release\freetype\ftglyph.obj
         E:\RANSource\_2k10_RanSource\RanSDK\_Build\Release\freetype\ftgzip.obj
         E:\RANSource\_2k10_RanSource\RanSDK\_Build\Release\freetype\ftinit.obj
         E:\RANSource\_2k10_RanSource\RanSDK\_Build\Release\freetype\ftlzw.obj
         E:\RANSource\_2k10_RanSource\RanSDK\_Build\Release\freetype\ftstroke.obj
         E:\RANSource\_2k10_RanSource\RanSDK\_Build\Release\freetype\ftsystem.obj
         E:\RANSource\_2k10_RanSource\RanSDK\_Build\Release\freetype\smooth.obj
         E:\RANSource\_2k10_RanSource\RanSDK\_Build\Release\freetype\ftbbox.obj
         E:\RANSource\_2k10_RanSource\RanSDK\_Build\Release\freetype\ftgxval.obj
         E:\RANSource\_2k10_RanSource\RanSDK\_Build\Release\freetype\ftlcdfil.obj
         E:\RANSource\_2k10_RanSource\RanSDK\_Build\Release\freetype\ftmm.obj
         E:\RANSource\_2k10_RanSource\RanSDK\_Build\Release\freetype\ftotval.obj
         E:\RANSource\_2k10_RanSource\RanSDK\_Build\Release\freetype\ftpatent.obj
         E:\RANSource\_2k10_RanSource\RanSDK\_Build\Release\freetype\ftpfr.obj
         E:\RANSource\_2k10_RanSource\RanSDK\_Build\Release\freetype\ftsynth.obj
         E:\RANSource\_2k10_RanSource\RanSDK\_Build\Release\freetype\fttype1.obj
         E:\RANSource\_2k10_RanSource\RanSDK\_Build\Release\freetype\ftwinfnt.obj
         E:\RANSource\_2k10_RanSource\RanSDK\_Build\Release\freetype\ftxf86.obj
         E:\RANSource\_2k10_RanSource\RanSDK\_Build\Release\freetype\pcf.obj
         E:\RANSource\_2k10_RanSource\RanSDK\_Build\Release\freetype\pfr.obj
         E:\RANSource\_2k10_RanSource\RanSDK\_Build\Release\freetype\psaux.obj
         E:\RANSource\_2k10_RanSource\RanSDK\_Build\Release\freetype\pshinter.obj
         E:\RANSource\_2k10_RanSource\RanSDK\_Build\Release\freetype\psmodule.obj
         E:\RANSource\_2k10_RanSource\RanSDK\_Build\Release\freetype\raster.obj
         E:\RANSource\_2k10_RanSource\RanSDK\_Build\Release\freetype\sfnt.obj
         E:\RANSource\_2k10_RanSource\RanSDK\_Build\Release\freetype\truetype.obj
         E:\RANSource\_2k10_RanSource\RanSDK\_Build\Release\freetype\type1.obj
         E:\RANSource\_2k10_RanSource\RanSDK\_Build\Release\freetype\type1cid.obj
         E:\RANSource\_2k10_RanSource\RanSDK\_Build\Release\freetype\type42.obj
         E:\RANSource\_2k10_RanSource\RanSDK\_Build\Release\freetype\winfnt.obj
         freetype.vcxproj -> E:\RANSource\_2k10_RanSource\RanSDK\_Lib\Release\freetype.lib
       FinalizeBuildStatus:
         Deleting file "E:\RANSource\_2k10_RanSource\RanSDK\_Build\Release\freetype\freetype.unsuccessfulbuild".
         Touching "E:\RANSource\_2k10_RanSource\RanSDK\_Build\Release\freetype\freetype.lastbuildstate".
     1>Done Building Project "E:\RANSource\_2k10_RanSource\RanSDK\Freetype\builds\win32\vc\freetype.vcxproj" (rebuild target(s)).

Build succeeded.

Time Elapsed 00:00:03.32
