Build started 5/22/2025 4:18:59 PM.
     1>Project "E:\RANSource\_2k10_RanSource\RanSDK\ZLib\Source\zlibstatic.vcxproj" on node 3 (rebuild target(s)).
     1>InitializeBuildStatus:
         Creating "E:\RANSource\_2k10_RanSource\RanSDK\_Build\Release\zlibstatic\zlibstatic.unsuccessfulbuild" because "AlwaysCreate" was specified.
       ClCompile:
         C:\Program Files (x86)\Microsoft Visual Studio 10.0\VC\bin\CL.exe /c /Z7 /nologo /W3 /WX- /O2 /Ob1 /Oy- /D WIN32 /D _WINDOWS /D NDEBUG /D _CRT_NONSTDC_NO_DEPRECATE /D _CRT_SECURE_NO_DEPRECATE /D _CRT_NONSTDC_NO_WARNINGS /GF /Gm- /MT /GS- /Gy /fp:precise /Zc:wchar_t /Zc:forScope /Fo"E:\RANSource\_2k10_RanSource\RanSDK\_Build\Release\zlibstatic\\" /Fd"E:\RANSource\_2k10_RanSource\RanSDK\_Build\Release\zlibstatic\vc100.pdb" /Gd /TC /analyze- /errorReport:prompt adler32.c compress.c crc32.c deflate.c gzclose.c gzlib.c gzread.c gzwrite.c infback.c inffast.c inflate.c inftrees.c ioapi.c iowin32.c trees.c uncompr.c unzip.c zip.c zutil.c
         adler32.c
         compress.c
         crc32.c
         deflate.c
         gzclose.c
         gzlib.c
         gzread.c
         gzwrite.c
         infback.c
         inffast.c
         inflate.c
         inftrees.c
         ioapi.c
         iowin32.c
         trees.c
         uncompr.c
         unzip.c
         zip.c
         zutil.c
         Generating Code...
       ResourceCompile:
         C:\Program Files (x86)\Microsoft SDKs\Windows\v7.0A\bin\rc.exe /l"0x040c" /nologo /fo"E:\RANSource\_2k10_RanSource\RanSDK\_Build\Release\zlibstatic\zlib.res" zlib.rc 
       Lib:
         C:\Program Files (x86)\Microsoft Visual Studio 10.0\VC\bin\Lib.exe /OUT:"E:\RANSource\_2k10_RanSource\RanSDK\_Lib\Release\zlibstatic.lib" /NOLOGO E:\RANSource\_2k10_RanSource\RanSDK\_Build\Release\zlibstatic\zlib.res
         E:\RANSource\_2k10_RanSource\RanSDK\_Build\Release\zlibstatic\adler32.obj
         E:\RANSource\_2k10_RanSource\RanSDK\_Build\Release\zlibstatic\compress.obj
         E:\RANSource\_2k10_RanSource\RanSDK\_Build\Release\zlibstatic\crc32.obj
         E:\RANSource\_2k10_RanSource\RanSDK\_Build\Release\zlibstatic\deflate.obj
         E:\RANSource\_2k10_RanSource\RanSDK\_Build\Release\zlibstatic\gzclose.obj
         E:\RANSource\_2k10_RanSource\RanSDK\_Build\Release\zlibstatic\gzlib.obj
         E:\RANSource\_2k10_RanSource\RanSDK\_Build\Release\zlibstatic\gzread.obj
         E:\RANSource\_2k10_RanSource\RanSDK\_Build\Release\zlibstatic\gzwrite.obj
         E:\RANSource\_2k10_RanSource\RanSDK\_Build\Release\zlibstatic\infback.obj
         E:\RANSource\_2k10_RanSource\RanSDK\_Build\Release\zlibstatic\inffast.obj
         E:\RANSource\_2k10_RanSource\RanSDK\_Build\Release\zlibstatic\inflate.obj
         E:\RANSource\_2k10_RanSource\RanSDK\_Build\Release\zlibstatic\inftrees.obj
         E:\RANSource\_2k10_RanSource\RanSDK\_Build\Release\zlibstatic\ioapi.obj
         E:\RANSource\_2k10_RanSource\RanSDK\_Build\Release\zlibstatic\iowin32.obj
         E:\RANSource\_2k10_RanSource\RanSDK\_Build\Release\zlibstatic\trees.obj
         E:\RANSource\_2k10_RanSource\RanSDK\_Build\Release\zlibstatic\uncompr.obj
         E:\RANSource\_2k10_RanSource\RanSDK\_Build\Release\zlibstatic\unzip.obj
         E:\RANSource\_2k10_RanSource\RanSDK\_Build\Release\zlibstatic\zip.obj
         E:\RANSource\_2k10_RanSource\RanSDK\_Build\Release\zlibstatic\zutil.obj /MACHINE:X86 /NODEFAULTLIB 
         zlibstatic.vcxproj -> E:\RANSource\_2k10_RanSource\RanSDK\_Lib\Release\zlibstatic.lib
       FinalizeBuildStatus:
         Deleting file "E:\RANSource\_2k10_RanSource\RanSDK\_Build\Release\zlibstatic\zlibstatic.unsuccessfulbuild".
         Touching "E:\RANSource\_2k10_RanSource\RanSDK\_Build\Release\zlibstatic\zlibstatic.lastbuildstate".
     1>Done Building Project "E:\RANSource\_2k10_RanSource\RanSDK\ZLib\Source\zlibstatic.vcxproj" (rebuild target(s)).

Build succeeded.

Time Elapsed 00:00:03.44
