Build started 5/22/2025 4:18:59 PM.
     1>Project "E:\RANSource\_2k10_RanSource\RanSDK\libcpuid\libcpuid\libcpuid.vcxproj" on node 7 (rebuild target(s)).
     1>InitializeBuildStatus:
         Creating "E:\RANSource\_2k10_RanSource\RanSDK\_Build\Release\libcpuid\libcpuid.unsuccessfulbuild" because "AlwaysCreate" was specified.
       ClCompile:
         C:\Program Files (x86)\Microsoft Visual Studio 10.0\VC\bin\CL.exe /c /Z7 /nologo /W3 /WX- /O2 /Oy- /D "VERSION=\"0.4.0\"" /D WIN32 /D _LIB /D NDEBUG /D _CRT_NONSTDC_NO_DEPRECATE /D _CRT_SECURE_NO_DEPRECATE /D _CRT_NONSTDC_NO_WARNINGS /D _MBCS /Gm- /EHsc /MT /GS /fp:precise /Zc:wchar_t /Zc:forScope /Fo"E:\RANSource\_2k10_RanSource\RanSDK\_Build\Release\libcpuid\\" /Fd"E:\RANSource\_2k10_RanSource\RanSDK\_Build\Release\libcpuid\vc100.pdb" /Gd /TC /analyze- /errorReport:prompt "asm-bits.c" cpuid_main.c libcpuid_util.c msrdriver.c rdmsr.c rdtsc.c recog_amd.c recog_intel.c
         asm-bits.c
         cpuid_main.c
         libcpuid_util.c
         msrdriver.c
         rdmsr.c
     1>rdmsr.c(933): warning C4244: 'function' : conversion from 'uint64_t' to 'uint32_t', possible loss of data
         rdtsc.c
         recog_amd.c
         recog_intel.c
         Generating Code...
       Lib:
         C:\Program Files (x86)\Microsoft Visual Studio 10.0\VC\bin\Lib.exe /OUT:"E:\RANSource\_2k10_RanSource\RanSDK\_Lib\Release\libcpuid.lib" /NOLOGO "E:\RANSource\_2k10_RanSource\RanSDK\_Build\Release\libcpuid\asm-bits.obj"
         E:\RANSource\_2k10_RanSource\RanSDK\_Build\Release\libcpuid\cpuid_main.obj
         E:\RANSource\_2k10_RanSource\RanSDK\_Build\Release\libcpuid\libcpuid_util.obj
         E:\RANSource\_2k10_RanSource\RanSDK\_Build\Release\libcpuid\msrdriver.obj
         E:\RANSource\_2k10_RanSource\RanSDK\_Build\Release\libcpuid\rdmsr.obj
         E:\RANSource\_2k10_RanSource\RanSDK\_Build\Release\libcpuid\rdtsc.obj
         E:\RANSource\_2k10_RanSource\RanSDK\_Build\Release\libcpuid\recog_amd.obj
         E:\RANSource\_2k10_RanSource\RanSDK\_Build\Release\libcpuid\recog_intel.obj
         libcpuid.vcxproj -> E:\RANSource\_2k10_RanSource\RanSDK\_Lib\Release\libcpuid.lib
       FinalizeBuildStatus:
         Deleting file "E:\RANSource\_2k10_RanSource\RanSDK\_Build\Release\libcpuid\libcpuid.unsuccessfulbuild".
         Touching "E:\RANSource\_2k10_RanSource\RanSDK\_Build\Release\libcpuid\libcpuid.lastbuildstate".
     1>Done Building Project "E:\RANSource\_2k10_RanSource\RanSDK\libcpuid\libcpuid\libcpuid.vcxproj" (rebuild target(s)).

Build succeeded.

Time Elapsed 00:00:03.05
